******************************************************************************
                  TI ARM Linker Unix v18.12.3                  
******************************************************************************
>> Linked Thu Aug  6 00:48:05 2020

OUTPUT FILE NAME:   <Launchpad_FreeRTOS.out>
ENTRY POINT SYMBOL: "_c_int00"  address: 0000ff5c


MEMORY CONFIGURATION

         name            origin    length      used     unused   attr    fill
----------------------  --------  ---------  --------  --------  ----  --------
  VECTORS               00000000   00000020  00000020  00000000     X
  KERNEL                00000020   00008000  00005694  0000296c  R  X
  FLASH0                00008020   00137fe0  00009dd6  0012e20a  R  X
  STACKS                08000000   00000800  00000000  00000800  RW  
  KRAM                  08000800   00000800  00000104  000006fc  RW  
  RAM                   08001000   0002f000  00002064  0002cf9c  RW  


SEGMENT ALLOCATION MAP

run origin  load origin   length   init length attrs members
----------  ----------- ---------- ----------- ----- -------
00000000    00000000    000056b8   000056b8    r-x
  00000000    00000000    00000020   00000020    r-x .intvecs
  00000020    00000020    0000563c   0000563c    r-x .kernelTEXT
  00005660    00005660    00000058   00000058    r-- .cinit
00008020    00008020    00009dd6   00009dd6    r-x
  00008020    00008020    00009ab4   00009ab4    r-x .text
  00011ad4    00011ad4    00000322   00000322    r-- .const
08000800    08000800    00000104   00000000    rw-
  08000800    08000800    00000104   00000000    rw- .kernelBSS
08001000    08001000    00002064   00000000    rw-
  08001000    08001000    00002000   00000000    rw- .kernelHEAP
  08003000    08003000    00000040   00000000    rw- .bss
  08003040    08003040    00000024   00000000    rw- .data


SECTION ALLOCATION MAP

 output                                  attributes/
section   page    origin      length       input sections
--------  ----  ----------  ----------   ----------------
.intvecs   0    00000000    00000020     
                  00000000    00000020     sys_intvecs.obj (.intvecs)

.kernelTEXT 
*          0    00000020    0000563c     
                  00000020    00002f2c     os_tasks.obj (.kernelTEXT)
                  00002f4c    000012e4     os_queue.obj (.kernelTEXT)
                  00004230    0000081c     os_event_groups.obj (.kernelTEXT)
                  00004a4c    000004b0     os_portasm.obj (.kernelTEXT)
                  00004efc    000003e0     os_port.obj (.kernelTEXT)
                  000052dc    00000380     os_heap.obj (.kernelTEXT)

.cinit     0    00005660    00000058     
                  00005660    0000000c     (.cinit..data.load) [load image, compression = lzss]
                  0000566c    0000000c     (__TI_handler_table)
                  00005678    00000009     (.cinit..kernelBSS.load) [load image, compression = lzss]
                  00005681    00000007     --HOLE-- [fill = 0]
                  00005688    00000008     (.cinit..bss.load) [load image, compression = zero_init]
                  00005690    00000008     (.cinit..kernelHEAP.load) [load image, compression = zero_init]
                  00005698    00000020     (__TI_cinit_table)

.text      0    00008020    00009ab4     
                  00008020    00002cdc     sys_selftest.obj (.text)
                  0000acfc    00000b78     system.obj (.text)
                  0000b874    00000a58     sys_vim.obj (.text)
                  0000c2cc    00000a4a     rtsv7R4_T_be_v3D16_eabi.lib : _printfi.c.obj (.text:__TI_printfi)
                  0000cd16    00000002     --HOLE-- [fill = 0]
                  0000cd18    000009d4     os_mpu_wrappers.obj (.text)
                  0000d6ec    000008ac     pinmux.obj (.text)
                  0000df98    000007b8     sci.obj (.text)
                  0000e750    00000664     errata_SSWF021_45.obj (.text)
                  0000edb4    000005bc     esm.obj (.text)
                  0000f370    0000034c     sys_core.obj (.text)
                  0000f6bc    0000031c     main.obj (.text)
                  0000f9d8    000002cc     sys_vim.obj (.text:retain)
                  0000fca4    000002b8     rtsv7R4_T_be_v3D16_eabi.lib : ull_div32.asm.obj (.text)
                  0000ff5c    00000290     sys_startup.obj (.text:retain)
                  000101ec    00000278     os_heap.obj (.text)
                  00010464    00000248     rtsv7R4_T_be_v3D16_eabi.lib : _printfi.c.obj (.text:_pconv_a)
                  000106ac    00000238     os_list.obj (.text)
                  000108e4    000001b4     os_port.obj (.text)
                  00010a98    000001a0     rtsv7R4_T_be_v3D16_eabi.lib : _printfi.c.obj (.text:_pconv_g)
                  00010c38    00000164     os_tasks.obj (.text)
                  00010d9c    00000114     esm.obj (.text:retain)
                  00010eb0    00000104     rtsv7R4_T_be_v3D16_eabi.lib : _printfi.c.obj (.text:_pconv_e)
                  00010fb4    000000fc                                 : _printfi.c.obj (.text:fcvt)
                  000110b0    000000f0                                 : s_scalbn.c.obj (.text:scalbn)
                  000111a0    000000e8     dabort.obj (.text)
                  00011288    000000e0     rtsv7R4_T_be_v3D16_eabi.lib : s_floor.c.obj (.text:floor)
                  00011368    000000e0     sys_pmu.obj (.text)
                  00011448    000000ad     rtsv7R4_T_be_v3D16_eabi.lib : _printfi.c.obj (.text:_ltostr)
                  000114f5    00000001     --HOLE-- [fill = 0]
                  000114f6    0000009c                                 : memcpy_t2.asm.obj (.text)
                  00011592    00000002     --HOLE-- [fill = 0]
                  00011594    00000094     notification.obj (.text)
                  00011628    0000007a     rtsv7R4_T_be_v3D16_eabi.lib : _printfi.c.obj (.text:_mcpy)
                  000116a2    0000007a                                 : memset_t2.asm.obj (.text)
                  0001171c    00000074                                 : s_frexp.c.obj (.text:frexp)
                  00011790    0000006c                                 : copy_decompress_lzss.c.obj (.text:decompress:lzss:__TI_decompress_lzss)
                  000117fc    00000054                                 : _printfi.c.obj (.text:_ecpy)
                  00011850    00000054                                 : ltoa.c.obj (.text:ltoa)
                  000118a4    00000050                                 : _printfi.c.obj (.text:_pconv_f)
                  000118f4    00000050                                 : atoi.c.obj (.text:atoi)
                  00011944    00000044                                 : autoinit.c.obj (.text:__TI_auto_init_nobinit_nopinit:__TI_auto_init_nobinit_nopinit)
                  00011988    00000040                                 : _printfi.c.obj (.text:_fcpy)
                  000119c8    00000040                                 : sprintf.c.obj (.text:sprintf)
                  00011a08    0000001e                                 : s_copysign.c.obj (.text:copysign)
                  00011a26    0000001c                                 : memccpy.c.obj (.text:memccpy)
                  00011a42    0000001a                                 : sprintf.c.obj (.text:_outs)
                  00011a5c    00000016                                 : strchr.c.obj (.text:strchr)
                  00011a72    00000016                                 : strlen.c.obj (.text:strlen)
                  00011a88    00000012                                 : wcslen.c.obj (.text:wcslen)
                  00011a9a    0000000e                                 : copy_decompress_none.c.obj (.text:decompress:none:__TI_decompress_none)
                  00011aa8    0000000c                                 : copy_zero_init.c.obj (.text:decompress:ZI:__TI_zero_init)
                  00011ab4    0000000a                                 : sprintf.c.obj (.text:_outc)
                  00011abe    00000002     --HOLE-- [fill = 0]
                  00011ac0    00000008                                 : errno.c.obj (.text:__aeabi_errno_addr)
                  00011ac8    00000004                                 : exit.c.obj (.text:abort:abort)
                  00011acc    00000004     sys_phantom.obj (.text:retain)
                  00011ad0    00000004     sys_startup.obj (.text)

.const     0    00011ad4    00000322     
                  00011ad4    00000200     sys_vim.obj (.const:s_vim_init)
                  00011cd4    00000101     rtsv7R4_T_be_v3D16_eabi.lib : ctype.c.obj (.const:.string:_ctypes_)
                  00011dd5    0000000f     main.obj (.const:.string:$P$T2$3)
                  00011de4    00000009     main.obj (.const:.string:$P$T0$1)
                  00011ded    00000009     main.obj (.const:.string:$P$T1$2)

.kernelBSS 
*          0    08000800    00000104     UNINITIALIZED
                  08000800    000000d0     os_tasks.obj (.kernelBSS:uninit)
                  080008d0    00000034     os_tasks.obj (.kernelBSS:init)

.kernelHEAP 
*          0    08001000    00002000     UNINITIALIZED
                  08001000    00002000     os_heap.obj (.kernelHEAP)

.bss       0    08003000    00000040     UNINITIALIZED
                  08003000    00000028     sci.obj (.bss:g_sciTransfer_t)
                  08003028    0000000c     (.common:sharedResource)
                  08003034    00000008     os_heap.obj (.bss:xStart)
                  0800303c    00000004     (.common:xMutex)

.data      0    08003040    00000024     UNINITIALIZED
                  08003040    00000010     os_heap.obj (.data)
                  08003050    00000008     main.obj (.data)
                  08003058    00000008     os_port.obj (.data)
                  08003060    00000004     rtsv7R4_T_be_v3D16_eabi.lib : errno.c.obj (.data)

MODULE SUMMARY

       Module                       code    ro data   rw data
       ------                       ----    -------   -------
    ./
       main.obj                     796     33        24     
    +--+----------------------------+-------+---------+---------+
       Total:                       796     33        24     
                                                             
    ./source/
       os_tasks.obj                 12432   0         260    
       sys_selftest.obj             11484   0         0      
       os_heap.obj                  1528    0         8216   
       os_queue.obj                 4836    0         0      
       sys_vim.obj                  3364    512       0      
       system.obj                   2936    0         0      
       os_mpu_wrappers.obj          2516    0         0      
       pinmux.obj                   2220    0         0      
       os_event_groups.obj          2076    0         0      
       sci.obj                      1976    0         40     
       esm.obj                      1744    0         0      
       errata_SSWF021_45.obj        1636    0         0      
       os_port.obj                  1428    0         8      
       os_portasm.obj               1200    0         0      
       sys_core.obj                 844     0         0      
       sys_startup.obj              660     0         0      
       os_list.obj                  568     0         0      
       dabort.obj                   232     0         0      
       sys_pmu.obj                  224     0         0      
       notification.obj             148     0         0      
       sys_intvecs.obj              32      0         0      
       sys_phantom.obj              4       0         0      
    +--+----------------------------+-------+---------+---------+
       Total:                       54088   512       8524   
                                                             
    /Applications/ti/ccs910/ccs/tools/compiler/ti-cgt-arm_18.12.3.LTS/lib/rtsv7R4_T_be_v3D16_eabi.lib
       _printfi.c.obj               4669    0         0      
       ull_div32.asm.obj            696     0         0      
       ctype.c.obj                  0       257       0      
       s_scalbn.c.obj               240     0         0      
       s_floor.c.obj                224     0         0      
       memcpy_t2.asm.obj            156     0         0      
       memset_t2.asm.obj            122     0         0      
       s_frexp.c.obj                116     0         0      
       copy_decompress_lzss.c.obj   108     0         0      
       sprintf.c.obj                100     0         0      
       ltoa.c.obj                   84      0         0      
       atoi.c.obj                   80      0         0      
       autoinit.c.obj               68      0         0      
       s_copysign.c.obj             30      0         0      
       memccpy.c.obj                28      0         0      
       strchr.c.obj                 22      0         0      
       strlen.c.obj                 22      0         0      
       wcslen.c.obj                 18      0         0      
       copy_decompress_none.c.obj   14      0         0      
       copy_zero_init.c.obj         12      0         0      
       errno.c.obj                  8       0         4      
       exit.c.obj                   4       0         0      
    +--+----------------------------+-------+---------+---------+
       Total:                       6821    257       4      
                                                             
       Linker Generated:            0       81        0      
    +--+----------------------------+-------+---------+---------+
       Grand Total:                 61705   883       8552   


LINKER GENERATED COPY TABLES

__TI_cinit_table @ 00005698 records: 4, size/record: 8, table size: 32
	.data: load addr=00005660, load size=0000000c bytes, run addr=08003040, run size=00000024 bytes, compression=lzss
	.kernelBSS: load addr=00005678, load size=00000009 bytes, run addr=08000800, run size=00000104 bytes, compression=lzss
	.bss: load addr=00005688, load size=00000008 bytes, run addr=08003000, run size=00000040 bytes, compression=zero_init
	.kernelHEAP: load addr=00005690, load size=00000008 bytes, run addr=08001000, run size=00002000 bytes, compression=zero_init


LINKER GENERATED HANDLER TABLE

__TI_handler_table @ 0000566c records: 3, size/record: 4, table size: 12
	index: 0, handler: __TI_decompress_lzss
	index: 1, handler: __TI_decompress_none
	index: 2, handler: __TI_zero_init


GLOBAL SYMBOLS: SORTED ALPHABETICALLY BY Name 

address   name                                  
-------   ----                                  
00011ac9  C$$EXIT                               
0000cee8  MPU_eTaskGetState                     
0000d050  MPU_pcTaskGetName                     
0000d130  MPU_pvTaskGetThreadLocalStoragePointer
0000d248  MPU_ulTaskNotifyTake                  
0000d404  MPU_uxQueueMessagesWaiting            
0000d438  MPU_uxQueueSpacesAvailable            
0000d024  MPU_uxTaskGetNumberOfTasks            
0000d0b8  MPU_uxTaskGetStackHighWaterMark       
0000ceb4  MPU_uxTaskPriorityGet                 
0000d6c0  MPU_vEventGroupDelete                 
0000d46c  MPU_vQueueDelete                      
0000cdc0  MPU_vTaskAllocateMPURegions           
0000ce20  MPU_vTaskDelay                        
0000ce4c  MPU_vTaskDelayUntil                   
0000cdf4  MPU_vTaskDelete                       
0000cf1c  MPU_vTaskPrioritySet                  
0000cf7c  MPU_vTaskResume                       
0000d0ec  MPU_vTaskSetThreadLocalStoragePointer 
0000d2c0  MPU_vTaskSetTimeOutState              
0000cf50  MPU_vTaskSuspend                      
0000cfa8  MPU_vTaskSuspendAll                   
0000d5e4  MPU_xEventGroupClearBits              
0000d55c  MPU_xEventGroupCreate                 
0000d628  MPU_xEventGroupSetBits                
0000d66c  MPU_xEventGroupSync                   
0000d588  MPU_xEventGroupWaitBits               
0000d498  MPU_xQueueCreateMutex                 
0000d4cc  MPU_xQueueGenericCreate               
0000d3b0  MPU_xQueueGenericReceive              
0000d518  MPU_xQueueGenericReset                
0000d35c  MPU_xQueueGenericSend                 
0000ce80  MPU_xTaskAbortDelay                   
0000d2ec  MPU_xTaskCheckForTimeOut              
0000cd18  MPU_xTaskCreate                       
0000cd7c  MPU_xTaskCreateRestricted             
0000d1a0  MPU_xTaskGenericNotify                
0000d084  MPU_xTaskGetHandle                    
0000d174  MPU_xTaskGetIdleTaskHandle            
0000d330  MPU_xTaskGetSchedulerState            
0000cff8  MPU_xTaskGetTickCount                 
0000d28c  MPU_xTaskNotifyStateClear             
0000d1f4  MPU_xTaskNotifyWait                   
0000cfcc  MPU_xTaskResumeAll                    
UNDEFED   SHT$$INIT_ARRAY$$Base                 
UNDEFED   SHT$$INIT_ARRAY$$Limit                
00005698  __TI_CINIT_Base                       
000056b8  __TI_CINIT_Limit                      
0000566c  __TI_Handler_Table_Base               
00005678  __TI_Handler_Table_Limit              
0000f6b4  __TI_PINIT_Base                       
0000f6b8  __TI_PINIT_Limit                      
00011945  __TI_auto_init_nobinit_nopinit        
00011791  __TI_decompress_lzss                  
00011a9b  __TI_decompress_none                  
ffffffff  __TI_pprof_out_hndl                   
0000c2cd  __TI_printfi                          
ffffffff  __TI_prof_data_size                   
ffffffff  __TI_prof_data_start                  
00000000  __TI_static_base__                    
00011aa9  __TI_zero_init                        
00011ac1  __aeabi_errno_addr                    
000116a3  __aeabi_memclr                        
000116a3  __aeabi_memclr4                       
000116a3  __aeabi_memclr8                       
000114f7  __aeabi_memcpy                        
000114f7  __aeabi_memcpy4                       
000114f7  __aeabi_memcpy8                       
000116a5  __aeabi_memset                        
000116a5  __aeabi_memset4                       
000116a5  __aeabi_memset8                       
0000fca4  __aeabi_uldivmod                      
ffffffff  __binit__                             
ffffffff  __c_args__                            
0000ff5c  _c_int00                              
0000f5cc  _coreClearAuxiliaryDataFault_         
0000f5e0  _coreClearAuxiliaryInstructionFault_  
0000f5a4  _coreClearDataFaultAddress_           
0000f57c  _coreClearDataFault_                  
0000f5b8  _coreClearInstructionFaultAddress_    
0000f590  _coreClearInstructionFault_           
0000f510  _coreDisableEventBusExport_           
0000f554  _coreDisableFlashEcc_                 
0000f530  _coreDisableRamEcc_                   
0000f500  _coreEnableEventBusExport_            
0000f540  _coreEnableFlashEcc_                  
0000f564  _coreEnableIrqVicOffset_              
0000f520  _coreEnableRamEcc_                    
0000f4e8  _coreEnableVfp_                       
0000f5c4  _coreGetAuxiliaryDataFault_           
0000f5d8  _coreGetAuxiliaryInstructionFault_    
0000f59c  _coreGetDataFaultAddress_             
0000f574  _coreGetDataFault_                    
0000f5b0  _coreGetInstructionFaultAddress_      
0000f588  _coreGetInstructionFault_             
0000f370  _coreInitRegisters_                   
0000f47c  _coreInitStackPointer_                
00011cd4  _ctypes_                              
000111a0  _dabort                               
0000f5f4  _disable_FIQ_interrupt_               
0000f5fc  _disable_IRQ_interrupt_               
0000f5ec  _disable_interrupt_                   
0000f604  _enable_interrupt_                    
0000f694  _errata_CORTEXR4_57_                  
0000f6a4  _errata_CORTEXR4_66_                  
0000e750  _errata_SSWF021_45_both_plls          
0000e944  _errata_SSWF021_45_pll1               
0000eabc  _errata_SSWF021_45_pll2               
0000f60c  _esmCcmErrorsClear_                   
0000f4c8  _getCPSRValue_                        
0000f4d0  _gotoCPUIdle_                         
000113c4  _pmuDisableCountersGlobal_            
000113b4  _pmuEnableCountersGlobal_             
00011420  _pmuGetCycleCount_                    
00011428  _pmuGetEventCount_                    
00011434  _pmuGetOverflow_                      
00011368  _pmuInit_                             
000113f4  _pmuResetCounters_                    
000113d4  _pmuResetCycleCounter_                
000113e4  _pmuResetEventCounters_               
00011414  _pmuSetCountEvent_                    
00011404  _pmuStartCounters_                    
0001140c  _pmuStopCounters_                     
UNDEFED   _system_post_cinit                    
00011ac9  abort                                 
0000926c  adc1ParityCheck                       
00009358  adc2ParityCheck                       
000118f5  atoi                                  
ffffffff  binit                                 
00009410  can1ParityCheck                       
000094e8  can2ParityCheck                       
000095b0  can3ParityCheck                       
00008030  ccmSelfCheck                          
0000a6fc  ccmr4GetConfigValue                   
00008938  checkB0RAMECC                         
00008b28  checkB1RAMECC                         
00009c18  checkClockMonitor                     
00008d18  checkFlashECC                         
00009cf4  checkFlashEEPROMECC                   
00009e8c  checkPLL1Slip                         
00009f8c  checkPLL2Slip                         
0000a050  checkRAMAddrParity                    
000099d0  checkRAMECC                           
0000a15c  checkRAMUERRTest                      
000087bc  checkefcSelfTest                      
00011a09  copysign                              
00011a09  copysignl                             
00008234  cpuSelfTest                           
00008dfc  cpuSelfTestFail                       
0000b794  customTrimLPO                         
00008df4  custom_dabort                         
0000ab58  disableParity                         
00011614  dmaGroupANotification                 
00008eac  dmaParityCheck                        
00001f54  eTaskConfirmSleepModeStatus           
000008a8  eTaskGetState                         
00008660  efcCheck                              
0000a660  efcGetConfigValue                     
00008794  efcSelfTest                           
000086e8  efcStuckZeroTest                      
0000aad0  enableParity                          
0000a76c  errata_PBIST_4                        
08003060  errno                                 
0000ef38  esmActivateNormalOperation            
0000f00c  esmClearStatus                        
0000f04c  esmClearStatusBuffer                  
0000ef00  esmDisableError                       
0000ef70  esmDisableInterrupt                   
0000eed8  esmEnableError                        
0000ef48  esmEnableInterrupt                    
0000f144  esmEnterSelfTest                      
0000eebc  esmError                              
0000f21c  esmGetConfigValue                     
0000f088  esmGetStatus                          
0000f10c  esmGetStatusBuffer                    
00011594  esmGroup1Notification                 
000115a4  esmGroup2Notification                 
00010d9c  esmHighInterrupt                      
0000edb4  esmInit                               
0000f1cc  esmSelfTestStatus                     
0000f068  esmSetCounterPreloadValue             
0000ef98  esmSetInterruptLevel                  
0000ef28  esmTriggerErrorPinReset               
00011289  floor                                 
00011289  floorl                                
0000a2c4  fmcBus1ParityCheck                    
0000885c  fmcBus2Check                          
00008898  fmcECCcheck                           
0001171d  frexp                                 
0001171d  frexpl                                
000115ec  gioNotification                       
00011ad0  handlePLLLockFail                     
00008f58  het1ParityCheck                       
000090c0  het2ParityCheck                       
00009004  htu1ParityCheck                       
000091bc  htu2ParityCheck                       
000110b1  ldexp                                 
000110b1  ldexpl                                
00011851  ltoa                                  
0000f8d4  main                                  
0000ae6c  mapClocks                             
00011a27  memccpy                               
000114f7  memcpy                                
00008174  memoryInit                            
000115b4  memoryPort0TestFailNotification       
000115d0  memoryPort1TestFailNotification       
000116ab  memset                                
00009684  mibspi1ParityCheck                    
0000978c  mibspi3ParityCheck                    
000098b0  mibspi5ParityCheck                    
0000d6ec  muxInit                               
0000a3ec  pbistFail                             
0000a470  pbistGetConfigValue                   
000085a8  pbistIsTestCompleted                  
000085d4  pbistIsTestPassed                     
00008608  pbistPortTestStatus                   
000084ac  pbistRun                              
000082cc  pbistSelfCheck                        
00008578  pbistStop                             
00001390  pcTaskGetName                         
0000ae18  periphInit                            
00011acc  phantomInterrupt                      
0000db88  pinmuxGetConfigValue                  
00004ed4  prvMpuDisable                         
00004ebc  prvMpuEnable                          
00004ea4  prvMpuSetRegion                       
000052dc  pvPortMalloc                          
00002034  pvTaskGetThreadLocalStoragePointer    
000026ac  pvTaskIncrementMutexHeldCount         
080008d0  pxCurrentTCB                          
00004efc  pxPortInitialiseStack                 
00000000  resetEntry                            
000110b1  scalbn                                
000110b1  scalbnl                               
0000e460  sciDisableLoopback                    
0000e4ec  sciDisableNotification                
0000e42c  sciEnableLoopback                     
0000e484  sciEnableNotification                 
0000e554  sciEnterResetState                    
0000e574  sciExitResetState                     
0000df98  sciInit                               
0000e2dc  sciIsIdleDetected                     
0000e2c0  sciIsRxReady                          
0000e140  sciIsTxReady                          
00011600  sciNotification                       
0000e354  sciReceive                            
0000e328  sciReceiveByte                        
0000e2f8  sciRxError                            
0000e18c  sciSend                               
0000e15c  sciSendByte                           
0000e0a4  sciSetBaudrate                        
0000e084  sciSetFunctional                      
0000e594  scilinGetConfigValue                  
00008020  selftestFailNotification              
0000add8  setupFlash                            
0000acfc  setupPLL                              
08003028  sharedResource                        
000119c9  sprintf                               
0000b658  sramGetConfigValue                    
0000a5bc  stcGetConfigValue                     
000081b8  stcSelfCheck                          
00008df8  stcSelfCheckFail                      
00011a5d  strchr                                
00011a73  strlen                                
0000b090  systemGetConfigValue                  
0000af94  systemInit                            
0000b060  systemPowerDown                       
0000f6bc  task1                                 
08003050  task1Handler                          
0000f7c8  task2                                 
08003054  task2Handler                          
0000b4ac  tcmflashGetConfigValue                
0000ad5c  trimLPO                               
08003058  ulCriticalNesting                     
00004dcc  ulPortCountLeadingZeros               
0800305c  ulTaskHasFPUContext                   
000026e0  ulTaskNotifyTake                      
00010858  uxListRemove                          
00003d38  uxQueueMessagesWaiting                
00003dbc  uxQueueMessagesWaitingFromISR         
00003d70  uxQueueSpacesAvailable                
00001384  uxTaskGetNumberOfTasks                
00002278  uxTaskGetStackHighWaterMark           
000009ac  uxTaskPriorityGet                     
000009f0  uxTaskPriorityGetFromISR              
00002670  uxTaskResetEventItemValue             
000049c4  vEventGroupClearBitsCallback          
00004924  vEventGroupDelete                     
000049a8  vEventGroupSetBitsCallback            
000106ac  vListInitialise                       
00010704  vListInitialiseItem                   
00010794  vListInsert                           
00010720  vListInsertEnd                        
000052a8  vPortEndScheduler                     
00005534  vPortFree                             
00005644  vPortInitialiseBlocks                 
00004dc0  vPortInitialiseFPSCR                  
00004cc0  vPortPreemptiveTick                   
00004dd4  vPortSWI                              
00004a50  vPortStartFirstTask                   
00005010  vPortStoreTaskMPUSettings             
00004bcc  vPortYeildWithinAPI                   
00004ae0  vPortYieldProcessor                   
00003dec  vQueueDelete                          
000020a0  vTaskAllocateMPURegions               
00000824  vTaskDelay                            
000006b8  vTaskDelayUntil                       
00000550  vTaskDelete                           
000010c0  vTaskEndScheduler                     
00001f44  vTaskMissedYield                      
00002ca4  vTaskNotifyGiveFromISR                
00001b0c  vTaskPlaceOnEventList                 
00001b50  vTaskPlaceOnUnorderedEventList        
000023ac  vTaskPriorityInherit                  
00000a38  vTaskPrioritySet                      
00000e5c  vTaskResume                           
00001fd0  vTaskSetThreadLocalStoragePointer     
00001dcc  vTaskSetTimeOutState                  
00001028  vTaskStartScheduler                   
000016a8  vTaskStepTick                         
00000c54  vTaskSuspend                          
000010dc  vTaskSuspendAll                       
00001a2c  vTaskSwitchContext                    
0000b948  vimChannelMap                         
0000bbb4  vimDisableInterrupt                   
0000b9ec  vimEnableInterrupt                    
0000bc60  vimGetConfigValue                     
0000b874  vimInit                               
00008e00  vimParityCheck                        
0000f9d8  vimParityErrorHandler                 
00011a89  wcslen                                
000046c0  xEventGroupClearBits                  
00004230  xEventGroupCreate                     
00004744  xEventGroupGetBitsFromISR             
00004774  xEventGroupSetBits                    
0000426c  xEventGroupSync                       
0000446c  xEventGroupWaitBits                   
0800303c  xMutex                                
0000562c  xPortGetFreeHeapSize                  
00005638  xPortGetMinimumEverFreeHeapSize       
00005284  xPortStartScheduler                   
000031e4  xQueueCreateMutex                     
00003074  xQueueGenericCreate                   
000037e4  xQueueGenericReceive                  
00002f4c  xQueueGenericReset                    
00003228  xQueueGenericSend                     
000034e8  xQueueGenericSendFromISR              
00003678  xQueueGiveFromISR                     
00004154  xQueueIsQueueEmptyFromISR             
000041e0  xQueueIsQueueFullFromISR              
00003c44  xQueuePeekFromISR                     
00003afc  xQueueReceiveFromISR                  
00001704  xTaskAbortDelay                       
00001e0c  xTaskCheckForTimeOut                  
000000fc  xTaskCreate                           
00000020  xTaskCreateRestricted                 
000028d4  xTaskGenericNotify                    
00002aa4  xTaskGenericNotifyFromISR             
00002340  xTaskGetCurrentTaskHandle             
0000156c  xTaskGetHandle                        
00001670  xTaskGetIdleTaskHandle                
0000235c  xTaskGetSchedulerState                
00001344  xTaskGetTickCount                     
00001360  xTaskGetTickCountFromISR              
00001804  xTaskIncrementTick                    
00010d20  xTaskNotifyStateClear                 
000027bc  xTaskNotifyWait                       
00002508  xTaskPriorityDisinherit               
00001bd4  xTaskRemoveFromEventList              
00001cc4  xTaskRemoveFromUnorderedEventList     
00001194  xTaskResumeAll                        
00000f40  xTaskResumeFromISR                    


GLOBAL SYMBOLS: SORTED BY Symbol Address 

address   name                                  
-------   ----                                  
00000000  __TI_static_base__                    
00000000  resetEntry                            
00000020  xTaskCreateRestricted                 
000000fc  xTaskCreate                           
00000550  vTaskDelete                           
000006b8  vTaskDelayUntil                       
00000824  vTaskDelay                            
000008a8  eTaskGetState                         
000009ac  uxTaskPriorityGet                     
000009f0  uxTaskPriorityGetFromISR              
00000a38  vTaskPrioritySet                      
00000c54  vTaskSuspend                          
00000e5c  vTaskResume                           
00000f40  xTaskResumeFromISR                    
00001028  vTaskStartScheduler                   
000010c0  vTaskEndScheduler                     
000010dc  vTaskSuspendAll                       
00001194  xTaskResumeAll                        
00001344  xTaskGetTickCount                     
00001360  xTaskGetTickCountFromISR              
00001384  uxTaskGetNumberOfTasks                
00001390  pcTaskGetName                         
0000156c  xTaskGetHandle                        
00001670  xTaskGetIdleTaskHandle                
000016a8  vTaskStepTick                         
00001704  xTaskAbortDelay                       
00001804  xTaskIncrementTick                    
00001a2c  vTaskSwitchContext                    
00001b0c  vTaskPlaceOnEventList                 
00001b50  vTaskPlaceOnUnorderedEventList        
00001bd4  xTaskRemoveFromEventList              
00001cc4  xTaskRemoveFromUnorderedEventList     
00001dcc  vTaskSetTimeOutState                  
00001e0c  xTaskCheckForTimeOut                  
00001f44  vTaskMissedYield                      
00001f54  eTaskConfirmSleepModeStatus           
00001fd0  vTaskSetThreadLocalStoragePointer     
00002034  pvTaskGetThreadLocalStoragePointer    
000020a0  vTaskAllocateMPURegions               
00002278  uxTaskGetStackHighWaterMark           
00002340  xTaskGetCurrentTaskHandle             
0000235c  xTaskGetSchedulerState                
000023ac  vTaskPriorityInherit                  
00002508  xTaskPriorityDisinherit               
00002670  uxTaskResetEventItemValue             
000026ac  pvTaskIncrementMutexHeldCount         
000026e0  ulTaskNotifyTake                      
000027bc  xTaskNotifyWait                       
000028d4  xTaskGenericNotify                    
00002aa4  xTaskGenericNotifyFromISR             
00002ca4  vTaskNotifyGiveFromISR                
00002f4c  xQueueGenericReset                    
00003074  xQueueGenericCreate                   
000031e4  xQueueCreateMutex                     
00003228  xQueueGenericSend                     
000034e8  xQueueGenericSendFromISR              
00003678  xQueueGiveFromISR                     
000037e4  xQueueGenericReceive                  
00003afc  xQueueReceiveFromISR                  
00003c44  xQueuePeekFromISR                     
00003d38  uxQueueMessagesWaiting                
00003d70  uxQueueSpacesAvailable                
00003dbc  uxQueueMessagesWaitingFromISR         
00003dec  vQueueDelete                          
00004154  xQueueIsQueueEmptyFromISR             
000041e0  xQueueIsQueueFullFromISR              
00004230  xEventGroupCreate                     
0000426c  xEventGroupSync                       
0000446c  xEventGroupWaitBits                   
000046c0  xEventGroupClearBits                  
00004744  xEventGroupGetBitsFromISR             
00004774  xEventGroupSetBits                    
00004924  vEventGroupDelete                     
000049a8  vEventGroupSetBitsCallback            
000049c4  vEventGroupClearBitsCallback          
00004a50  vPortStartFirstTask                   
00004ae0  vPortYieldProcessor                   
00004bcc  vPortYeildWithinAPI                   
00004cc0  vPortPreemptiveTick                   
00004dc0  vPortInitialiseFPSCR                  
00004dcc  ulPortCountLeadingZeros               
00004dd4  vPortSWI                              
00004ea4  prvMpuSetRegion                       
00004ebc  prvMpuEnable                          
00004ed4  prvMpuDisable                         
00004efc  pxPortInitialiseStack                 
00005010  vPortStoreTaskMPUSettings             
00005284  xPortStartScheduler                   
000052a8  vPortEndScheduler                     
000052dc  pvPortMalloc                          
00005534  vPortFree                             
0000562c  xPortGetFreeHeapSize                  
00005638  xPortGetMinimumEverFreeHeapSize       
00005644  vPortInitialiseBlocks                 
0000566c  __TI_Handler_Table_Base               
00005678  __TI_Handler_Table_Limit              
00005698  __TI_CINIT_Base                       
000056b8  __TI_CINIT_Limit                      
00008020  selftestFailNotification              
00008030  ccmSelfCheck                          
00008174  memoryInit                            
000081b8  stcSelfCheck                          
00008234  cpuSelfTest                           
000082cc  pbistSelfCheck                        
000084ac  pbistRun                              
00008578  pbistStop                             
000085a8  pbistIsTestCompleted                  
000085d4  pbistIsTestPassed                     
00008608  pbistPortTestStatus                   
00008660  efcCheck                              
000086e8  efcStuckZeroTest                      
00008794  efcSelfTest                           
000087bc  checkefcSelfTest                      
0000885c  fmcBus2Check                          
00008898  fmcECCcheck                           
00008938  checkB0RAMECC                         
00008b28  checkB1RAMECC                         
00008d18  checkFlashECC                         
00008df4  custom_dabort                         
00008df8  stcSelfCheckFail                      
00008dfc  cpuSelfTestFail                       
00008e00  vimParityCheck                        
00008eac  dmaParityCheck                        
00008f58  het1ParityCheck                       
00009004  htu1ParityCheck                       
000090c0  het2ParityCheck                       
000091bc  htu2ParityCheck                       
0000926c  adc1ParityCheck                       
00009358  adc2ParityCheck                       
00009410  can1ParityCheck                       
000094e8  can2ParityCheck                       
000095b0  can3ParityCheck                       
00009684  mibspi1ParityCheck                    
0000978c  mibspi3ParityCheck                    
000098b0  mibspi5ParityCheck                    
000099d0  checkRAMECC                           
00009c18  checkClockMonitor                     
00009cf4  checkFlashEEPROMECC                   
00009e8c  checkPLL1Slip                         
00009f8c  checkPLL2Slip                         
0000a050  checkRAMAddrParity                    
0000a15c  checkRAMUERRTest                      
0000a2c4  fmcBus1ParityCheck                    
0000a3ec  pbistFail                             
0000a470  pbistGetConfigValue                   
0000a5bc  stcGetConfigValue                     
0000a660  efcGetConfigValue                     
0000a6fc  ccmr4GetConfigValue                   
0000a76c  errata_PBIST_4                        
0000aad0  enableParity                          
0000ab58  disableParity                         
0000acfc  setupPLL                              
0000ad5c  trimLPO                               
0000add8  setupFlash                            
0000ae18  periphInit                            
0000ae6c  mapClocks                             
0000af94  systemInit                            
0000b060  systemPowerDown                       
0000b090  systemGetConfigValue                  
0000b4ac  tcmflashGetConfigValue                
0000b658  sramGetConfigValue                    
0000b794  customTrimLPO                         
0000b874  vimInit                               
0000b948  vimChannelMap                         
0000b9ec  vimEnableInterrupt                    
0000bbb4  vimDisableInterrupt                   
0000bc60  vimGetConfigValue                     
0000c2cd  __TI_printfi                          
0000cd18  MPU_xTaskCreate                       
0000cd7c  MPU_xTaskCreateRestricted             
0000cdc0  MPU_vTaskAllocateMPURegions           
0000cdf4  MPU_vTaskDelete                       
0000ce20  MPU_vTaskDelay                        
0000ce4c  MPU_vTaskDelayUntil                   
0000ce80  MPU_xTaskAbortDelay                   
0000ceb4  MPU_uxTaskPriorityGet                 
0000cee8  MPU_eTaskGetState                     
0000cf1c  MPU_vTaskPrioritySet                  
0000cf50  MPU_vTaskSuspend                      
0000cf7c  MPU_vTaskResume                       
0000cfa8  MPU_vTaskSuspendAll                   
0000cfcc  MPU_xTaskResumeAll                    
0000cff8  MPU_xTaskGetTickCount                 
0000d024  MPU_uxTaskGetNumberOfTasks            
0000d050  MPU_pcTaskGetName                     
0000d084  MPU_xTaskGetHandle                    
0000d0b8  MPU_uxTaskGetStackHighWaterMark       
0000d0ec  MPU_vTaskSetThreadLocalStoragePointer 
0000d130  MPU_pvTaskGetThreadLocalStoragePointer
0000d174  MPU_xTaskGetIdleTaskHandle            
0000d1a0  MPU_xTaskGenericNotify                
0000d1f4  MPU_xTaskNotifyWait                   
0000d248  MPU_ulTaskNotifyTake                  
0000d28c  MPU_xTaskNotifyStateClear             
0000d2c0  MPU_vTaskSetTimeOutState              
0000d2ec  MPU_xTaskCheckForTimeOut              
0000d330  MPU_xTaskGetSchedulerState            
0000d35c  MPU_xQueueGenericSend                 
0000d3b0  MPU_xQueueGenericReceive              
0000d404  MPU_uxQueueMessagesWaiting            
0000d438  MPU_uxQueueSpacesAvailable            
0000d46c  MPU_vQueueDelete                      
0000d498  MPU_xQueueCreateMutex                 
0000d4cc  MPU_xQueueGenericCreate               
0000d518  MPU_xQueueGenericReset                
0000d55c  MPU_xEventGroupCreate                 
0000d588  MPU_xEventGroupWaitBits               
0000d5e4  MPU_xEventGroupClearBits              
0000d628  MPU_xEventGroupSetBits                
0000d66c  MPU_xEventGroupSync                   
0000d6c0  MPU_vEventGroupDelete                 
0000d6ec  muxInit                               
0000db88  pinmuxGetConfigValue                  
0000df98  sciInit                               
0000e084  sciSetFunctional                      
0000e0a4  sciSetBaudrate                        
0000e140  sciIsTxReady                          
0000e15c  sciSendByte                           
0000e18c  sciSend                               
0000e2c0  sciIsRxReady                          
0000e2dc  sciIsIdleDetected                     
0000e2f8  sciRxError                            
0000e328  sciReceiveByte                        
0000e354  sciReceive                            
0000e42c  sciEnableLoopback                     
0000e460  sciDisableLoopback                    
0000e484  sciEnableNotification                 
0000e4ec  sciDisableNotification                
0000e554  sciEnterResetState                    
0000e574  sciExitResetState                     
0000e594  scilinGetConfigValue                  
0000e750  _errata_SSWF021_45_both_plls          
0000e944  _errata_SSWF021_45_pll1               
0000eabc  _errata_SSWF021_45_pll2               
0000edb4  esmInit                               
0000eebc  esmError                              
0000eed8  esmEnableError                        
0000ef00  esmDisableError                       
0000ef28  esmTriggerErrorPinReset               
0000ef38  esmActivateNormalOperation            
0000ef48  esmEnableInterrupt                    
0000ef70  esmDisableInterrupt                   
0000ef98  esmSetInterruptLevel                  
0000f00c  esmClearStatus                        
0000f04c  esmClearStatusBuffer                  
0000f068  esmSetCounterPreloadValue             
0000f088  esmGetStatus                          
0000f10c  esmGetStatusBuffer                    
0000f144  esmEnterSelfTest                      
0000f1cc  esmSelfTestStatus                     
0000f21c  esmGetConfigValue                     
0000f370  _coreInitRegisters_                   
0000f47c  _coreInitStackPointer_                
0000f4c8  _getCPSRValue_                        
0000f4d0  _gotoCPUIdle_                         
0000f4e8  _coreEnableVfp_                       
0000f500  _coreEnableEventBusExport_            
0000f510  _coreDisableEventBusExport_           
0000f520  _coreEnableRamEcc_                    
0000f530  _coreDisableRamEcc_                   
0000f540  _coreEnableFlashEcc_                  
0000f554  _coreDisableFlashEcc_                 
0000f564  _coreEnableIrqVicOffset_              
0000f574  _coreGetDataFault_                    
0000f57c  _coreClearDataFault_                  
0000f588  _coreGetInstructionFault_             
0000f590  _coreClearInstructionFault_           
0000f59c  _coreGetDataFaultAddress_             
0000f5a4  _coreClearDataFaultAddress_           
0000f5b0  _coreGetInstructionFaultAddress_      
0000f5b8  _coreClearInstructionFaultAddress_    
0000f5c4  _coreGetAuxiliaryDataFault_           
0000f5cc  _coreClearAuxiliaryDataFault_         
0000f5d8  _coreGetAuxiliaryInstructionFault_    
0000f5e0  _coreClearAuxiliaryInstructionFault_  
0000f5ec  _disable_interrupt_                   
0000f5f4  _disable_FIQ_interrupt_               
0000f5fc  _disable_IRQ_interrupt_               
0000f604  _enable_interrupt_                    
0000f60c  _esmCcmErrorsClear_                   
0000f694  _errata_CORTEXR4_57_                  
0000f6a4  _errata_CORTEXR4_66_                  
0000f6b4  __TI_PINIT_Base                       
0000f6b8  __TI_PINIT_Limit                      
0000f6bc  task1                                 
0000f7c8  task2                                 
0000f8d4  main                                  
0000f9d8  vimParityErrorHandler                 
0000fca4  __aeabi_uldivmod                      
0000ff5c  _c_int00                              
000106ac  vListInitialise                       
00010704  vListInitialiseItem                   
00010720  vListInsertEnd                        
00010794  vListInsert                           
00010858  uxListRemove                          
00010d20  xTaskNotifyStateClear                 
00010d9c  esmHighInterrupt                      
000110b1  ldexp                                 
000110b1  ldexpl                                
000110b1  scalbn                                
000110b1  scalbnl                               
000111a0  _dabort                               
00011289  floor                                 
00011289  floorl                                
00011368  _pmuInit_                             
000113b4  _pmuEnableCountersGlobal_             
000113c4  _pmuDisableCountersGlobal_            
000113d4  _pmuResetCycleCounter_                
000113e4  _pmuResetEventCounters_               
000113f4  _pmuResetCounters_                    
00011404  _pmuStartCounters_                    
0001140c  _pmuStopCounters_                     
00011414  _pmuSetCountEvent_                    
00011420  _pmuGetCycleCount_                    
00011428  _pmuGetEventCount_                    
00011434  _pmuGetOverflow_                      
000114f7  __aeabi_memcpy                        
000114f7  __aeabi_memcpy4                       
000114f7  __aeabi_memcpy8                       
000114f7  memcpy                                
00011594  esmGroup1Notification                 
000115a4  esmGroup2Notification                 
000115b4  memoryPort0TestFailNotification       
000115d0  memoryPort1TestFailNotification       
000115ec  gioNotification                       
00011600  sciNotification                       
00011614  dmaGroupANotification                 
000116a3  __aeabi_memclr                        
000116a3  __aeabi_memclr4                       
000116a3  __aeabi_memclr8                       
000116a5  __aeabi_memset                        
000116a5  __aeabi_memset4                       
000116a5  __aeabi_memset8                       
000116ab  memset                                
0001171d  frexp                                 
0001171d  frexpl                                
00011791  __TI_decompress_lzss                  
00011851  ltoa                                  
000118f5  atoi                                  
00011945  __TI_auto_init_nobinit_nopinit        
000119c9  sprintf                               
00011a09  copysign                              
00011a09  copysignl                             
00011a27  memccpy                               
00011a5d  strchr                                
00011a73  strlen                                
00011a89  wcslen                                
00011a9b  __TI_decompress_none                  
00011aa9  __TI_zero_init                        
00011ac1  __aeabi_errno_addr                    
00011ac9  C$$EXIT                               
00011ac9  abort                                 
00011acc  phantomInterrupt                      
00011ad0  handlePLLLockFail                     
00011cd4  _ctypes_                              
080008d0  pxCurrentTCB                          
08003028  sharedResource                        
0800303c  xMutex                                
08003050  task1Handler                          
08003054  task2Handler                          
08003058  ulCriticalNesting                     
0800305c  ulTaskHasFPUContext                   
08003060  errno                                 
ffffffff  __TI_pprof_out_hndl                   
ffffffff  __TI_prof_data_size                   
ffffffff  __TI_prof_data_start                  
ffffffff  __binit__                             
ffffffff  __c_args__                            
ffffffff  binit                                 
UNDEFED   SHT$$INIT_ARRAY$$Base                 
UNDEFED   SHT$$INIT_ARRAY$$Limit                
UNDEFED   _system_post_cinit                    

[372 symbols]
