<?xml version="1.0" encoding="ISO-8859-1" ?>
<link_info>
   <banner>TI ARM Linker Unix v18.12.3.LTS</banner>
   <copyright>Copyright (c) 1996-2018 Texas Instruments Incorporated</copyright>
   <link_time>0x5f29223a</link_time>
   <link_errors>0x0</link_errors>
   <output_file>Launchpad_FreeRTOS.out</output_file>
   <entry_point>
      <name>_c_int00</name>
      <address>0xef08</address>
   </entry_point>
   <input_file_list>
      <input_file id="fl-2">
         <path>./</path>
         <kind>object</kind>
         <file>main.obj</file>
         <name>main.obj</name>
      </input_file>
      <input_file id="fl-3">
         <path>./source/</path>
         <kind>object</kind>
         <file>Device_TMS570LS12.obj</file>
         <name>Device_TMS570LS12.obj</name>
      </input_file>
      <input_file id="fl-4">
         <path>./source/</path>
         <kind>object</kind>
         <file>Fapi_UserDefinedFunctions.obj</file>
         <name>Fapi_UserDefinedFunctions.obj</name>
      </input_file>
      <input_file id="fl-5">
         <path>./source/</path>
         <kind>object</kind>
         <file>dabort.obj</file>
         <name>dabort.obj</name>
      </input_file>
      <input_file id="fl-6">
         <path>./source/</path>
         <kind>object</kind>
         <file>errata_SSWF021_45.obj</file>
         <name>errata_SSWF021_45.obj</name>
      </input_file>
      <input_file id="fl-7">
         <path>./source/</path>
         <kind>object</kind>
         <file>esm.obj</file>
         <name>esm.obj</name>
      </input_file>
      <input_file id="fl-8">
         <path>./source/</path>
         <kind>object</kind>
         <file>gio.obj</file>
         <name>gio.obj</name>
      </input_file>
      <input_file id="fl-9">
         <path>./source/</path>
         <kind>object</kind>
         <file>notification.obj</file>
         <name>notification.obj</name>
      </input_file>
      <input_file id="fl-a">
         <path>./source/</path>
         <kind>object</kind>
         <file>os_croutine.obj</file>
         <name>os_croutine.obj</name>
      </input_file>
      <input_file id="fl-b">
         <path>./source/</path>
         <kind>object</kind>
         <file>os_event_groups.obj</file>
         <name>os_event_groups.obj</name>
      </input_file>
      <input_file id="fl-c">
         <path>./source/</path>
         <kind>object</kind>
         <file>os_heap.obj</file>
         <name>os_heap.obj</name>
      </input_file>
      <input_file id="fl-d">
         <path>./source/</path>
         <kind>object</kind>
         <file>os_list.obj</file>
         <name>os_list.obj</name>
      </input_file>
      <input_file id="fl-e">
         <path>./source/</path>
         <kind>object</kind>
         <file>os_mpu_wrappers.obj</file>
         <name>os_mpu_wrappers.obj</name>
      </input_file>
      <input_file id="fl-f">
         <path>./source/</path>
         <kind>object</kind>
         <file>os_port.obj</file>
         <name>os_port.obj</name>
      </input_file>
      <input_file id="fl-10">
         <path>./source/</path>
         <kind>object</kind>
         <file>os_portasm.obj</file>
         <name>os_portasm.obj</name>
      </input_file>
      <input_file id="fl-11">
         <path>./source/</path>
         <kind>object</kind>
         <file>os_queue.obj</file>
         <name>os_queue.obj</name>
      </input_file>
      <input_file id="fl-12">
         <path>./source/</path>
         <kind>object</kind>
         <file>os_tasks.obj</file>
         <name>os_tasks.obj</name>
      </input_file>
      <input_file id="fl-13">
         <path>./source/</path>
         <kind>object</kind>
         <file>os_timer.obj</file>
         <name>os_timer.obj</name>
      </input_file>
      <input_file id="fl-14">
         <path>./source/</path>
         <kind>object</kind>
         <file>pinmux.obj</file>
         <name>pinmux.obj</name>
      </input_file>
      <input_file id="fl-15">
         <path>./source/</path>
         <kind>object</kind>
         <file>sci.obj</file>
         <name>sci.obj</name>
      </input_file>
      <input_file id="fl-16">
         <path>./source/</path>
         <kind>object</kind>
         <file>sys_core.obj</file>
         <name>sys_core.obj</name>
      </input_file>
      <input_file id="fl-17">
         <path>./source/</path>
         <kind>object</kind>
         <file>sys_dma.obj</file>
         <name>sys_dma.obj</name>
      </input_file>
      <input_file id="fl-18">
         <path>./source/</path>
         <kind>object</kind>
         <file>sys_intvecs.obj</file>
         <name>sys_intvecs.obj</name>
      </input_file>
      <input_file id="fl-19">
         <path>./source/</path>
         <kind>object</kind>
         <file>sys_mpu.obj</file>
         <name>sys_mpu.obj</name>
      </input_file>
      <input_file id="fl-1a">
         <path>./source/</path>
         <kind>object</kind>
         <file>sys_pcr.obj</file>
         <name>sys_pcr.obj</name>
      </input_file>
      <input_file id="fl-1b">
         <path>./source/</path>
         <kind>object</kind>
         <file>sys_phantom.obj</file>
         <name>sys_phantom.obj</name>
      </input_file>
      <input_file id="fl-1c">
         <path>./source/</path>
         <kind>object</kind>
         <file>sys_pmm.obj</file>
         <name>sys_pmm.obj</name>
      </input_file>
      <input_file id="fl-1d">
         <path>./source/</path>
         <kind>object</kind>
         <file>sys_pmu.obj</file>
         <name>sys_pmu.obj</name>
      </input_file>
      <input_file id="fl-1e">
         <path>./source/</path>
         <kind>object</kind>
         <file>sys_selftest.obj</file>
         <name>sys_selftest.obj</name>
      </input_file>
      <input_file id="fl-1f">
         <path>./source/</path>
         <kind>object</kind>
         <file>sys_startup.obj</file>
         <name>sys_startup.obj</name>
      </input_file>
      <input_file id="fl-20">
         <path>./source/</path>
         <kind>object</kind>
         <file>sys_vim.obj</file>
         <name>sys_vim.obj</name>
      </input_file>
      <input_file id="fl-21">
         <path>./source/</path>
         <kind>object</kind>
         <file>system.obj</file>
         <name>system.obj</name>
      </input_file>
      <input_file id="fl-22">
         <path>./source/</path>
         <kind>object</kind>
         <file>ti_fee_Info.obj</file>
         <name>ti_fee_Info.obj</name>
      </input_file>
      <input_file id="fl-23">
         <path>./source/</path>
         <kind>object</kind>
         <file>ti_fee_cancel.obj</file>
         <name>ti_fee_cancel.obj</name>
      </input_file>
      <input_file id="fl-24">
         <path>./source/</path>
         <kind>object</kind>
         <file>ti_fee_cfg.obj</file>
         <name>ti_fee_cfg.obj</name>
      </input_file>
      <input_file id="fl-25">
         <path>./source/</path>
         <kind>object</kind>
         <file>ti_fee_eraseimmediateblock.obj</file>
         <name>ti_fee_eraseimmediateblock.obj</name>
      </input_file>
      <input_file id="fl-26">
         <path>./source/</path>
         <kind>object</kind>
         <file>ti_fee_format.obj</file>
         <name>ti_fee_format.obj</name>
      </input_file>
      <input_file id="fl-27">
         <path>./source/</path>
         <kind>object</kind>
         <file>ti_fee_ini.obj</file>
         <name>ti_fee_ini.obj</name>
      </input_file>
      <input_file id="fl-28">
         <path>./source/</path>
         <kind>object</kind>
         <file>ti_fee_invalidateblock.obj</file>
         <name>ti_fee_invalidateblock.obj</name>
      </input_file>
      <input_file id="fl-29">
         <path>./source/</path>
         <kind>object</kind>
         <file>ti_fee_main.obj</file>
         <name>ti_fee_main.obj</name>
      </input_file>
      <input_file id="fl-2a">
         <path>./source/</path>
         <kind>object</kind>
         <file>ti_fee_read.obj</file>
         <name>ti_fee_read.obj</name>
      </input_file>
      <input_file id="fl-2b">
         <path>./source/</path>
         <kind>object</kind>
         <file>ti_fee_readSync.obj</file>
         <name>ti_fee_readSync.obj</name>
      </input_file>
      <input_file id="fl-2c">
         <path>./source/</path>
         <kind>object</kind>
         <file>ti_fee_shutdown.obj</file>
         <name>ti_fee_shutdown.obj</name>
      </input_file>
      <input_file id="fl-2d">
         <path>./source/</path>
         <kind>object</kind>
         <file>ti_fee_util.obj</file>
         <name>ti_fee_util.obj</name>
      </input_file>
      <input_file id="fl-2e">
         <path>./source/</path>
         <kind>object</kind>
         <file>ti_fee_writeAsync.obj</file>
         <name>ti_fee_writeAsync.obj</name>
      </input_file>
      <input_file id="fl-2f">
         <path>./source/</path>
         <kind>object</kind>
         <file>ti_fee_writeSync.obj</file>
         <name>ti_fee_writeSync.obj</name>
      </input_file>
      <input_file id="fl-34">
         <kind>object</kind>
         <file>&lt;internal&gt;</file>
         <name>&lt;internal&gt;</name>
      </input_file>
      <input_file id="fl-35">
         <path>/Applications/ti/ccs910/ccs/tools/compiler/ti-cgt-arm_18.12.3.LTS/lib/</path>
         <kind>archive</kind>
         <file>rtsv7R4_T_be_v3D16_eabi.lib</file>
         <name>s_floor.c.obj</name>
      </input_file>
      <input_file id="fl-36">
         <path>/Applications/ti/ccs910/ccs/tools/compiler/ti-cgt-arm_18.12.3.LTS/lib/</path>
         <kind>archive</kind>
         <file>rtsv7R4_T_be_v3D16_eabi.lib</file>
         <name>memset_t2.asm.obj</name>
      </input_file>
      <input_file id="fl-37">
         <path>/Applications/ti/ccs910/ccs/tools/compiler/ti-cgt-arm_18.12.3.LTS/lib/</path>
         <kind>archive</kind>
         <file>rtsv7R4_T_be_v3D16_eabi.lib</file>
         <name>memcpy_t2.asm.obj</name>
      </input_file>
      <input_file id="fl-38">
         <path>/Applications/ti/ccs910/ccs/tools/compiler/ti-cgt-arm_18.12.3.LTS/lib/</path>
         <kind>archive</kind>
         <file>rtsv7R4_T_be_v3D16_eabi.lib</file>
         <name>autoinit.c.obj</name>
      </input_file>
      <input_file id="fl-39">
         <path>/Applications/ti/ccs910/ccs/tools/compiler/ti-cgt-arm_18.12.3.LTS/lib/</path>
         <kind>archive</kind>
         <file>rtsv7R4_T_be_v3D16_eabi.lib</file>
         <name>cpy_tbl.c.obj</name>
      </input_file>
      <input_file id="fl-3a">
         <path>/Applications/ti/ccs910/ccs/tools/compiler/ti-cgt-arm_18.12.3.LTS/lib/</path>
         <kind>archive</kind>
         <file>rtsv7R4_T_be_v3D16_eabi.lib</file>
         <name>copy_zero_init.c.obj</name>
      </input_file>
      <input_file id="fl-3b">
         <path>/Applications/ti/ccs910/ccs/tools/compiler/ti-cgt-arm_18.12.3.LTS/lib/</path>
         <kind>archive</kind>
         <file>rtsv7R4_T_be_v3D16_eabi.lib</file>
         <name>copy_decompress_none.c.obj</name>
      </input_file>
      <input_file id="fl-3c">
         <path>/Applications/ti/ccs910/ccs/tools/compiler/ti-cgt-arm_18.12.3.LTS/lib/</path>
         <kind>archive</kind>
         <file>rtsv7R4_T_be_v3D16_eabi.lib</file>
         <name>copy_decompress_lzss.c.obj</name>
      </input_file>
      <input_file id="fl-3d">
         <path>/Applications/ti/ccs910/ccs/tools/compiler/ti-cgt-arm_18.12.3.LTS/lib/</path>
         <kind>archive</kind>
         <file>rtsv7R4_T_be_v3D16_eabi.lib</file>
         <name>exit.c.obj</name>
      </input_file>
      <input_file id="fl-3e">
         <path>/Applications/ti/ccs910/ccs/tools/compiler/ti-cgt-arm_18.12.3.LTS/lib/</path>
         <kind>archive</kind>
         <file>rtsv7R4_T_be_v3D16_eabi.lib</file>
         <name>_lock.c.obj</name>
      </input_file>
      <input_file id="fl-3f">
         <path>/Applications/ti/ccs910/ccs/tools/compiler/ti-cgt-arm_18.12.3.LTS/lib/</path>
         <kind>archive</kind>
         <file>rtsv7R4_T_be_v3D16_eabi.lib</file>
         <name>strlen.c.obj</name>
      </input_file>
      <input_file id="fl-40">
         <path>/Applications/ti/Hercules/F021 Flash API/02.01.01/</path>
         <kind>archive</kind>
         <file>F021_API_CortexR4_BE_V3D16.lib</file>
         <name>Async.obj</name>
      </input_file>
      <input_file id="fl-41">
         <path>/Applications/ti/Hercules/F021 Flash API/02.01.01/</path>
         <kind>archive</kind>
         <file>F021_API_CortexR4_BE_V3D16.lib</file>
         <name>Async.WithAddress.obj</name>
      </input_file>
      <input_file id="fl-42">
         <path>/Applications/ti/Hercules/F021 Flash API/02.01.01/</path>
         <kind>archive</kind>
         <file>F021_API_CortexR4_BE_V3D16.lib</file>
         <name>BlankCheck.obj</name>
      </input_file>
      <input_file id="fl-43">
         <path>/Applications/ti/Hercules/F021 Flash API/02.01.01/</path>
         <kind>archive</kind>
         <file>F021_API_CortexR4_BE_V3D16.lib</file>
         <name>FlashStateMachine.EnableEepromSectors.obj</name>
      </input_file>
      <input_file id="fl-44">
         <path>/Applications/ti/Hercules/F021 Flash API/02.01.01/</path>
         <kind>archive</kind>
         <file>F021_API_CortexR4_BE_V3D16.lib</file>
         <name>FlashStateMachine.InitializeFlashBanks.obj</name>
      </input_file>
      <input_file id="fl-45">
         <path>/Applications/ti/Hercules/F021 Flash API/02.01.01/</path>
         <kind>archive</kind>
         <file>F021_API_CortexR4_BE_V3D16.lib</file>
         <name>FlashStateMachine.IssueFsmCommand.obj</name>
      </input_file>
      <input_file id="fl-46">
         <path>/Applications/ti/Hercules/F021 Flash API/02.01.01/</path>
         <kind>archive</kind>
         <file>F021_API_CortexR4_BE_V3D16.lib</file>
         <name>FlashStateMachine.ScaleFclk.obj</name>
      </input_file>
      <input_file id="fl-47">
         <path>/Applications/ti/Hercules/F021 Flash API/02.01.01/</path>
         <kind>archive</kind>
         <file>F021_API_CortexR4_BE_V3D16.lib</file>
         <name>FlashStateMachine.SetActiveBank.obj</name>
      </input_file>
      <input_file id="fl-48">
         <path>/Applications/ti/Hercules/F021 Flash API/02.01.01/</path>
         <kind>archive</kind>
         <file>F021_API_CortexR4_BE_V3D16.lib</file>
         <name>Read.FlushPipeline.obj</name>
      </input_file>
      <input_file id="fl-49">
         <path>/Applications/ti/Hercules/F021 Flash API/02.01.01/</path>
         <kind>archive</kind>
         <file>F021_API_CortexR4_BE_V3D16.lib</file>
         <name>Read.LoopDword.obj</name>
      </input_file>
      <input_file id="fl-4a">
         <path>/Applications/ti/Hercules/F021 Flash API/02.01.01/</path>
         <kind>archive</kind>
         <file>F021_API_CortexR4_BE_V3D16.lib</file>
         <name>Read.WdService.obj</name>
      </input_file>
      <input_file id="fl-4b">
         <path>/Applications/ti/Hercules/F021 Flash API/02.01.01/</path>
         <kind>archive</kind>
         <file>F021_API_CortexR4_BE_V3D16.lib</file>
         <name>Utilities.CalculateFletcher.obj</name>
      </input_file>
      <input_file id="fl-4c">
         <path>/Applications/ti/Hercules/F021 Flash API/02.01.01/</path>
         <kind>archive</kind>
         <file>F021_API_CortexR4_BE_V3D16.lib</file>
         <name>Utilities.WaitDelay.obj</name>
      </input_file>
      <input_file id="fl-4d">
         <path>/Applications/ti/Hercules/F021 Flash API/02.01.01/</path>
         <kind>archive</kind>
         <file>F021_API_CortexR4_BE_V3D16.lib</file>
         <name>Utilities.GetNumberOfSectors.obj</name>
      </input_file>
      <input_file id="fl-4e">
         <path>/Applications/ti/Hercules/F021 Flash API/02.01.01/</path>
         <kind>archive</kind>
         <file>F021_API_CortexR4_BE_V3D16.lib</file>
         <name>Read.Common.obj</name>
      </input_file>
      <input_file id="fl-4f">
         <path>/Applications/ti/Hercules/F021 Flash API/02.01.01/</path>
         <kind>archive</kind>
         <file>F021_API_CortexR4_BE_V3D16.lib</file>
         <name>FlashStateMachine.Hercules.IsEccAddress.obj</name>
      </input_file>
   </input_file_list>
   <object_component_list>
      <object_component id="oc-2e">
         <name>.intvecs</name>
         <load_address>0x0</load_address>
         <run_address>0x0</run_address>
         <size>0x20</size>
         <input_file_ref idref="fl-18"/>
      </object_component>
      <object_component id="oc-135">
         <name>.kernelTEXT</name>
         <load_address>0x20</load_address>
         <run_address>0x20</run_address>
         <size>0x2bdc</size>
         <input_file_ref idref="fl-12"/>
      </object_component>
      <object_component id="oc-216">
         <name>.kernelTEXT</name>
         <load_address>0x2bfc</load_address>
         <run_address>0x2bfc</run_address>
         <size>0x11dc</size>
         <input_file_ref idref="fl-11"/>
      </object_component>
      <object_component id="oc-21c">
         <name>.kernelTEXT</name>
         <load_address>0x3dd8</load_address>
         <run_address>0x3dd8</run_address>
         <size>0x81c</size>
         <input_file_ref idref="fl-b"/>
      </object_component>
      <object_component id="oc-a0">
         <name>.kernelTEXT</name>
         <load_address>0x45f4</load_address>
         <run_address>0x45f4</run_address>
         <size>0x4b0</size>
         <input_file_ref idref="fl-10"/>
      </object_component>
      <object_component id="oc-244">
         <name>.kernelTEXT</name>
         <load_address>0x4aa4</load_address>
         <run_address>0x4aa4</run_address>
         <size>0x3e0</size>
         <input_file_ref idref="fl-f"/>
      </object_component>
      <object_component id="oc-238">
         <name>.kernelTEXT</name>
         <load_address>0x4e84</load_address>
         <run_address>0x4e84</run_address>
         <size>0x380</size>
         <input_file_ref idref="fl-c"/>
      </object_component>
      <object_component id="oc-372">
         <name>.cinit..data.load</name>
         <load_address>0x5208</load_address>
         <run_address>0x5208</run_address>
         <size>0xc</size>
      </object_component>
      <object_component id="oc-36d">
         <name>__TI_handler_table</name>
         <load_address>0x5214</load_address>
         <run_address>0x5214</run_address>
         <size>0xc</size>
      </object_component>
      <object_component id="oc-36f">
         <name>.cinit..kernelBSS.load</name>
         <load_address>0x5220</load_address>
         <run_address>0x5220</run_address>
         <size>0x9</size>
      </object_component>
      <object_component id="oc-371">
         <name>.cinit..bss.load</name>
         <load_address>0x5230</load_address>
         <run_address>0x5230</run_address>
         <size>0x8</size>
      </object_component>
      <object_component id="oc-370">
         <name>.cinit..kernelHEAP.load</name>
         <load_address>0x5238</load_address>
         <run_address>0x5238</run_address>
         <size>0x8</size>
      </object_component>
      <object_component id="oc-36e">
         <name>__TI_cinit_table</name>
         <load_address>0x5240</load_address>
         <run_address>0x5240</run_address>
         <size>0x20</size>
      </object_component>
      <object_component id="oc-7f">
         <name>.text</name>
         <load_address>0x8020</load_address>
         <run_address>0x8020</run_address>
         <size>0x2cdc</size>
         <input_file_ref idref="fl-1e"/>
      </object_component>
      <object_component id="oc-79">
         <name>.text</name>
         <load_address>0xacfc</load_address>
         <run_address>0xacfc</run_address>
         <size>0xb78</size>
         <input_file_ref idref="fl-21"/>
      </object_component>
      <object_component id="oc-3a">
         <name>.text</name>
         <load_address>0xb874</load_address>
         <run_address>0xb874</run_address>
         <size>0xa58</size>
         <input_file_ref idref="fl-20"/>
      </object_component>
      <object_component id="oc-12f">
         <name>.text</name>
         <load_address>0xc2cc</load_address>
         <run_address>0xc2cc</run_address>
         <size>0x9a0</size>
         <input_file_ref idref="fl-e"/>
      </object_component>
      <object_component id="oc-e3">
         <name>.text</name>
         <load_address>0xcc6c</load_address>
         <run_address>0xcc6c</run_address>
         <size>0x8ac</size>
         <input_file_ref idref="fl-14"/>
      </object_component>
      <object_component id="oc-129">
         <name>.text</name>
         <load_address>0xd518</load_address>
         <run_address>0xd518</run_address>
         <size>0x7b8</size>
         <input_file_ref idref="fl-15"/>
      </object_component>
      <object_component id="oc-6d">
         <name>.text</name>
         <load_address>0xdcd0</load_address>
         <run_address>0xdcd0</run_address>
         <size>0x664</size>
         <input_file_ref idref="fl-6"/>
      </object_component>
      <object_component id="oc-85">
         <name>.text</name>
         <load_address>0xe334</load_address>
         <run_address>0xe334</run_address>
         <size>0x5bc</size>
         <input_file_ref idref="fl-7"/>
      </object_component>
      <object_component id="oc-68">
         <name>.text</name>
         <load_address>0xe8f0</load_address>
         <run_address>0xe8f0</run_address>
         <size>0x34c</size>
         <input_file_ref idref="fl-16"/>
      </object_component>
      <object_component id="oc-39">
         <name>.text:retain</name>
         <load_address>0xec3c</load_address>
         <run_address>0xec3c</run_address>
         <size>0x2cc</size>
         <input_file_ref idref="fl-20"/>
      </object_component>
      <object_component id="oc-1f">
         <name>.text:retain</name>
         <load_address>0xef08</load_address>
         <run_address>0xef08</run_address>
         <size>0x290</size>
         <input_file_ref idref="fl-1f"/>
      </object_component>
      <object_component id="oc-2d1">
         <name>.text</name>
         <load_address>0xf198</load_address>
         <run_address>0xf198</run_address>
         <size>0x278</size>
         <input_file_ref idref="fl-c"/>
      </object_component>
      <object_component id="oc-8c">
         <name>.text</name>
         <load_address>0xf410</load_address>
         <run_address>0xf410</run_address>
         <size>0x264</size>
         <input_file_ref idref="fl-2"/>
      </object_component>
      <object_component id="oc-23e">
         <name>.text</name>
         <load_address>0xf674</load_address>
         <run_address>0xf674</run_address>
         <size>0x238</size>
         <input_file_ref idref="fl-d"/>
      </object_component>
      <object_component id="oc-2e1">
         <name>.text</name>
         <load_address>0xf8ac</load_address>
         <run_address>0xf8ac</run_address>
         <size>0x1b4</size>
         <input_file_ref idref="fl-f"/>
      </object_component>
      <object_component id="oc-210">
         <name>.text</name>
         <load_address>0xfa60</load_address>
         <run_address>0xfa60</run_address>
         <size>0x164</size>
         <input_file_ref idref="fl-12"/>
      </object_component>
      <object_component id="oc-25">
         <name>.text:retain</name>
         <load_address>0xfbc4</load_address>
         <run_address>0xfbc4</run_address>
         <size>0x114</size>
         <input_file_ref idref="fl-7"/>
      </object_component>
      <object_component id="oc-a8">
         <name>.text</name>
         <load_address>0xfcd8</load_address>
         <run_address>0xfcd8</run_address>
         <size>0xe8</size>
         <input_file_ref idref="fl-5"/>
      </object_component>
      <object_component id="oc-205">
         <name>.text:floor</name>
         <load_address>0xfdc0</load_address>
         <run_address>0xfdc0</run_address>
         <size>0xe0</size>
         <input_file_ref idref="fl-35"/>
      </object_component>
      <object_component id="oc-eb">
         <name>.text</name>
         <load_address>0xfea0</load_address>
         <run_address>0xfea0</run_address>
         <size>0xe0</size>
         <input_file_ref idref="fl-1d"/>
      </object_component>
      <object_component id="oc-50">
         <name>.text</name>
         <load_address>0xff80</load_address>
         <run_address>0xff80</run_address>
         <size>0x9c</size>
         <input_file_ref idref="fl-37"/>
      </object_component>
      <object_component id="oc-94">
         <name>.text</name>
         <load_address>0x1001c</load_address>
         <run_address>0x1001c</run_address>
         <size>0x94</size>
         <input_file_ref idref="fl-9"/>
      </object_component>
      <object_component id="oc-d5">
         <name>.text</name>
         <load_address>0x100b0</load_address>
         <run_address>0x100b0</run_address>
         <size>0x7a</size>
         <input_file_ref idref="fl-36"/>
      </object_component>
      <object_component id="oc-12">
         <name>.text:decompress:lzss:__TI_decompress_lzss</name>
         <load_address>0x1012a</load_address>
         <run_address>0x1012a</run_address>
         <size>0x6c</size>
         <input_file_ref idref="fl-3c"/>
      </object_component>
      <object_component id="oc-f9">
         <name>.text:__TI_auto_init_nobinit_nopinit:__TI_auto_init_nobinit_nopinit</name>
         <load_address>0x10198</load_address>
         <run_address>0x10198</run_address>
         <size>0x44</size>
         <input_file_ref idref="fl-38"/>
      </object_component>
      <object_component id="oc-24d">
         <name>.text:strlen</name>
         <load_address>0x101dc</load_address>
         <run_address>0x101dc</run_address>
         <size>0x16</size>
         <input_file_ref idref="fl-3f"/>
      </object_component>
      <object_component id="oc-18">
         <name>.text:decompress:none:__TI_decompress_none</name>
         <load_address>0x101f2</load_address>
         <run_address>0x101f2</run_address>
         <size>0xe</size>
         <input_file_ref idref="fl-3b"/>
      </object_component>
      <object_component id="oc-62">
         <name>.text:decompress:ZI:__TI_zero_init</name>
         <load_address>0x10200</load_address>
         <run_address>0x10200</run_address>
         <size>0xc</size>
         <input_file_ref idref="fl-3a"/>
      </object_component>
      <object_component id="oc-157">
         <name>.text:abort:abort</name>
         <load_address>0x1020c</load_address>
         <run_address>0x1020c</run_address>
         <size>0x4</size>
         <input_file_ref idref="fl-3d"/>
      </object_component>
      <object_component id="oc-33">
         <name>.text:retain</name>
         <load_address>0x10210</load_address>
         <run_address>0x10210</run_address>
         <size>0x4</size>
         <input_file_ref idref="fl-1b"/>
      </object_component>
      <object_component id="oc-73">
         <name>.text</name>
         <load_address>0x10214</load_address>
         <run_address>0x10214</run_address>
         <size>0x4</size>
         <input_file_ref idref="fl-1f"/>
      </object_component>
      <object_component id="oc-2b">
         <name>.const:s_vim_init</name>
         <load_address>0x10218</load_address>
         <run_address>0x10218</run_address>
         <size>0x200</size>
         <input_file_ref idref="fl-20"/>
      </object_component>
      <object_component id="oc-141">
         <name>.const:.string:$P$T1$2</name>
         <load_address>0x10418</load_address>
         <run_address>0x10418</run_address>
         <size>0x28</size>
         <input_file_ref idref="fl-2"/>
      </object_component>
      <object_component id="oc-147">
         <name>.const:.string:$P$T3$4</name>
         <load_address>0x10440</load_address>
         <run_address>0x10440</run_address>
         <size>0x28</size>
         <input_file_ref idref="fl-2"/>
      </object_component>
      <object_component id="oc-13b">
         <name>.const:.string:$P$T0$1</name>
         <load_address>0x10468</load_address>
         <run_address>0x10468</run_address>
         <size>0x26</size>
         <input_file_ref idref="fl-2"/>
      </object_component>
      <object_component id="oc-144">
         <name>.const:.string:$P$T2$3</name>
         <load_address>0x1048e</load_address>
         <run_address>0x1048e</run_address>
         <size>0x26</size>
         <input_file_ref idref="fl-2"/>
      </object_component>
      <object_component id="oc-14a">
         <name>.const:.string:$P$T4$5</name>
         <load_address>0x104b4</load_address>
         <run_address>0x104b4</run_address>
         <size>0x13</size>
         <input_file_ref idref="fl-2"/>
      </object_component>
      <object_component id="oc-14d">
         <name>.const:.string:$P$T5$6</name>
         <load_address>0x104c7</load_address>
         <run_address>0x104c7</run_address>
         <size>0xf</size>
         <input_file_ref idref="fl-2"/>
      </object_component>
      <object_component id="oc-16f">
         <name>.kernelBSS:init</name>
         <load_address>0x80008d0</load_address>
         <run_address>0x80008d0</run_address>
         <size>0x34</size>
         <input_file_ref idref="fl-12"/>
      </object_component>
      <object_component id="oc-24a">
         <name>.kernelBSS:uninit</name>
         <load_address>0x8000800</load_address>
         <run_address>0x8000800</run_address>
         <size>0xd0</size>
         <input_file_ref idref="fl-12"/>
      </object_component>
      <object_component id="oc-32a">
         <name>.kernelHEAP</name>
         <uninitialized>true</uninitialized>
         <run_address>0x8001000</run_address>
         <size>0x2000</size>
         <input_file_ref idref="fl-c"/>
      </object_component>
      <object_component id="oc-2da">
         <name>.bss:xStart</name>
         <uninitialized>true</uninitialized>
         <run_address>0x8003028</run_address>
         <size>0x8</size>
         <input_file_ref idref="fl-c"/>
      </object_component>
      <object_component id="oc-20b">
         <name>.bss:g_sciTransfer_t</name>
         <uninitialized>true</uninitialized>
         <run_address>0x8003000</run_address>
         <size>0x28</size>
         <input_file_ref idref="fl-15"/>
      </object_component>
      <object_component id="oc-13e">
         <name>.data</name>
         <load_address>0x8003030</load_address>
         <run_address>0x8003030</run_address>
         <size>0x10</size>
         <input_file_ref idref="fl-2"/>
      </object_component>
      <object_component id="oc-2d7">
         <name>.data</name>
         <load_address>0x8003040</load_address>
         <run_address>0x8003040</run_address>
         <size>0x10</size>
         <input_file_ref idref="fl-c"/>
      </object_component>
      <object_component id="oc-172">
         <name>.data</name>
         <load_address>0x8003050</load_address>
         <run_address>0x8003050</run_address>
         <size>0x8</size>
         <input_file_ref idref="fl-f"/>
      </object_component>
      <object_component id="oc-151">
         <name>.debug_info</name>
         <load_address>0x0</load_address>
         <run_address>0x0</run_address>
         <size>0x5e3</size>
         <input_file_ref idref="fl-2"/>
      </object_component>
      <object_component id="oc-13f">
         <name>.debug_info</name>
         <load_address>0x5e3</load_address>
         <run_address>0x5e3</run_address>
         <size>0x158</size>
         <input_file_ref idref="fl-2"/>
      </object_component>
      <object_component id="oc-13c">
         <name>.debug_info</name>
         <load_address>0x73b</load_address>
         <run_address>0x73b</run_address>
         <size>0xd4</size>
         <input_file_ref idref="fl-2"/>
      </object_component>
      <object_component id="oc-142">
         <name>.debug_info</name>
         <load_address>0x80f</load_address>
         <run_address>0x80f</run_address>
         <size>0xd4</size>
         <input_file_ref idref="fl-2"/>
      </object_component>
      <object_component id="oc-145">
         <name>.debug_info</name>
         <load_address>0x8e3</load_address>
         <run_address>0x8e3</run_address>
         <size>0xd4</size>
         <input_file_ref idref="fl-2"/>
      </object_component>
      <object_component id="oc-148">
         <name>.debug_info</name>
         <load_address>0x9b7</load_address>
         <run_address>0x9b7</run_address>
         <size>0xd4</size>
         <input_file_ref idref="fl-2"/>
      </object_component>
      <object_component id="oc-14b">
         <name>.debug_info</name>
         <load_address>0xa8b</load_address>
         <run_address>0xa8b</run_address>
         <size>0xd4</size>
         <input_file_ref idref="fl-2"/>
      </object_component>
      <object_component id="oc-14e">
         <name>.debug_info</name>
         <load_address>0xb5f</load_address>
         <run_address>0xb5f</run_address>
         <size>0xd4</size>
         <input_file_ref idref="fl-2"/>
      </object_component>
      <object_component id="oc-8d">
         <name>.debug_info</name>
         <load_address>0xc33</load_address>
         <run_address>0xc33</run_address>
         <size>0x4f1</size>
         <input_file_ref idref="fl-2"/>
      </object_component>
      <object_component id="oc-229">
         <name>.debug_info</name>
         <load_address>0x1124</load_address>
         <run_address>0x1124</run_address>
         <size>0x30c</size>
         <input_file_ref idref="fl-2"/>
      </object_component>
      <object_component id="oc-178">
         <name>.debug_info</name>
         <load_address>0x1430</load_address>
         <run_address>0x1430</run_address>
         <size>0x26b</size>
         <input_file_ref idref="fl-2"/>
      </object_component>
      <object_component id="oc-9b">
         <name>.debug_info</name>
         <load_address>0x169b</load_address>
         <run_address>0x169b</run_address>
         <size>0x157</size>
         <input_file_ref idref="fl-2"/>
      </object_component>
      <object_component id="oc-26f">
         <name>.debug_info</name>
         <load_address>0x17f2</load_address>
         <run_address>0x17f2</run_address>
         <size>0x37f</size>
         <input_file_ref idref="fl-2"/>
      </object_component>
      <object_component id="oc-152">
         <name>.debug_info</name>
         <load_address>0x1b71</load_address>
         <run_address>0x1b71</run_address>
         <size>0xe1</size>
         <input_file_ref idref="fl-2"/>
      </object_component>
      <object_component id="oc-b5">
         <name>.debug_info</name>
         <load_address>0x1c52</load_address>
         <run_address>0x1c52</run_address>
         <size>0x8b</size>
         <input_file_ref idref="fl-2"/>
      </object_component>
      <object_component id="oc-223">
         <name>.debug_info</name>
         <load_address>0x1cdd</load_address>
         <run_address>0x1cdd</run_address>
         <size>0x2c</size>
         <input_file_ref idref="fl-2"/>
      </object_component>
      <object_component id="oc-285">
         <name>.debug_info</name>
         <load_address>0x1d09</load_address>
         <run_address>0x1d09</run_address>
         <size>0x297</size>
         <input_file_ref idref="fl-2"/>
      </object_component>
      <object_component id="oc-16a">
         <name>.debug_info</name>
         <load_address>0x1fa0</load_address>
         <run_address>0x1fa0</run_address>
         <size>0xbb</size>
         <input_file_ref idref="fl-2"/>
      </object_component>
      <object_component id="oc-ba">
         <name>.debug_info</name>
         <load_address>0x205b</load_address>
         <run_address>0x205b</run_address>
         <size>0x86</size>
         <input_file_ref idref="fl-2"/>
      </object_component>
      <object_component id="oc-187">
         <name>.debug_info</name>
         <load_address>0x20e1</load_address>
         <run_address>0x20e1</run_address>
         <size>0x1f9</size>
         <input_file_ref idref="fl-2"/>
      </object_component>
      <object_component id="oc-265">
         <name>.debug_info</name>
         <load_address>0x22da</load_address>
         <run_address>0x22da</run_address>
         <size>0x243</size>
         <input_file_ref idref="fl-2"/>
      </object_component>
      <object_component id="oc-2bb">
         <name>.debug_info</name>
         <load_address>0x251d</load_address>
         <run_address>0x251d</run_address>
         <size>0x18e</size>
         <input_file_ref idref="fl-2"/>
      </object_component>
      <object_component id="oc-26a">
         <name>.debug_info</name>
         <load_address>0x26ab</load_address>
         <run_address>0x26ab</run_address>
         <size>0x14c</size>
         <input_file_ref idref="fl-2"/>
      </object_component>
      <object_component id="oc-4b">
         <name>.debug_info</name>
         <load_address>0x27f7</load_address>
         <run_address>0x27f7</run_address>
         <size>0x84</size>
         <input_file_ref idref="fl-4"/>
      </object_component>
      <object_component id="oc-a9">
         <name>.debug_info</name>
         <load_address>0x287b</load_address>
         <run_address>0x287b</run_address>
         <size>0xff</size>
         <input_file_ref idref="fl-5"/>
      </object_component>
      <object_component id="oc-1b0">
         <name>.debug_info</name>
         <load_address>0x297a</load_address>
         <run_address>0x297a</run_address>
         <size>0x2be</size>
         <input_file_ref idref="fl-6"/>
      </object_component>
      <object_component id="oc-6e">
         <name>.debug_info</name>
         <load_address>0x2c38</load_address>
         <run_address>0x2c38</run_address>
         <size>0x63f</size>
         <input_file_ref idref="fl-6"/>
      </object_component>
      <object_component id="oc-dd">
         <name>.debug_info</name>
         <load_address>0x3277</load_address>
         <run_address>0x3277</run_address>
         <size>0x9e7</size>
         <input_file_ref idref="fl-6"/>
      </object_component>
      <object_component id="oc-f8">
         <name>.debug_info</name>
         <load_address>0x3c5e</load_address>
         <run_address>0x3c5e</run_address>
         <size>0x316</size>
         <input_file_ref idref="fl-7"/>
      </object_component>
      <object_component id="oc-86">
         <name>.debug_info</name>
         <load_address>0x3f74</load_address>
         <run_address>0x3f74</run_address>
         <size>0xb2b</size>
         <input_file_ref idref="fl-7"/>
      </object_component>
      <object_component id="oc-26">
         <name>.debug_info</name>
         <load_address>0x4a9f</load_address>
         <run_address>0x4a9f</run_address>
         <size>0x18b</size>
         <input_file_ref idref="fl-7"/>
      </object_component>
      <object_component id="oc-b0">
         <name>.debug_info</name>
         <load_address>0x4c2a</load_address>
         <run_address>0x4c2a</run_address>
         <size>0x18c</size>
         <input_file_ref idref="fl-7"/>
      </object_component>
      <object_component id="oc-17d">
         <name>.debug_info</name>
         <load_address>0x4db6</load_address>
         <run_address>0x4db6</run_address>
         <size>0x1de</size>
         <input_file_ref idref="fl-7"/>
      </object_component>
      <object_component id="oc-f3">
         <name>.debug_info</name>
         <load_address>0x4f94</load_address>
         <run_address>0x4f94</run_address>
         <size>0x129</size>
         <input_file_ref idref="fl-7"/>
      </object_component>
      <object_component id="oc-196">
         <name>.debug_info</name>
         <load_address>0x50bd</load_address>
         <run_address>0x50bd</run_address>
         <size>0x2d0</size>
         <input_file_ref idref="fl-7"/>
      </object_component>
      <object_component id="oc-164">
         <name>.debug_info</name>
         <load_address>0x538d</load_address>
         <run_address>0x538d</run_address>
         <size>0x49a</size>
         <input_file_ref idref="fl-9"/>
      </object_component>
      <object_component id="oc-95">
         <name>.debug_info</name>
         <load_address>0x5827</load_address>
         <run_address>0x5827</run_address>
         <size>0x716</size>
         <input_file_ref idref="fl-9"/>
      </object_component>
      <object_component id="oc-1b5">
         <name>.debug_info</name>
         <load_address>0x5f3d</load_address>
         <run_address>0x5f3d</run_address>
         <size>0x791</size>
         <input_file_ref idref="fl-9"/>
      </object_component>
      <object_component id="oc-1ba">
         <name>.debug_info</name>
         <load_address>0x66ce</load_address>
         <run_address>0x66ce</run_address>
         <size>0x4de</size>
         <input_file_ref idref="fl-9"/>
      </object_component>
      <object_component id="oc-1bf">
         <name>.debug_info</name>
         <load_address>0x6bac</load_address>
         <run_address>0x6bac</run_address>
         <size>0x3ce</size>
         <input_file_ref idref="fl-9"/>
      </object_component>
      <object_component id="oc-280">
         <name>.debug_info</name>
         <load_address>0x6f7a</load_address>
         <run_address>0x6f7a</run_address>
         <size>0x7cd</size>
         <input_file_ref idref="fl-9"/>
      </object_component>
      <object_component id="oc-165">
         <name>.debug_info</name>
         <load_address>0x7747</load_address>
         <run_address>0x7747</run_address>
         <size>0x673</size>
         <input_file_ref idref="fl-9"/>
      </object_component>
      <object_component id="oc-1a8">
         <name>.debug_info</name>
         <load_address>0x7dba</load_address>
         <run_address>0x7dba</run_address>
         <size>0x2c</size>
         <input_file_ref idref="fl-9"/>
      </object_component>
      <object_component id="oc-1c4">
         <name>.debug_info</name>
         <load_address>0x7de6</load_address>
         <run_address>0x7de6</run_address>
         <size>0x437</size>
         <input_file_ref idref="fl-9"/>
      </object_component>
      <object_component id="oc-1ef">
         <name>.debug_info</name>
         <load_address>0x821d</load_address>
         <run_address>0x821d</run_address>
         <size>0x37b</size>
         <input_file_ref idref="fl-9"/>
      </object_component>
      <object_component id="oc-1c9">
         <name>.debug_info</name>
         <load_address>0x8598</load_address>
         <run_address>0x8598</run_address>
         <size>0x1ca</size>
         <input_file_ref idref="fl-9"/>
      </object_component>
      <object_component id="oc-182">
         <name>.debug_info</name>
         <load_address>0x8762</load_address>
         <run_address>0x8762</run_address>
         <size>0x435</size>
         <input_file_ref idref="fl-9"/>
      </object_component>
      <object_component id="oc-1e2">
         <name>.debug_info</name>
         <load_address>0x8b97</load_address>
         <run_address>0x8b97</run_address>
         <size>0x551</size>
         <input_file_ref idref="fl-9"/>
      </object_component>
      <object_component id="oc-1ce">
         <name>.debug_info</name>
         <load_address>0x90e8</load_address>
         <run_address>0x90e8</run_address>
         <size>0x3d3</size>
         <input_file_ref idref="fl-9"/>
      </object_component>
      <object_component id="oc-1d8">
         <name>.debug_info</name>
         <load_address>0x94bb</load_address>
         <run_address>0x94bb</run_address>
         <size>0x1de</size>
         <input_file_ref idref="fl-9"/>
      </object_component>
      <object_component id="oc-1e7">
         <name>.debug_info</name>
         <load_address>0x9699</load_address>
         <run_address>0x9699</run_address>
         <size>0x17a</size>
         <input_file_ref idref="fl-9"/>
      </object_component>
      <object_component id="oc-18c">
         <name>.debug_info</name>
         <load_address>0x9813</load_address>
         <run_address>0x9813</run_address>
         <size>0x6a6</size>
         <input_file_ref idref="fl-9"/>
      </object_component>
      <object_component id="oc-191">
         <name>.debug_info</name>
         <load_address>0x9eb9</load_address>
         <run_address>0x9eb9</run_address>
         <size>0x13e</size>
         <input_file_ref idref="fl-9"/>
      </object_component>
      <object_component id="oc-2c9">
         <name>.debug_info</name>
         <load_address>0x9ff7</load_address>
         <run_address>0x9ff7</run_address>
         <size>0x67c</size>
         <input_file_ref idref="fl-b"/>
      </object_component>
      <object_component id="oc-21d">
         <name>.debug_info</name>
         <load_address>0xa673</load_address>
         <run_address>0xa673</run_address>
         <size>0x147a</size>
         <input_file_ref idref="fl-b"/>
      </object_component>
      <object_component id="oc-2c3">
         <name>.debug_info</name>
         <load_address>0xbaed</load_address>
         <run_address>0xbaed</run_address>
         <size>0x110</size>
         <input_file_ref idref="fl-b"/>
      </object_component>
      <object_component id="oc-233">
         <name>.debug_info</name>
         <load_address>0xbbfd</load_address>
         <run_address>0xbbfd</run_address>
         <size>0x39</size>
         <input_file_ref idref="fl-b"/>
      </object_component>
      <object_component id="oc-2cc">
         <name>.debug_info</name>
         <load_address>0xbc36</load_address>
         <run_address>0xbc36</run_address>
         <size>0x46</size>
         <input_file_ref idref="fl-b"/>
      </object_component>
      <object_component id="oc-325">
         <name>.debug_info</name>
         <load_address>0xbc7c</load_address>
         <run_address>0xbc7c</run_address>
         <size>0x62</size>
         <input_file_ref idref="fl-b"/>
      </object_component>
      <object_component id="oc-2de">
         <name>.debug_info</name>
         <load_address>0xbcde</load_address>
         <run_address>0xbcde</run_address>
         <size>0x424</size>
         <input_file_ref idref="fl-c"/>
      </object_component>
      <object_component id="oc-32b">
         <name>.debug_info</name>
         <load_address>0xc102</load_address>
         <run_address>0xc102</run_address>
         <size>0xdc</size>
         <input_file_ref idref="fl-c"/>
      </object_component>
      <object_component id="oc-2db">
         <name>.debug_info</name>
         <load_address>0xc1de</load_address>
         <run_address>0xc1de</run_address>
         <size>0xdc</size>
         <input_file_ref idref="fl-c"/>
      </object_component>
      <object_component id="oc-2d8">
         <name>.debug_info</name>
         <load_address>0xc2ba</load_address>
         <run_address>0xc2ba</run_address>
         <size>0x190</size>
         <input_file_ref idref="fl-c"/>
      </object_component>
      <object_component id="oc-239">
         <name>.debug_info</name>
         <load_address>0xc44a</load_address>
         <run_address>0xc44a</run_address>
         <size>0x539</size>
         <input_file_ref idref="fl-c"/>
      </object_component>
      <object_component id="oc-2d2">
         <name>.debug_info</name>
         <load_address>0xc983</load_address>
         <run_address>0xc983</run_address>
         <size>0x2b3</size>
         <input_file_ref idref="fl-c"/>
      </object_component>
      <object_component id="oc-332">
         <name>.debug_info</name>
         <load_address>0xcc36</load_address>
         <run_address>0xcc36</run_address>
         <size>0x62</size>
         <input_file_ref idref="fl-c"/>
      </object_component>
      <object_component id="oc-2e0">
         <name>.debug_info</name>
         <load_address>0xcc98</load_address>
         <run_address>0xcc98</run_address>
         <size>0x35f</size>
         <input_file_ref idref="fl-d"/>
      </object_component>
      <object_component id="oc-23f">
         <name>.debug_info</name>
         <load_address>0xcff7</load_address>
         <run_address>0xcff7</run_address>
         <size>0x4ba</size>
         <input_file_ref idref="fl-d"/>
      </object_component>
      <object_component id="oc-228">
         <name>.debug_info</name>
         <load_address>0xd4b1</load_address>
         <run_address>0xd4b1</run_address>
         <size>0xe2b</size>
         <input_file_ref idref="fl-e"/>
      </object_component>
      <object_component id="oc-130">
         <name>.debug_info</name>
         <load_address>0xe2dc</load_address>
         <run_address>0xe2dc</run_address>
         <size>0x3b16</size>
         <input_file_ref idref="fl-e"/>
      </object_component>
      <object_component id="oc-22e">
         <name>.debug_info</name>
         <load_address>0x11df2</load_address>
         <run_address>0x11df2</run_address>
         <size>0x46</size>
         <input_file_ref idref="fl-e"/>
      </object_component>
      <object_component id="oc-2e8">
         <name>.debug_info</name>
         <load_address>0x11e38</load_address>
         <run_address>0x11e38</run_address>
         <size>0x477</size>
         <input_file_ref idref="fl-f"/>
      </object_component>
      <object_component id="oc-173">
         <name>.debug_info</name>
         <load_address>0x122af</load_address>
         <run_address>0x122af</run_address>
         <size>0x12a</size>
         <input_file_ref idref="fl-f"/>
      </object_component>
      <object_component id="oc-245">
         <name>.debug_info</name>
         <load_address>0x123d9</load_address>
         <run_address>0x123d9</run_address>
         <size>0x5be</size>
         <input_file_ref idref="fl-f"/>
      </object_component>
      <object_component id="oc-2e2">
         <name>.debug_info</name>
         <load_address>0x12997</load_address>
         <run_address>0x12997</run_address>
         <size>0x363</size>
         <input_file_ref idref="fl-f"/>
      </object_component>
      <object_component id="oc-a1">
         <name>.debug_info</name>
         <load_address>0x12cfa</load_address>
         <run_address>0x12cfa</run_address>
         <size>0x4e0</size>
         <input_file_ref idref="fl-10"/>
      </object_component>
      <object_component id="oc-2c2">
         <name>.debug_info</name>
         <load_address>0x131da</load_address>
         <run_address>0x131da</run_address>
         <size>0x6d6</size>
         <input_file_ref idref="fl-11"/>
      </object_component>
      <object_component id="oc-217">
         <name>.debug_info</name>
         <load_address>0x138b0</load_address>
         <run_address>0x138b0</run_address>
         <size>0x2400</size>
         <input_file_ref idref="fl-11"/>
      </object_component>
      <object_component id="oc-31e">
         <name>.debug_info</name>
         <load_address>0x15cb0</load_address>
         <run_address>0x15cb0</run_address>
         <size>0x155</size>
         <input_file_ref idref="fl-11"/>
      </object_component>
      <object_component id="oc-254">
         <name>.debug_info</name>
         <load_address>0x15e05</load_address>
         <run_address>0x15e05</run_address>
         <size>0x84d</size>
         <input_file_ref idref="fl-12"/>
      </object_component>
      <object_component id="oc-170">
         <name>.debug_info</name>
         <load_address>0x16652</load_address>
         <run_address>0x16652</run_address>
         <size>0x34d</size>
         <input_file_ref idref="fl-12"/>
      </object_component>
      <object_component id="oc-24b">
         <name>.debug_info</name>
         <load_address>0x1699f</load_address>
         <run_address>0x1699f</run_address>
         <size>0x279</size>
         <input_file_ref idref="fl-12"/>
      </object_component>
      <object_component id="oc-136">
         <name>.debug_info</name>
         <load_address>0x16c18</load_address>
         <run_address>0x16c18</run_address>
         <size>0x4b8d</size>
         <input_file_ref idref="fl-12"/>
      </object_component>
      <object_component id="oc-211">
         <name>.debug_info</name>
         <load_address>0x1b7a5</load_address>
         <run_address>0x1b7a5</run_address>
         <size>0x3fb</size>
         <input_file_ref idref="fl-12"/>
      </object_component>
      <object_component id="oc-2ef">
         <name>.debug_info</name>
         <load_address>0x1bba0</load_address>
         <run_address>0x1bba0</run_address>
         <size>0x14e</size>
         <input_file_ref idref="fl-12"/>
      </object_component>
      <object_component id="oc-1b2">
         <name>.debug_info</name>
         <load_address>0x1bcee</load_address>
         <run_address>0x1bcee</run_address>
         <size>0x280</size>
         <input_file_ref idref="fl-14"/>
      </object_component>
      <object_component id="oc-e4">
         <name>.debug_info</name>
         <load_address>0x1bf6e</load_address>
         <run_address>0x1bf6e</run_address>
         <size>0x1e9</size>
         <input_file_ref idref="fl-14"/>
      </object_component>
      <object_component id="oc-1d3">
         <name>.debug_info</name>
         <load_address>0x1c157</load_address>
         <run_address>0x1c157</run_address>
         <size>0x508</size>
         <input_file_ref idref="fl-14"/>
      </object_component>
      <object_component id="oc-292">
         <name>.debug_info</name>
         <load_address>0x1c65f</load_address>
         <run_address>0x1c65f</run_address>
         <size>0x43c</size>
         <input_file_ref idref="fl-14"/>
      </object_component>
      <object_component id="oc-20f">
         <name>.debug_info</name>
         <load_address>0x1ca9b</load_address>
         <run_address>0x1ca9b</run_address>
         <size>0x2e6</size>
         <input_file_ref idref="fl-15"/>
      </object_component>
      <object_component id="oc-20c">
         <name>.debug_info</name>
         <load_address>0x1cd81</load_address>
         <run_address>0x1cd81</run_address>
         <size>0xea</size>
         <input_file_ref idref="fl-15"/>
      </object_component>
      <object_component id="oc-12a">
         <name>.debug_info</name>
         <load_address>0x1ce6b</load_address>
         <run_address>0x1ce6b</run_address>
         <size>0xc3a</size>
         <input_file_ref idref="fl-15"/>
      </object_component>
      <object_component id="oc-2b6">
         <name>.debug_info</name>
         <load_address>0x1daa5</load_address>
         <run_address>0x1daa5</run_address>
         <size>0x91</size>
         <input_file_ref idref="fl-15"/>
      </object_component>
      <object_component id="oc-69">
         <name>.debug_info</name>
         <load_address>0x1db36</load_address>
         <run_address>0x1db36</run_address>
         <size>0x7f4</size>
         <input_file_ref idref="fl-16"/>
      </object_component>
      <object_component id="oc-2f">
         <name>.debug_info</name>
         <load_address>0x1e32a</load_address>
         <run_address>0x1e32a</run_address>
         <size>0x107</size>
         <input_file_ref idref="fl-18"/>
      </object_component>
      <object_component id="oc-297">
         <name>.debug_info</name>
         <load_address>0x1e431</load_address>
         <run_address>0x1e431</run_address>
         <size>0x29f</size>
         <input_file_ref idref="fl-1a"/>
      </object_component>
      <object_component id="oc-304">
         <name>.debug_info</name>
         <load_address>0x1e6d0</load_address>
         <run_address>0x1e6d0</run_address>
         <size>0x242</size>
         <input_file_ref idref="fl-1a"/>
      </object_component>
      <object_component id="oc-1dd">
         <name>.debug_info</name>
         <load_address>0x1e912</load_address>
         <run_address>0x1e912</run_address>
         <size>0x2af</size>
         <input_file_ref idref="fl-1a"/>
      </object_component>
      <object_component id="oc-34">
         <name>.debug_info</name>
         <load_address>0x1ebc1</load_address>
         <run_address>0x1ebc1</run_address>
         <size>0x13c</size>
         <input_file_ref idref="fl-1b"/>
      </object_component>
      <object_component id="oc-ec">
         <name>.debug_info</name>
         <load_address>0x1ecfd</load_address>
         <run_address>0x1ecfd</run_address>
         <size>0x366</size>
         <input_file_ref idref="fl-1d"/>
      </object_component>
      <object_component id="oc-f1">
         <name>.debug_info</name>
         <load_address>0x1f063</load_address>
         <run_address>0x1f063</run_address>
         <size>0x66f</size>
         <input_file_ref idref="fl-1e"/>
      </object_component>
      <object_component id="oc-80">
         <name>.debug_info</name>
         <load_address>0x1f6d2</load_address>
         <run_address>0x1f6d2</run_address>
         <size>0x2e8e</size>
         <input_file_ref idref="fl-1e"/>
      </object_component>
      <object_component id="oc-20">
         <name>.debug_info</name>
         <load_address>0x22560</load_address>
         <run_address>0x22560</run_address>
         <size>0x5e2</size>
         <input_file_ref idref="fl-1f"/>
      </object_component>
      <object_component id="oc-74">
         <name>.debug_info</name>
         <load_address>0x22b42</load_address>
         <run_address>0x22b42</run_address>
         <size>0x135</size>
         <input_file_ref idref="fl-1f"/>
      </object_component>
      <object_component id="oc-a7">
         <name>.debug_info</name>
         <load_address>0x22c77</load_address>
         <run_address>0x22c77</run_address>
         <size>0x4a7</size>
         <input_file_ref idref="fl-20"/>
      </object_component>
      <object_component id="oc-2c">
         <name>.debug_info</name>
         <load_address>0x2311e</load_address>
         <run_address>0x2311e</run_address>
         <size>0xe4</size>
         <input_file_ref idref="fl-20"/>
      </object_component>
      <object_component id="oc-3b">
         <name>.debug_info</name>
         <load_address>0x23202</load_address>
         <run_address>0x23202</run_address>
         <size>0x476</size>
         <input_file_ref idref="fl-20"/>
      </object_component>
      <object_component id="oc-40">
         <name>.debug_info</name>
         <load_address>0x23678</load_address>
         <run_address>0x23678</run_address>
         <size>0x1ff</size>
         <input_file_ref idref="fl-20"/>
      </object_component>
      <object_component id="oc-19b">
         <name>.debug_info</name>
         <load_address>0x23877</load_address>
         <run_address>0x23877</run_address>
         <size>0x4f</size>
         <input_file_ref idref="fl-20"/>
      </object_component>
      <object_component id="oc-ea">
         <name>.debug_info</name>
         <load_address>0x238c6</load_address>
         <run_address>0x238c6</run_address>
         <size>0x51c</size>
         <input_file_ref idref="fl-21"/>
      </object_component>
      <object_component id="oc-7a">
         <name>.debug_info</name>
         <load_address>0x23de2</load_address>
         <run_address>0x23de2</run_address>
         <size>0x7d9</size>
         <input_file_ref idref="fl-21"/>
      </object_component>
      <object_component id="oc-2b1">
         <name>.debug_info</name>
         <load_address>0x245bb</load_address>
         <run_address>0x245bb</run_address>
         <size>0x290</size>
         <input_file_ref idref="fl-35"/>
      </object_component>
      <object_component id="oc-208">
         <name>.debug_info</name>
         <load_address>0x2484b</load_address>
         <run_address>0x2484b</run_address>
         <size>0x1a1</size>
         <input_file_ref idref="fl-35"/>
      </object_component>
      <object_component id="oc-315">
         <name>.debug_info</name>
         <load_address>0x249ec</load_address>
         <run_address>0x249ec</run_address>
         <size>0x46</size>
         <input_file_ref idref="fl-35"/>
      </object_component>
      <object_component id="oc-2ac">
         <name>.debug_info</name>
         <load_address>0x24a32</load_address>
         <run_address>0x24a32</run_address>
         <size>0x39</size>
         <input_file_ref idref="fl-35"/>
      </object_component>
      <object_component id="oc-d8">
         <name>.debug_info</name>
         <load_address>0x24a6b</load_address>
         <run_address>0x24a6b</run_address>
         <size>0x148</size>
         <input_file_ref idref="fl-36"/>
      </object_component>
      <object_component id="oc-51">
         <name>.debug_info</name>
         <load_address>0x24bb3</load_address>
         <run_address>0x24bb3</run_address>
         <size>0x11a</size>
         <input_file_ref idref="fl-37"/>
      </object_component>
      <object_component id="oc-1f7">
         <name>.debug_info</name>
         <load_address>0x24ccd</load_address>
         <run_address>0x24ccd</run_address>
         <size>0x4b4</size>
         <input_file_ref idref="fl-38"/>
      </object_component>
      <object_component id="oc-fd">
         <name>.debug_info</name>
         <load_address>0x25181</load_address>
         <run_address>0x25181</run_address>
         <size>0x1a7</size>
         <input_file_ref idref="fl-38"/>
      </object_component>
      <object_component id="oc-29a">
         <name>.debug_info</name>
         <load_address>0x25328</load_address>
         <run_address>0x25328</run_address>
         <size>0x39</size>
         <input_file_ref idref="fl-38"/>
      </object_component>
      <object_component id="oc-309">
         <name>.debug_info</name>
         <load_address>0x25361</load_address>
         <run_address>0x25361</run_address>
         <size>0x39</size>
         <input_file_ref idref="fl-38"/>
      </object_component>
      <object_component id="oc-29f">
         <name>.debug_info</name>
         <load_address>0x2539a</load_address>
         <run_address>0x2539a</run_address>
         <size>0x39</size>
         <input_file_ref idref="fl-38"/>
      </object_component>
      <object_component id="oc-2a4">
         <name>.debug_info</name>
         <load_address>0x253d3</load_address>
         <run_address>0x253d3</run_address>
         <size>0xcd</size>
         <input_file_ref idref="fl-38"/>
      </object_component>
      <object_component id="oc-d4">
         <name>.debug_info</name>
         <load_address>0x254a0</load_address>
         <run_address>0x254a0</run_address>
         <size>0x2d5</size>
         <input_file_ref idref="fl-3a"/>
      </object_component>
      <object_component id="oc-63">
         <name>.debug_info</name>
         <load_address>0x25775</load_address>
         <run_address>0x25775</run_address>
         <size>0x1b6</size>
         <input_file_ref idref="fl-3a"/>
      </object_component>
      <object_component id="oc-cf">
         <name>.debug_info</name>
         <load_address>0x2592b</load_address>
         <run_address>0x2592b</run_address>
         <size>0x46</size>
         <input_file_ref idref="fl-3a"/>
      </object_component>
      <object_component id="oc-5b">
         <name>.debug_info</name>
         <load_address>0x25971</load_address>
         <run_address>0x25971</run_address>
         <size>0x2a4</size>
         <input_file_ref idref="fl-3b"/>
      </object_component>
      <object_component id="oc-1c">
         <name>.debug_info</name>
         <load_address>0x25c15</load_address>
         <run_address>0x25c15</run_address>
         <size>0x1d6</size>
         <input_file_ref idref="fl-3b"/>
      </object_component>
      <object_component id="oc-56">
         <name>.debug_info</name>
         <load_address>0x25deb</load_address>
         <run_address>0x25deb</run_address>
         <size>0x46</size>
         <input_file_ref idref="fl-3b"/>
      </object_component>
      <object_component id="oc-c7">
         <name>.debug_info</name>
         <load_address>0x25e31</load_address>
         <run_address>0x25e31</run_address>
         <size>0x2c</size>
         <input_file_ref idref="fl-3b"/>
      </object_component>
      <object_component id="oc-c5">
         <name>.debug_info</name>
         <load_address>0x25e5d</load_address>
         <run_address>0x25e5d</run_address>
         <size>0x29f</size>
         <input_file_ref idref="fl-3c"/>
      </object_component>
      <object_component id="oc-13">
         <name>.debug_info</name>
         <load_address>0x260fc</load_address>
         <run_address>0x260fc</run_address>
         <size>0x251</size>
         <input_file_ref idref="fl-3c"/>
      </object_component>
      <object_component id="oc-46">
         <name>.debug_info</name>
         <load_address>0x2634d</load_address>
         <run_address>0x2634d</run_address>
         <size>0x60</size>
         <input_file_ref idref="fl-3c"/>
      </object_component>
      <object_component id="oc-1a1">
         <name>.debug_info</name>
         <load_address>0x263ad</load_address>
         <run_address>0x263ad</run_address>
         <size>0x46</size>
         <input_file_ref idref="fl-3c"/>
      </object_component>
      <object_component id="oc-c0">
         <name>.debug_info</name>
         <load_address>0x263f3</load_address>
         <run_address>0x263f3</run_address>
         <size>0x39</size>
         <input_file_ref idref="fl-3c"/>
      </object_component>
      <object_component id="oc-15b">
         <name>.debug_info</name>
         <load_address>0x2642c</load_address>
         <run_address>0x2642c</run_address>
         <size>0x123</size>
         <input_file_ref idref="fl-3d"/>
      </object_component>
      <object_component id="oc-2ec">
         <name>.debug_info</name>
         <load_address>0x2654f</load_address>
         <run_address>0x2654f</run_address>
         <size>0x290</size>
         <input_file_ref idref="fl-3f"/>
      </object_component>
      <object_component id="oc-24e">
         <name>.debug_info</name>
         <load_address>0x267df</load_address>
         <run_address>0x267df</run_address>
         <size>0x246</size>
         <input_file_ref idref="fl-3f"/>
      </object_component>
      <object_component id="oc-373">
         <name>.debug_info</name>
         <load_address>0x26a25</load_address>
         <run_address>0x26a25</run_address>
         <size>0xa6</size>
      </object_component>
      <object_component id="oc-264">
         <name>.debug_line</name>
         <load_address>0x0</load_address>
         <run_address>0x0</run_address>
         <size>0xa4</size>
         <input_file_ref idref="fl-2"/>
      </object_component>
      <object_component id="oc-258">
         <name>.debug_line</name>
         <load_address>0xa4</load_address>
         <run_address>0xa4</run_address>
         <size>0x2d</size>
         <input_file_ref idref="fl-2"/>
      </object_component>
      <object_component id="oc-256">
         <name>.debug_line</name>
         <load_address>0xd1</load_address>
         <run_address>0xd1</run_address>
         <size>0x2d</size>
         <input_file_ref idref="fl-2"/>
      </object_component>
      <object_component id="oc-25a">
         <name>.debug_line</name>
         <load_address>0xfe</load_address>
         <run_address>0xfe</run_address>
         <size>0x2d</size>
         <input_file_ref idref="fl-2"/>
      </object_component>
      <object_component id="oc-25c">
         <name>.debug_line</name>
         <load_address>0x12b</load_address>
         <run_address>0x12b</run_address>
         <size>0x2d</size>
         <input_file_ref idref="fl-2"/>
      </object_component>
      <object_component id="oc-25e">
         <name>.debug_line</name>
         <load_address>0x158</load_address>
         <run_address>0x158</run_address>
         <size>0x2d</size>
         <input_file_ref idref="fl-2"/>
      </object_component>
      <object_component id="oc-260">
         <name>.debug_line</name>
         <load_address>0x185</load_address>
         <run_address>0x185</run_address>
         <size>0x2d</size>
         <input_file_ref idref="fl-2"/>
      </object_component>
      <object_component id="oc-262">
         <name>.debug_line</name>
         <load_address>0x1b2</load_address>
         <run_address>0x1b2</run_address>
         <size>0x2d</size>
         <input_file_ref idref="fl-2"/>
      </object_component>
      <object_component id="oc-90">
         <name>.debug_line</name>
         <load_address>0x1df</load_address>
         <run_address>0x1df</run_address>
         <size>0xd7</size>
         <input_file_ref idref="fl-2"/>
      </object_component>
      <object_component id="oc-22c">
         <name>.debug_line</name>
         <load_address>0x2b6</load_address>
         <run_address>0x2b6</run_address>
         <size>0x64</size>
         <input_file_ref idref="fl-2"/>
      </object_component>
      <object_component id="oc-17b">
         <name>.debug_line</name>
         <load_address>0x31a</load_address>
         <run_address>0x31a</run_address>
         <size>0x7a</size>
         <input_file_ref idref="fl-2"/>
      </object_component>
      <object_component id="oc-9e">
         <name>.debug_line</name>
         <load_address>0x394</load_address>
         <run_address>0x394</run_address>
         <size>0x69</size>
         <input_file_ref idref="fl-2"/>
      </object_component>
      <object_component id="oc-272">
         <name>.debug_line</name>
         <load_address>0x3fd</load_address>
         <run_address>0x3fd</run_address>
         <size>0x65</size>
         <input_file_ref idref="fl-2"/>
      </object_component>
      <object_component id="oc-155">
         <name>.debug_line</name>
         <load_address>0x462</load_address>
         <run_address>0x462</run_address>
         <size>0x69</size>
         <input_file_ref idref="fl-2"/>
      </object_component>
      <object_component id="oc-b8">
         <name>.debug_line</name>
         <load_address>0x4cb</load_address>
         <run_address>0x4cb</run_address>
         <size>0x20</size>
         <input_file_ref idref="fl-2"/>
      </object_component>
      <object_component id="oc-226">
         <name>.debug_line</name>
         <load_address>0x4eb</load_address>
         <run_address>0x4eb</run_address>
         <size>0x68</size>
         <input_file_ref idref="fl-2"/>
      </object_component>
      <object_component id="oc-288">
         <name>.debug_line</name>
         <load_address>0x553</load_address>
         <run_address>0x553</run_address>
         <size>0x7e</size>
         <input_file_ref idref="fl-2"/>
      </object_component>
      <object_component id="oc-16d">
         <name>.debug_line</name>
         <load_address>0x5d1</load_address>
         <run_address>0x5d1</run_address>
         <size>0x7b</size>
         <input_file_ref idref="fl-2"/>
      </object_component>
      <object_component id="oc-bd">
         <name>.debug_line</name>
         <load_address>0x64c</load_address>
         <run_address>0x64c</run_address>
         <size>0x67</size>
         <input_file_ref idref="fl-2"/>
      </object_component>
      <object_component id="oc-18a">
         <name>.debug_line</name>
         <load_address>0x6b3</load_address>
         <run_address>0x6b3</run_address>
         <size>0x64</size>
         <input_file_ref idref="fl-2"/>
      </object_component>
      <object_component id="oc-268">
         <name>.debug_line</name>
         <load_address>0x717</load_address>
         <run_address>0x717</run_address>
         <size>0x64</size>
         <input_file_ref idref="fl-2"/>
      </object_component>
      <object_component id="oc-2be">
         <name>.debug_line</name>
         <load_address>0x77b</load_address>
         <run_address>0x77b</run_address>
         <size>0x60</size>
         <input_file_ref idref="fl-2"/>
      </object_component>
      <object_component id="oc-26d">
         <name>.debug_line</name>
         <load_address>0x7db</load_address>
         <run_address>0x7db</run_address>
         <size>0x64</size>
         <input_file_ref idref="fl-2"/>
      </object_component>
      <object_component id="oc-4e">
         <name>.debug_line</name>
         <load_address>0x83f</load_address>
         <run_address>0x83f</run_address>
         <size>0x20</size>
         <input_file_ref idref="fl-4"/>
      </object_component>
      <object_component id="oc-ac">
         <name>.debug_line</name>
         <load_address>0x85f</load_address>
         <run_address>0x85f</run_address>
         <size>0x78</size>
         <input_file_ref idref="fl-5"/>
      </object_component>
      <object_component id="oc-28f">
         <name>.debug_line</name>
         <load_address>0x8d7</load_address>
         <run_address>0x8d7</run_address>
         <size>0x20</size>
         <input_file_ref idref="fl-6"/>
      </object_component>
      <object_component id="oc-71">
         <name>.debug_line</name>
         <load_address>0x8f7</load_address>
         <run_address>0x8f7</run_address>
         <size>0x1fb</size>
         <input_file_ref idref="fl-6"/>
      </object_component>
      <object_component id="oc-e0">
         <name>.debug_line</name>
         <load_address>0xaf2</load_address>
         <run_address>0xaf2</run_address>
         <size>0x73</size>
         <input_file_ref idref="fl-6"/>
      </object_component>
      <object_component id="oc-1f5">
         <name>.debug_line</name>
         <load_address>0xb65</load_address>
         <run_address>0xb65</run_address>
         <size>0x60</size>
         <input_file_ref idref="fl-7"/>
      </object_component>
      <object_component id="oc-89">
         <name>.debug_line</name>
         <load_address>0xbc5</load_address>
         <run_address>0xbc5</run_address>
         <size>0x289</size>
         <input_file_ref idref="fl-7"/>
      </object_component>
      <object_component id="oc-29">
         <name>.debug_line</name>
         <load_address>0xe4e</load_address>
         <run_address>0xe4e</run_address>
         <size>0x6e</size>
         <input_file_ref idref="fl-7"/>
      </object_component>
      <object_component id="oc-b3">
         <name>.debug_line</name>
         <load_address>0xebc</load_address>
         <run_address>0xebc</run_address>
         <size>0x64</size>
         <input_file_ref idref="fl-7"/>
      </object_component>
      <object_component id="oc-180">
         <name>.debug_line</name>
         <load_address>0xf20</load_address>
         <run_address>0xf20</run_address>
         <size>0x64</size>
         <input_file_ref idref="fl-7"/>
      </object_component>
      <object_component id="oc-f6">
         <name>.debug_line</name>
         <load_address>0xf84</load_address>
         <run_address>0xf84</run_address>
         <size>0x60</size>
         <input_file_ref idref="fl-7"/>
      </object_component>
      <object_component id="oc-199">
         <name>.debug_line</name>
         <load_address>0xfe4</load_address>
         <run_address>0xfe4</run_address>
         <size>0x64</size>
         <input_file_ref idref="fl-7"/>
      </object_component>
      <object_component id="oc-27f">
         <name>.debug_line</name>
         <load_address>0x1048</load_address>
         <run_address>0x1048</run_address>
         <size>0x20</size>
         <input_file_ref idref="fl-9"/>
      </object_component>
      <object_component id="oc-98">
         <name>.debug_line</name>
         <load_address>0x1068</load_address>
         <run_address>0x1068</run_address>
         <size>0xd2</size>
         <input_file_ref idref="fl-9"/>
      </object_component>
      <object_component id="oc-1b8">
         <name>.debug_line</name>
         <load_address>0x113a</load_address>
         <run_address>0x113a</run_address>
         <size>0x64</size>
         <input_file_ref idref="fl-9"/>
      </object_component>
      <object_component id="oc-1bd">
         <name>.debug_line</name>
         <load_address>0x119e</load_address>
         <run_address>0x119e</run_address>
         <size>0x67</size>
         <input_file_ref idref="fl-9"/>
      </object_component>
      <object_component id="oc-1c2">
         <name>.debug_line</name>
         <load_address>0x1205</load_address>
         <run_address>0x1205</run_address>
         <size>0x64</size>
         <input_file_ref idref="fl-9"/>
      </object_component>
      <object_component id="oc-283">
         <name>.debug_line</name>
         <load_address>0x1269</load_address>
         <run_address>0x1269</run_address>
         <size>0x64</size>
         <input_file_ref idref="fl-9"/>
      </object_component>
      <object_component id="oc-168">
         <name>.debug_line</name>
         <load_address>0x12cd</load_address>
         <run_address>0x12cd</run_address>
         <size>0x64</size>
         <input_file_ref idref="fl-9"/>
      </object_component>
      <object_component id="oc-1ab">
         <name>.debug_line</name>
         <load_address>0x1331</load_address>
         <run_address>0x1331</run_address>
         <size>0x76</size>
         <input_file_ref idref="fl-9"/>
      </object_component>
      <object_component id="oc-1c7">
         <name>.debug_line</name>
         <load_address>0x13a7</load_address>
         <run_address>0x13a7</run_address>
         <size>0x64</size>
         <input_file_ref idref="fl-9"/>
      </object_component>
      <object_component id="oc-1f2">
         <name>.debug_line</name>
         <load_address>0x140b</load_address>
         <run_address>0x140b</run_address>
         <size>0x69</size>
         <input_file_ref idref="fl-9"/>
      </object_component>
      <object_component id="oc-1cc">
         <name>.debug_line</name>
         <load_address>0x1474</load_address>
         <run_address>0x1474</run_address>
         <size>0x64</size>
         <input_file_ref idref="fl-9"/>
      </object_component>
      <object_component id="oc-185">
         <name>.debug_line</name>
         <load_address>0x14d8</load_address>
         <run_address>0x14d8</run_address>
         <size>0x66</size>
         <input_file_ref idref="fl-9"/>
      </object_component>
      <object_component id="oc-1e5">
         <name>.debug_line</name>
         <load_address>0x153e</load_address>
         <run_address>0x153e</run_address>
         <size>0x63</size>
         <input_file_ref idref="fl-9"/>
      </object_component>
      <object_component id="oc-1d1">
         <name>.debug_line</name>
         <load_address>0x15a1</load_address>
         <run_address>0x15a1</run_address>
         <size>0x64</size>
         <input_file_ref idref="fl-9"/>
      </object_component>
      <object_component id="oc-1db">
         <name>.debug_line</name>
         <load_address>0x1605</load_address>
         <run_address>0x1605</run_address>
         <size>0x66</size>
         <input_file_ref idref="fl-9"/>
      </object_component>
      <object_component id="oc-1ea">
         <name>.debug_line</name>
         <load_address>0x166b</load_address>
         <run_address>0x166b</run_address>
         <size>0x64</size>
         <input_file_ref idref="fl-9"/>
      </object_component>
      <object_component id="oc-18f">
         <name>.debug_line</name>
         <load_address>0x16cf</load_address>
         <run_address>0x16cf</run_address>
         <size>0x67</size>
         <input_file_ref idref="fl-9"/>
      </object_component>
      <object_component id="oc-194">
         <name>.debug_line</name>
         <load_address>0x1736</load_address>
         <run_address>0x1736</run_address>
         <size>0x66</size>
         <input_file_ref idref="fl-9"/>
      </object_component>
      <object_component id="oc-324">
         <name>.debug_line</name>
         <load_address>0x179c</load_address>
         <run_address>0x179c</run_address>
         <size>0x139</size>
         <input_file_ref idref="fl-b"/>
      </object_component>
      <object_component id="oc-220">
         <name>.debug_line</name>
         <load_address>0x18d5</load_address>
         <run_address>0x18d5</run_address>
         <size>0x2ec</size>
[...]
         <name>_coreDisableRamEcc_</name>
         <value>0xeab0</value>
         <object_component_ref idref="oc-68"/>
      </symbol>
      <symbol id="sm-7e1">
         <name>_coreGetDataFaultAddress_</name>
         <value>0xeb1c</value>
         <object_component_ref idref="oc-68"/>
      </symbol>
      <symbol id="sm-7e2">
         <name>_coreClearInstructionFault_</name>
         <value>0xeb10</value>
         <object_component_ref idref="oc-68"/>
      </symbol>
      <symbol id="sm-7e3">
         <name>_getCPSRValue_</name>
         <value>0xea48</value>
         <object_component_ref idref="oc-68"/>
      </symbol>
      <symbol id="sm-7e4">
         <name>__TI_PINIT_Limit</name>
         <value>0xec38</value>
         <object_component_ref idref="oc-68"/>
      </symbol>
      <symbol id="sm-7e5">
         <name>_coreEnableFlashEcc_</name>
         <value>0xeac0</value>
         <object_component_ref idref="oc-68"/>
      </symbol>
      <symbol id="sm-7e6">
         <name>_disable_FIQ_interrupt_</name>
         <value>0xeb74</value>
         <object_component_ref idref="oc-68"/>
      </symbol>
      <symbol id="sm-7e7">
         <name>_coreGetAuxiliaryInstructionFault_</name>
         <value>0xeb58</value>
         <object_component_ref idref="oc-68"/>
      </symbol>
      <symbol id="sm-7e8">
         <name>_coreInitStackPointer_</name>
         <value>0xe9fc</value>
         <object_component_ref idref="oc-68"/>
      </symbol>
      <symbol id="sm-7e9">
         <name>_esmCcmErrorsClear_</name>
         <value>0xeb8c</value>
         <object_component_ref idref="oc-68"/>
      </symbol>
      <symbol id="sm-7ea">
         <name>_gotoCPUIdle_</name>
         <value>0xea50</value>
         <object_component_ref idref="oc-68"/>
      </symbol>
      <symbol id="sm-7eb">
         <name>_coreEnableIrqVicOffset_</name>
         <value>0xeae4</value>
         <object_component_ref idref="oc-68"/>
      </symbol>
      <symbol id="sm-7ec">
         <name>_coreGetInstructionFault_</name>
         <value>0xeb08</value>
         <object_component_ref idref="oc-68"/>
      </symbol>
      <symbol id="sm-7ed">
         <name>_coreEnableVfp_</name>
         <value>0xea68</value>
         <object_component_ref idref="oc-68"/>
      </symbol>
      <symbol id="sm-7ee">
         <name>_coreClearAuxiliaryDataFault_</name>
         <value>0xeb4c</value>
         <object_component_ref idref="oc-68"/>
      </symbol>
      <symbol id="sm-7ef">
         <name>_coreEnableEventBusExport_</name>
         <value>0xea80</value>
         <object_component_ref idref="oc-68"/>
      </symbol>
      <symbol id="sm-7fb">
         <name>resetEntry</name>
         <value>0x0</value>
         <object_component_ref idref="oc-2e"/>
      </symbol>
      <symbol id="sm-814">
         <name>phantomInterrupt</name>
         <value>0x10210</value>
         <object_component_ref idref="oc-33"/>
      </symbol>
      <symbol id="sm-81e">
         <name>_pmuResetCounters_</name>
         <value>0xff2c</value>
         <object_component_ref idref="oc-eb"/>
      </symbol>
      <symbol id="sm-81f">
         <name>_pmuGetEventCount_</name>
         <value>0xff60</value>
         <object_component_ref idref="oc-eb"/>
      </symbol>
      <symbol id="sm-820">
         <name>_pmuResetEventCounters_</name>
         <value>0xff1c</value>
         <object_component_ref idref="oc-eb"/>
      </symbol>
      <symbol id="sm-821">
         <name>_pmuStopCounters_</name>
         <value>0xff44</value>
         <object_component_ref idref="oc-eb"/>
      </symbol>
      <symbol id="sm-822">
         <name>_pmuInit_</name>
         <value>0xfea0</value>
         <object_component_ref idref="oc-eb"/>
      </symbol>
      <symbol id="sm-823">
         <name>_pmuGetOverflow_</name>
         <value>0xff6c</value>
         <object_component_ref idref="oc-eb"/>
      </symbol>
      <symbol id="sm-824">
         <name>_pmuResetCycleCounter_</name>
         <value>0xff0c</value>
         <object_component_ref idref="oc-eb"/>
      </symbol>
      <symbol id="sm-825">
         <name>_pmuSetCountEvent_</name>
         <value>0xff4c</value>
         <object_component_ref idref="oc-eb"/>
      </symbol>
      <symbol id="sm-826">
         <name>_pmuGetCycleCount_</name>
         <value>0xff58</value>
         <object_component_ref idref="oc-eb"/>
      </symbol>
      <symbol id="sm-827">
         <name>_pmuEnableCountersGlobal_</name>
         <value>0xfeec</value>
         <object_component_ref idref="oc-eb"/>
      </symbol>
      <symbol id="sm-828">
         <name>_pmuDisableCountersGlobal_</name>
         <value>0xfefc</value>
         <object_component_ref idref="oc-eb"/>
      </symbol>
      <symbol id="sm-829">
         <name>_pmuStartCounters_</name>
         <value>0xff3c</value>
         <object_component_ref idref="oc-eb"/>
      </symbol>
      <symbol id="sm-9e9">
         <name>pbistSelfCheck</name>
         <value>0x82cc</value>
         <object_component_ref idref="oc-7f"/>
      </symbol>
      <symbol id="sm-9ea">
         <name>fmcBus1ParityCheck</name>
         <value>0xa2c4</value>
         <object_component_ref idref="oc-7f"/>
      </symbol>
      <symbol id="sm-9eb">
         <name>can1ParityCheck</name>
         <value>0x9410</value>
         <object_component_ref idref="oc-7f"/>
      </symbol>
      <symbol id="sm-9ec">
         <name>enableParity</name>
         <value>0xaad0</value>
         <object_component_ref idref="oc-7f"/>
      </symbol>
      <symbol id="sm-9ed">
         <name>dmaParityCheck</name>
         <value>0x8eac</value>
         <object_component_ref idref="oc-7f"/>
      </symbol>
      <symbol id="sm-9ee">
         <name>custom_dabort</name>
         <value>0x8df4</value>
         <object_component_ref idref="oc-7f"/>
      </symbol>
      <symbol id="sm-9ef">
         <name>memoryInit</name>
         <value>0x8174</value>
         <object_component_ref idref="oc-7f"/>
      </symbol>
      <symbol id="sm-9f0">
         <name>stcSelfCheck</name>
         <value>0x81b8</value>
         <object_component_ref idref="oc-7f"/>
      </symbol>
      <symbol id="sm-9f1">
         <name>efcGetConfigValue</name>
         <value>0xa660</value>
         <object_component_ref idref="oc-7f"/>
      </symbol>
      <symbol id="sm-9f2">
         <name>can2ParityCheck</name>
         <value>0x94e8</value>
         <object_component_ref idref="oc-7f"/>
      </symbol>
      <symbol id="sm-9f3">
         <name>het1ParityCheck</name>
         <value>0x8f58</value>
         <object_component_ref idref="oc-7f"/>
      </symbol>
      <symbol id="sm-9f4">
         <name>adc1ParityCheck</name>
         <value>0x926c</value>
         <object_component_ref idref="oc-7f"/>
      </symbol>
      <symbol id="sm-9f5">
         <name>checkefcSelfTest</name>
         <value>0x87bc</value>
         <object_component_ref idref="oc-7f"/>
      </symbol>
      <symbol id="sm-9f6">
         <name>checkRAMECC</name>
         <value>0x99d0</value>
         <object_component_ref idref="oc-7f"/>
      </symbol>
      <symbol id="sm-9f7">
         <name>stcSelfCheckFail</name>
         <value>0x8df8</value>
         <object_component_ref idref="oc-7f"/>
      </symbol>
      <symbol id="sm-9f8">
         <name>ccmSelfCheck</name>
         <value>0x8030</value>
         <object_component_ref idref="oc-7f"/>
      </symbol>
      <symbol id="sm-9f9">
         <name>efcCheck</name>
         <value>0x8660</value>
         <object_component_ref idref="oc-7f"/>
      </symbol>
      <symbol id="sm-9fa">
         <name>het2ParityCheck</name>
         <value>0x90c0</value>
         <object_component_ref idref="oc-7f"/>
      </symbol>
      <symbol id="sm-9fb">
         <name>adc2ParityCheck</name>
         <value>0x9358</value>
         <object_component_ref idref="oc-7f"/>
      </symbol>
      <symbol id="sm-9fc">
         <name>cpuSelfTest</name>
         <value>0x8234</value>
         <object_component_ref idref="oc-7f"/>
      </symbol>
      <symbol id="sm-9fd">
         <name>htu1ParityCheck</name>
         <value>0x9004</value>
         <object_component_ref idref="oc-7f"/>
      </symbol>
      <symbol id="sm-9fe">
         <name>checkFlashECC</name>
         <value>0x8d18</value>
         <object_component_ref idref="oc-7f"/>
      </symbol>
      <symbol id="sm-9ff">
         <name>cpuSelfTestFail</name>
         <value>0x8dfc</value>
         <object_component_ref idref="oc-7f"/>
      </symbol>
      <symbol id="sm-a00">
         <name>checkPLL1Slip</name>
         <value>0x9e8c</value>
         <object_component_ref idref="oc-7f"/>
      </symbol>
      <symbol id="sm-a01">
         <name>mibspi1ParityCheck</name>
         <value>0x9684</value>
         <object_component_ref idref="oc-7f"/>
      </symbol>
      <symbol id="sm-a02">
         <name>ccmr4GetConfigValue</name>
         <value>0xa6fc</value>
         <object_component_ref idref="oc-7f"/>
      </symbol>
      <symbol id="sm-a03">
         <name>htu2ParityCheck</name>
         <value>0x91bc</value>
         <object_component_ref idref="oc-7f"/>
      </symbol>
      <symbol id="sm-a04">
         <name>pbistPortTestStatus</name>
         <value>0x8608</value>
         <object_component_ref idref="oc-7f"/>
      </symbol>
      <symbol id="sm-a05">
         <name>checkFlashEEPROMECC</name>
         <value>0x9cf4</value>
         <object_component_ref idref="oc-7f"/>
      </symbol>
      <symbol id="sm-a06">
         <name>pbistGetConfigValue</name>
         <value>0xa470</value>
         <object_component_ref idref="oc-7f"/>
      </symbol>
      <symbol id="sm-a07">
         <name>vimParityCheck</name>
         <value>0x8e00</value>
         <object_component_ref idref="oc-7f"/>
      </symbol>
      <symbol id="sm-a08">
         <name>pbistIsTestCompleted</name>
         <value>0x85a8</value>
         <object_component_ref idref="oc-7f"/>
      </symbol>
      <symbol id="sm-a09">
         <name>disableParity</name>
         <value>0xab58</value>
         <object_component_ref idref="oc-7f"/>
      </symbol>
      <symbol id="sm-a0a">
         <name>pbistRun</name>
         <value>0x84ac</value>
         <object_component_ref idref="oc-7f"/>
      </symbol>
      <symbol id="sm-a0b">
         <name>pbistFail</name>
         <value>0xa3ec</value>
         <object_component_ref idref="oc-7f"/>
      </symbol>
      <symbol id="sm-a0c">
         <name>selftestFailNotification</name>
         <value>0x8020</value>
         <object_component_ref idref="oc-7f"/>
      </symbol>
      <symbol id="sm-a0d">
         <name>errata_PBIST_4</name>
         <value>0xa76c</value>
         <object_component_ref idref="oc-7f"/>
      </symbol>
      <symbol id="sm-a0e">
         <name>mibspi3ParityCheck</name>
         <value>0x978c</value>
         <object_component_ref idref="oc-7f"/>
      </symbol>
      <symbol id="sm-a0f">
         <name>efcSelfTest</name>
         <value>0x8794</value>
         <object_component_ref idref="oc-7f"/>
      </symbol>
      <symbol id="sm-a10">
         <name>checkB1RAMECC</name>
         <value>0x8b28</value>
         <object_component_ref idref="oc-7f"/>
      </symbol>
      <symbol id="sm-a11">
         <name>pbistStop</name>
         <value>0x8578</value>
         <object_component_ref idref="oc-7f"/>
      </symbol>
      <symbol id="sm-a12">
         <name>can3ParityCheck</name>
         <value>0x95b0</value>
         <object_component_ref idref="oc-7f"/>
      </symbol>
      <symbol id="sm-a13">
         <name>checkRAMAddrParity</name>
         <value>0xa050</value>
         <object_component_ref idref="oc-7f"/>
      </symbol>
      <symbol id="sm-a14">
         <name>mibspi5ParityCheck</name>
         <value>0x98b0</value>
         <object_component_ref idref="oc-7f"/>
      </symbol>
      <symbol id="sm-a15">
         <name>checkB0RAMECC</name>
         <value>0x8938</value>
         <object_component_ref idref="oc-7f"/>
      </symbol>
      <symbol id="sm-a16">
         <name>stcGetConfigValue</name>
         <value>0xa5bc</value>
         <object_component_ref idref="oc-7f"/>
      </symbol>
      <symbol id="sm-a17">
         <name>pbistIsTestPassed</name>
         <value>0x85d4</value>
         <object_component_ref idref="oc-7f"/>
      </symbol>
      <symbol id="sm-a18">
         <name>checkClockMonitor</name>
         <value>0x9c18</value>
         <object_component_ref idref="oc-7f"/>
      </symbol>
      <symbol id="sm-a19">
         <name>fmcECCcheck</name>
         <value>0x8898</value>
         <object_component_ref idref="oc-7f"/>
      </symbol>
      <symbol id="sm-a1a">
         <name>fmcBus2Check</name>
         <value>0x885c</value>
         <object_component_ref idref="oc-7f"/>
      </symbol>
      <symbol id="sm-a1b">
         <name>checkRAMUERRTest</name>
         <value>0xa15c</value>
         <object_component_ref idref="oc-7f"/>
      </symbol>
      <symbol id="sm-a1c">
         <name>efcStuckZeroTest</name>
         <value>0x86e8</value>
         <object_component_ref idref="oc-7f"/>
      </symbol>
      <symbol id="sm-a1d">
         <name>checkPLL2Slip</name>
         <value>0x9f8c</value>
         <object_component_ref idref="oc-7f"/>
      </symbol>
      <symbol id="sm-a4f">
         <name>_c_int00</name>
         <value>0xef08</value>
         <object_component_ref idref="oc-1f"/>
      </symbol>
      <symbol id="sm-a50">
         <name>handlePLLLockFail</name>
         <value>0x10214</value>
         <object_component_ref idref="oc-73"/>
      </symbol>
      <symbol id="sm-b00">
         <name>vimChannelMap</name>
         <value>0xb948</value>
         <object_component_ref idref="oc-3a"/>
      </symbol>
      <symbol id="sm-b01">
         <name>vimInit</name>
         <value>0xb874</value>
         <object_component_ref idref="oc-3a"/>
      </symbol>
      <symbol id="sm-b02">
         <name>vimEnableInterrupt</name>
         <value>0xb9ec</value>
         <object_component_ref idref="oc-3a"/>
      </symbol>
      <symbol id="sm-b03">
         <name>vimDisableInterrupt</name>
         <value>0xbbb4</value>
         <object_component_ref idref="oc-3a"/>
      </symbol>
      <symbol id="sm-b04">
         <name>vimGetConfigValue</name>
         <value>0xbc60</value>
         <object_component_ref idref="oc-3a"/>
      </symbol>
      <symbol id="sm-b05">
         <name>vimParityErrorHandler</name>
         <value>0xec3c</value>
         <object_component_ref idref="oc-39"/>
      </symbol>
      <symbol id="sm-b61">
         <name>systemGetConfigValue</name>
         <value>0xb090</value>
         <object_component_ref idref="oc-79"/>
      </symbol>
      <symbol id="sm-b62">
         <name>trimLPO</name>
         <value>0xad5c</value>
         <object_component_ref idref="oc-79"/>
      </symbol>
      <symbol id="sm-b63">
         <name>systemInit</name>
         <value>0xaf94</value>
         <object_component_ref idref="oc-79"/>
      </symbol>
      <symbol id="sm-b64">
         <name>customTrimLPO</name>
         <value>0xb794</value>
         <object_component_ref idref="oc-79"/>
      </symbol>
      <symbol id="sm-b65">
         <name>tcmflashGetConfigValue</name>
         <value>0xb4ac</value>
         <object_component_ref idref="oc-79"/>
      </symbol>
      <symbol id="sm-b66">
         <name>sramGetConfigValue</name>
         <value>0xb658</value>
         <object_component_ref idref="oc-79"/>
      </symbol>
      <symbol id="sm-b67">
         <name>periphInit</name>
         <value>0xae18</value>
         <object_component_ref idref="oc-79"/>
      </symbol>
      <symbol id="sm-b68">
         <name>setupFlash</name>
         <value>0xadd8</value>
         <object_component_ref idref="oc-79"/>
      </symbol>
      <symbol id="sm-b69">
         <name>setupPLL</name>
         <value>0xacfc</value>
         <object_component_ref idref="oc-79"/>
      </symbol>
      <symbol id="sm-b6a">
         <name>mapClocks</name>
         <value>0xae6c</value>
         <object_component_ref idref="oc-79"/>
      </symbol>
      <symbol id="sm-b6b">
         <name>systemPowerDown</name>
         <value>0xb060</value>
         <object_component_ref idref="oc-79"/>
      </symbol>
      <symbol id="sm-b9f">
         <name>floorl</name>
         <value>0xfdc1</value>
         <object_component_ref idref="oc-205"/>
      </symbol>
      <symbol id="sm-ba0">
         <name>floor</name>
         <value>0xfdc1</value>
         <object_component_ref idref="oc-205"/>
      </symbol>
      <symbol id="sm-baf">
         <name>__aeabi_memset</name>
         <value>0x100b3</value>
         <object_component_ref idref="oc-d5"/>
      </symbol>
      <symbol id="sm-bb0">
         <name>memset</name>
         <value>0x100b9</value>
         <object_component_ref idref="oc-d5"/>
      </symbol>
      <symbol id="sm-bb1">
         <name>__aeabi_memset8</name>
         <value>0x100b3</value>
         <object_component_ref idref="oc-d5"/>
      </symbol>
      <symbol id="sm-bb2">
         <name>__aeabi_memset4</name>
         <value>0x100b3</value>
         <object_component_ref idref="oc-d5"/>
      </symbol>
      <symbol id="sm-bb3">
         <name>__aeabi_memclr8</name>
         <value>0x100b1</value>
         <object_component_ref idref="oc-d5"/>
      </symbol>
      <symbol id="sm-bb4">
         <name>__aeabi_memclr4</name>
         <value>0x100b1</value>
         <object_component_ref idref="oc-d5"/>
      </symbol>
      <symbol id="sm-bb5">
         <name>__aeabi_memclr</name>
         <value>0x100b1</value>
         <object_component_ref idref="oc-d5"/>
      </symbol>
      <symbol id="sm-bd0">
         <name>memcpy</name>
         <value>0xff81</value>
         <object_component_ref idref="oc-50"/>
      </symbol>
      <symbol id="sm-bd1">
         <name>__aeabi_memcpy</name>
         <value>0xff81</value>
         <object_component_ref idref="oc-50"/>
      </symbol>
      <symbol id="sm-bd2">
         <name>__aeabi_memcpy8</name>
         <value>0xff81</value>
         <object_component_ref idref="oc-50"/>
      </symbol>
      <symbol id="sm-bd3">
         <name>__aeabi_memcpy4</name>
         <value>0xff81</value>
         <object_component_ref idref="oc-50"/>
      </symbol>
      <symbol id="sm-bfb">
         <name>__TI_auto_init_nobinit_nopinit</name>
         <value>0x10199</value>
         <object_component_ref idref="oc-f9"/>
      </symbol>
      <symbol id="sm-c0e">
         <name>__TI_zero_init</name>
         <value>0x10201</value>
         <object_component_ref idref="oc-62"/>
      </symbol>
      <symbol id="sm-c25">
         <name>__TI_decompress_none</name>
         <value>0x101f3</value>
         <object_component_ref idref="oc-18"/>
      </symbol>
      <symbol id="sm-c48">
         <name>__TI_decompress_lzss</name>
         <value>0x1012b</value>
         <object_component_ref idref="oc-12"/>
      </symbol>
      <symbol id="sm-c53">
         <name>C$$EXIT</name>
         <value>0x1020d</value>
         <object_component_ref idref="oc-157"/>
      </symbol>
      <symbol id="sm-c54">
         <name>abort</name>
         <value>0x1020d</value>
         <object_component_ref idref="oc-157"/>
      </symbol>
      <symbol id="sm-c63">
         <name>strlen</name>
         <value>0x101dd</value>
         <object_component_ref idref="oc-24d"/>
      </symbol>
      <symbol id="sm-c74">
         <name>__TI_static_base__</name>
         <value>0x0</value>
      </symbol>
      <symbol id="sm-c78">
         <name>SHT$$INIT_ARRAY$$Base</name>
         <value>0x0</value>
      </symbol>
      <symbol id="sm-c79">
         <name>SHT$$INIT_ARRAY$$Limit</name>
         <value>0x0</value>
      </symbol>
      <symbol id="sm-c7a">
         <name>_system_post_cinit</name>
         <value>0x0</value>
      </symbol>
   </symbol_table>
   <title>Link successful</title>
</link_info>
