<?xml version="1.0" encoding="ISO-8859-1" ?>
<link_info>
   <banner>TI ARM Linker Unix v18.12.3.LTS</banner>
   <copyright>Copyright (c) 1996-2018 Texas Instruments Incorporated</copyright>
   <link_time>0x5f28dbd4</link_time>
   <link_errors>0x0</link_errors>
   <output_file>Launchpad_FreeRTOS.out</output_file>
   <entry_point>
      <name>_c_int00</name>
      <address>0xef08</address>
   </entry_point>
   <input_file_list>
      <input_file id="fl-2">
         <path>./</path>
         <kind>object</kind>
         <file>main.obj</file>
         <name>main.obj</name>
      </input_file>
      <input_file id="fl-3">
         <path>./source/</path>
         <kind>object</kind>
         <file>Device_TMS570LS12.obj</file>
         <name>Device_TMS570LS12.obj</name>
      </input_file>
      <input_file id="fl-4">
         <path>./source/</path>
         <kind>object</kind>
         <file>Fapi_UserDefinedFunctions.obj</file>
         <name>Fapi_UserDefinedFunctions.obj</name>
      </input_file>
      <input_file id="fl-5">
         <path>./source/</path>
         <kind>object</kind>
         <file>dabort.obj</file>
         <name>dabort.obj</name>
      </input_file>
      <input_file id="fl-6">
         <path>./source/</path>
         <kind>object</kind>
         <file>errata_SSWF021_45.obj</file>
         <name>errata_SSWF021_45.obj</name>
      </input_file>
      <input_file id="fl-7">
         <path>./source/</path>
         <kind>object</kind>
         <file>esm.obj</file>
         <name>esm.obj</name>
      </input_file>
      <input_file id="fl-8">
         <path>./source/</path>
         <kind>object</kind>
         <file>gio.obj</file>
         <name>gio.obj</name>
      </input_file>
      <input_file id="fl-9">
         <path>./source/</path>
         <kind>object</kind>
         <file>notification.obj</file>
         <name>notification.obj</name>
      </input_file>
      <input_file id="fl-a">
         <path>./source/</path>
         <kind>object</kind>
         <file>os_croutine.obj</file>
         <name>os_croutine.obj</name>
      </input_file>
      <input_file id="fl-b">
         <path>./source/</path>
         <kind>object</kind>
         <file>os_event_groups.obj</file>
         <name>os_event_groups.obj</name>
      </input_file>
      <input_file id="fl-c">
         <path>./source/</path>
         <kind>object</kind>
         <file>os_heap.obj</file>
         <name>os_heap.obj</name>
      </input_file>
      <input_file id="fl-d">
         <path>./source/</path>
         <kind>object</kind>
         <file>os_list.obj</file>
         <name>os_list.obj</name>
      </input_file>
      <input_file id="fl-e">
         <path>./source/</path>
         <kind>object</kind>
         <file>os_mpu_wrappers.obj</file>
         <name>os_mpu_wrappers.obj</name>
      </input_file>
      <input_file id="fl-f">
         <path>./source/</path>
         <kind>object</kind>
         <file>os_port.obj</file>
         <name>os_port.obj</name>
      </input_file>
      <input_file id="fl-10">
         <path>./source/</path>
         <kind>object</kind>
         <file>os_portasm.obj</file>
         <name>os_portasm.obj</name>
      </input_file>
      <input_file id="fl-11">
         <path>./source/</path>
         <kind>object</kind>
         <file>os_queue.obj</file>
         <name>os_queue.obj</name>
      </input_file>
      <input_file id="fl-12">
         <path>./source/</path>
         <kind>object</kind>
         <file>os_tasks.obj</file>
         <name>os_tasks.obj</name>
      </input_file>
      <input_file id="fl-13">
         <path>./source/</path>
         <kind>object</kind>
         <file>os_timer.obj</file>
         <name>os_timer.obj</name>
      </input_file>
      <input_file id="fl-14">
         <path>./source/</path>
         <kind>object</kind>
         <file>pinmux.obj</file>
         <name>pinmux.obj</name>
      </input_file>
      <input_file id="fl-15">
         <path>./source/</path>
         <kind>object</kind>
         <file>sci.obj</file>
         <name>sci.obj</name>
      </input_file>
      <input_file id="fl-16">
         <path>./source/</path>
         <kind>object</kind>
         <file>sys_core.obj</file>
         <name>sys_core.obj</name>
      </input_file>
      <input_file id="fl-17">
         <path>./source/</path>
         <kind>object</kind>
         <file>sys_dma.obj</file>
         <name>sys_dma.obj</name>
      </input_file>
      <input_file id="fl-18">
         <path>./source/</path>
         <kind>object</kind>
         <file>sys_intvecs.obj</file>
         <name>sys_intvecs.obj</name>
      </input_file>
      <input_file id="fl-19">
         <path>./source/</path>
         <kind>object</kind>
         <file>sys_mpu.obj</file>
         <name>sys_mpu.obj</name>
      </input_file>
      <input_file id="fl-1a">
         <path>./source/</path>
         <kind>object</kind>
         <file>sys_pcr.obj</file>
         <name>sys_pcr.obj</name>
      </input_file>
      <input_file id="fl-1b">
         <path>./source/</path>
         <kind>object</kind>
         <file>sys_phantom.obj</file>
         <name>sys_phantom.obj</name>
      </input_file>
      <input_file id="fl-1c">
         <path>./source/</path>
         <kind>object</kind>
         <file>sys_pmm.obj</file>
         <name>sys_pmm.obj</name>
      </input_file>
      <input_file id="fl-1d">
         <path>./source/</path>
         <kind>object</kind>
         <file>sys_pmu.obj</file>
         <name>sys_pmu.obj</name>
      </input_file>
      <input_file id="fl-1e">
         <path>./source/</path>
         <kind>object</kind>
         <file>sys_selftest.obj</file>
         <name>sys_selftest.obj</name>
      </input_file>
      <input_file id="fl-1f">
         <path>./source/</path>
         <kind>object</kind>
         <file>sys_startup.obj</file>
         <name>sys_startup.obj</name>
      </input_file>
      <input_file id="fl-20">
         <path>./source/</path>
         <kind>object</kind>
         <file>sys_vim.obj</file>
         <name>sys_vim.obj</name>
      </input_file>
      <input_file id="fl-21">
         <path>./source/</path>
         <kind>object</kind>
         <file>system.obj</file>
         <name>system.obj</name>
      </input_file>
      <input_file id="fl-22">
         <path>./source/</path>
         <kind>object</kind>
         <file>ti_fee_Info.obj</file>
         <name>ti_fee_Info.obj</name>
      </input_file>
      <input_file id="fl-23">
         <path>./source/</path>
         <kind>object</kind>
         <file>ti_fee_cancel.obj</file>
         <name>ti_fee_cancel.obj</name>
      </input_file>
      <input_file id="fl-24">
         <path>./source/</path>
         <kind>object</kind>
         <file>ti_fee_cfg.obj</file>
         <name>ti_fee_cfg.obj</name>
      </input_file>
      <input_file id="fl-25">
         <path>./source/</path>
         <kind>object</kind>
         <file>ti_fee_eraseimmediateblock.obj</file>
         <name>ti_fee_eraseimmediateblock.obj</name>
      </input_file>
      <input_file id="fl-26">
         <path>./source/</path>
         <kind>object</kind>
         <file>ti_fee_format.obj</file>
         <name>ti_fee_format.obj</name>
      </input_file>
      <input_file id="fl-27">
         <path>./source/</path>
         <kind>object</kind>
         <file>ti_fee_ini.obj</file>
         <name>ti_fee_ini.obj</name>
      </input_file>
      <input_file id="fl-28">
         <path>./source/</path>
         <kind>object</kind>
         <file>ti_fee_invalidateblock.obj</file>
         <name>ti_fee_invalidateblock.obj</name>
      </input_file>
      <input_file id="fl-29">
         <path>./source/</path>
         <kind>object</kind>
         <file>ti_fee_main.obj</file>
         <name>ti_fee_main.obj</name>
      </input_file>
      <input_file id="fl-2a">
         <path>./source/</path>
         <kind>object</kind>
         <file>ti_fee_read.obj</file>
         <name>ti_fee_read.obj</name>
      </input_file>
      <input_file id="fl-2b">
         <path>./source/</path>
         <kind>object</kind>
         <file>ti_fee_readSync.obj</file>
         <name>ti_fee_readSync.obj</name>
      </input_file>
      <input_file id="fl-2c">
         <path>./source/</path>
         <kind>object</kind>
         <file>ti_fee_shutdown.obj</file>
         <name>ti_fee_shutdown.obj</name>
      </input_file>
      <input_file id="fl-2d">
         <path>./source/</path>
         <kind>object</kind>
         <file>ti_fee_util.obj</file>
         <name>ti_fee_util.obj</name>
      </input_file>
      <input_file id="fl-2e">
         <path>./source/</path>
         <kind>object</kind>
         <file>ti_fee_writeAsync.obj</file>
         <name>ti_fee_writeAsync.obj</name>
      </input_file>
      <input_file id="fl-2f">
         <path>./source/</path>
         <kind>object</kind>
         <file>ti_fee_writeSync.obj</file>
         <name>ti_fee_writeSync.obj</name>
      </input_file>
      <input_file id="fl-34">
         <kind>object</kind>
         <file>&lt;internal&gt;</file>
         <name>&lt;internal&gt;</name>
      </input_file>
      <input_file id="fl-35">
         <path>/Applications/ti/ccs910/ccs/tools/compiler/ti-cgt-arm_18.12.3.LTS/lib/</path>
         <kind>archive</kind>
         <file>rtsv7R4_T_be_v3D16_eabi.lib</file>
         <name>s_floor.c.obj</name>
      </input_file>
      <input_file id="fl-36">
         <path>/Applications/ti/ccs910/ccs/tools/compiler/ti-cgt-arm_18.12.3.LTS/lib/</path>
         <kind>archive</kind>
         <file>rtsv7R4_T_be_v3D16_eabi.lib</file>
         <name>memset_t2.asm.obj</name>
      </input_file>
      <input_file id="fl-37">
         <path>/Applications/ti/ccs910/ccs/tools/compiler/ti-cgt-arm_18.12.3.LTS/lib/</path>
         <kind>archive</kind>
         <file>rtsv7R4_T_be_v3D16_eabi.lib</file>
         <name>memcpy_t2.asm.obj</name>
      </input_file>
      <input_file id="fl-38">
         <path>/Applications/ti/ccs910/ccs/tools/compiler/ti-cgt-arm_18.12.3.LTS/lib/</path>
         <kind>archive</kind>
         <file>rtsv7R4_T_be_v3D16_eabi.lib</file>
         <name>autoinit.c.obj</name>
      </input_file>
      <input_file id="fl-39">
         <path>/Applications/ti/ccs910/ccs/tools/compiler/ti-cgt-arm_18.12.3.LTS/lib/</path>
         <kind>archive</kind>
         <file>rtsv7R4_T_be_v3D16_eabi.lib</file>
         <name>cpy_tbl.c.obj</name>
      </input_file>
      <input_file id="fl-3a">
         <path>/Applications/ti/ccs910/ccs/tools/compiler/ti-cgt-arm_18.12.3.LTS/lib/</path>
         <kind>archive</kind>
         <file>rtsv7R4_T_be_v3D16_eabi.lib</file>
         <name>copy_zero_init.c.obj</name>
      </input_file>
      <input_file id="fl-3b">
         <path>/Applications/ti/ccs910/ccs/tools/compiler/ti-cgt-arm_18.12.3.LTS/lib/</path>
         <kind>archive</kind>
         <file>rtsv7R4_T_be_v3D16_eabi.lib</file>
         <name>copy_decompress_none.c.obj</name>
      </input_file>
      <input_file id="fl-3c">
         <path>/Applications/ti/ccs910/ccs/tools/compiler/ti-cgt-arm_18.12.3.LTS/lib/</path>
         <kind>archive</kind>
         <file>rtsv7R4_T_be_v3D16_eabi.lib</file>
         <name>copy_decompress_lzss.c.obj</name>
      </input_file>
      <input_file id="fl-3d">
         <path>/Applications/ti/ccs910/ccs/tools/compiler/ti-cgt-arm_18.12.3.LTS/lib/</path>
         <kind>archive</kind>
         <file>rtsv7R4_T_be_v3D16_eabi.lib</file>
         <name>exit.c.obj</name>
      </input_file>
      <input_file id="fl-3e">
         <path>/Applications/ti/ccs910/ccs/tools/compiler/ti-cgt-arm_18.12.3.LTS/lib/</path>
         <kind>archive</kind>
         <file>rtsv7R4_T_be_v3D16_eabi.lib</file>
         <name>_lock.c.obj</name>
      </input_file>
      <input_file id="fl-3f">
         <path>/Applications/ti/ccs910/ccs/tools/compiler/ti-cgt-arm_18.12.3.LTS/lib/</path>
         <kind>archive</kind>
         <file>rtsv7R4_T_be_v3D16_eabi.lib</file>
         <name>strlen.c.obj</name>
      </input_file>
      <input_file id="fl-40">
         <path>/Applications/ti/Hercules/F021 Flash API/02.01.01/</path>
         <kind>archive</kind>
         <file>F021_API_CortexR4_BE_V3D16.lib</file>
         <name>Async.obj</name>
      </input_file>
      <input_file id="fl-41">
         <path>/Applications/ti/Hercules/F021 Flash API/02.01.01/</path>
         <kind>archive</kind>
         <file>F021_API_CortexR4_BE_V3D16.lib</file>
         <name>Async.WithAddress.obj</name>
      </input_file>
      <input_file id="fl-42">
         <path>/Applications/ti/Hercules/F021 Flash API/02.01.01/</path>
         <kind>archive</kind>
         <file>F021_API_CortexR4_BE_V3D16.lib</file>
         <name>BlankCheck.obj</name>
      </input_file>
      <input_file id="fl-43">
         <path>/Applications/ti/Hercules/F021 Flash API/02.01.01/</path>
         <kind>archive</kind>
         <file>F021_API_CortexR4_BE_V3D16.lib</file>
         <name>FlashStateMachine.EnableEepromSectors.obj</name>
      </input_file>
      <input_file id="fl-44">
         <path>/Applications/ti/Hercules/F021 Flash API/02.01.01/</path>
         <kind>archive</kind>
         <file>F021_API_CortexR4_BE_V3D16.lib</file>
         <name>FlashStateMachine.InitializeFlashBanks.obj</name>
      </input_file>
      <input_file id="fl-45">
         <path>/Applications/ti/Hercules/F021 Flash API/02.01.01/</path>
         <kind>archive</kind>
         <file>F021_API_CortexR4_BE_V3D16.lib</file>
         <name>FlashStateMachine.IssueFsmCommand.obj</name>
      </input_file>
      <input_file id="fl-46">
         <path>/Applications/ti/Hercules/F021 Flash API/02.01.01/</path>
         <kind>archive</kind>
         <file>F021_API_CortexR4_BE_V3D16.lib</file>
         <name>FlashStateMachine.ScaleFclk.obj</name>
      </input_file>
      <input_file id="fl-47">
         <path>/Applications/ti/Hercules/F021 Flash API/02.01.01/</path>
         <kind>archive</kind>
         <file>F021_API_CortexR4_BE_V3D16.lib</file>
         <name>FlashStateMachine.SetActiveBank.obj</name>
      </input_file>
      <input_file id="fl-48">
         <path>/Applications/ti/Hercules/F021 Flash API/02.01.01/</path>
         <kind>archive</kind>
         <file>F021_API_CortexR4_BE_V3D16.lib</file>
         <name>Read.FlushPipeline.obj</name>
      </input_file>
      <input_file id="fl-49">
         <path>/Applications/ti/Hercules/F021 Flash API/02.01.01/</path>
         <kind>archive</kind>
         <file>F021_API_CortexR4_BE_V3D16.lib</file>
         <name>Read.LoopDword.obj</name>
      </input_file>
      <input_file id="fl-4a">
         <path>/Applications/ti/Hercules/F021 Flash API/02.01.01/</path>
         <kind>archive</kind>
         <file>F021_API_CortexR4_BE_V3D16.lib</file>
         <name>Read.WdService.obj</name>
      </input_file>
      <input_file id="fl-4b">
         <path>/Applications/ti/Hercules/F021 Flash API/02.01.01/</path>
         <kind>archive</kind>
         <file>F021_API_CortexR4_BE_V3D16.lib</file>
         <name>Utilities.CalculateFletcher.obj</name>
      </input_file>
      <input_file id="fl-4c">
         <path>/Applications/ti/Hercules/F021 Flash API/02.01.01/</path>
         <kind>archive</kind>
         <file>F021_API_CortexR4_BE_V3D16.lib</file>
         <name>Utilities.WaitDelay.obj</name>
      </input_file>
      <input_file id="fl-4d">
         <path>/Applications/ti/Hercules/F021 Flash API/02.01.01/</path>
         <kind>archive</kind>
         <file>F021_API_CortexR4_BE_V3D16.lib</file>
         <name>Utilities.GetNumberOfSectors.obj</name>
      </input_file>
      <input_file id="fl-4e">
         <path>/Applications/ti/Hercules/F021 Flash API/02.01.01/</path>
         <kind>archive</kind>
         <file>F021_API_CortexR4_BE_V3D16.lib</file>
         <name>Read.Common.obj</name>
      </input_file>
      <input_file id="fl-4f">
         <path>/Applications/ti/Hercules/F021 Flash API/02.01.01/</path>
         <kind>archive</kind>
         <file>F021_API_CortexR4_BE_V3D16.lib</file>
         <name>FlashStateMachine.Hercules.IsEccAddress.obj</name>
      </input_file>
   </input_file_list>
   <object_component_list>
      <object_component id="oc-2e">
         <name>.intvecs</name>
         <load_address>0x0</load_address>
         <run_address>0x0</run_address>
         <size>0x20</size>
         <input_file_ref idref="fl-18"/>
      </object_component>
      <object_component id="oc-135">
         <name>.kernelTEXT</name>
         <load_address>0x20</load_address>
         <run_address>0x20</run_address>
         <size>0x2bdc</size>
         <input_file_ref idref="fl-12"/>
      </object_component>
      <object_component id="oc-1ff">
         <name>.kernelTEXT</name>
         <load_address>0x2bfc</load_address>
         <run_address>0x2bfc</run_address>
         <size>0x11dc</size>
         <input_file_ref idref="fl-11"/>
      </object_component>
      <object_component id="oc-205">
         <name>.kernelTEXT</name>
         <load_address>0x3dd8</load_address>
         <run_address>0x3dd8</run_address>
         <size>0x81c</size>
         <input_file_ref idref="fl-b"/>
      </object_component>
      <object_component id="oc-a0">
         <name>.kernelTEXT</name>
         <load_address>0x45f4</load_address>
         <run_address>0x45f4</run_address>
         <size>0x4b0</size>
         <input_file_ref idref="fl-10"/>
      </object_component>
      <object_component id="oc-238">
         <name>.kernelTEXT</name>
         <load_address>0x4aa4</load_address>
         <run_address>0x4aa4</run_address>
         <size>0x3e0</size>
         <input_file_ref idref="fl-f"/>
      </object_component>
      <object_component id="oc-22c">
         <name>.kernelTEXT</name>
         <load_address>0x4e84</load_address>
         <run_address>0x4e84</run_address>
         <size>0x380</size>
         <input_file_ref idref="fl-c"/>
      </object_component>
      <object_component id="oc-359">
         <name>__TI_handler_table</name>
         <load_address>0x5208</load_address>
         <run_address>0x5208</run_address>
         <size>0xc</size>
      </object_component>
      <object_component id="oc-35e">
         <name>.cinit..data.load</name>
         <load_address>0x5214</load_address>
         <run_address>0x5214</run_address>
         <size>0xb</size>
      </object_component>
      <object_component id="oc-35b">
         <name>.cinit..kernelBSS.load</name>
         <load_address>0x521f</load_address>
         <run_address>0x521f</run_address>
         <size>0x9</size>
      </object_component>
      <object_component id="oc-35d">
         <name>.cinit..bss.load</name>
         <load_address>0x5228</load_address>
         <run_address>0x5228</run_address>
         <size>0x8</size>
      </object_component>
      <object_component id="oc-35c">
         <name>.cinit..kernelHEAP.load</name>
         <load_address>0x5230</load_address>
         <run_address>0x5230</run_address>
         <size>0x8</size>
      </object_component>
      <object_component id="oc-35a">
         <name>__TI_cinit_table</name>
         <load_address>0x5238</load_address>
         <run_address>0x5238</run_address>
         <size>0x20</size>
      </object_component>
      <object_component id="oc-7f">
         <name>.text</name>
         <load_address>0x8020</load_address>
         <run_address>0x8020</run_address>
         <size>0x2cdc</size>
         <input_file_ref idref="fl-1e"/>
      </object_component>
      <object_component id="oc-79">
         <name>.text</name>
         <load_address>0xacfc</load_address>
         <run_address>0xacfc</run_address>
         <size>0xb78</size>
         <input_file_ref idref="fl-21"/>
      </object_component>
      <object_component id="oc-3a">
         <name>.text</name>
         <load_address>0xb874</load_address>
         <run_address>0xb874</run_address>
         <size>0xa58</size>
         <input_file_ref idref="fl-20"/>
      </object_component>
      <object_component id="oc-129">
         <name>.text</name>
         <load_address>0xc2cc</load_address>
         <run_address>0xc2cc</run_address>
         <size>0x9a0</size>
         <input_file_ref idref="fl-e"/>
      </object_component>
      <object_component id="oc-e3">
         <name>.text</name>
         <load_address>0xcc6c</load_address>
         <run_address>0xcc6c</run_address>
         <size>0x8ac</size>
         <input_file_ref idref="fl-14"/>
      </object_component>
      <object_component id="oc-12f">
         <name>.text</name>
         <load_address>0xd518</load_address>
         <run_address>0xd518</run_address>
         <size>0x7b8</size>
         <input_file_ref idref="fl-15"/>
      </object_component>
      <object_component id="oc-6d">
         <name>.text</name>
         <load_address>0xdcd0</load_address>
         <run_address>0xdcd0</run_address>
         <size>0x664</size>
         <input_file_ref idref="fl-6"/>
      </object_component>
      <object_component id="oc-85">
         <name>.text</name>
         <load_address>0xe334</load_address>
         <run_address>0xe334</run_address>
         <size>0x5bc</size>
         <input_file_ref idref="fl-7"/>
      </object_component>
      <object_component id="oc-68">
         <name>.text</name>
         <load_address>0xe8f0</load_address>
         <run_address>0xe8f0</run_address>
         <size>0x34c</size>
         <input_file_ref idref="fl-16"/>
      </object_component>
      <object_component id="oc-39">
         <name>.text:retain</name>
         <load_address>0xec3c</load_address>
         <run_address>0xec3c</run_address>
         <size>0x2cc</size>
         <input_file_ref idref="fl-20"/>
      </object_component>
      <object_component id="oc-1f">
         <name>.text:retain</name>
         <load_address>0xef08</load_address>
         <run_address>0xef08</run_address>
         <size>0x290</size>
         <input_file_ref idref="fl-1f"/>
      </object_component>
      <object_component id="oc-2bd">
         <name>.text</name>
         <load_address>0xf198</load_address>
         <run_address>0xf198</run_address>
         <size>0x278</size>
         <input_file_ref idref="fl-c"/>
      </object_component>
      <object_component id="oc-232">
         <name>.text</name>
         <load_address>0xf410</load_address>
         <run_address>0xf410</run_address>
         <size>0x238</size>
         <input_file_ref idref="fl-d"/>
      </object_component>
      <object_component id="oc-2cd">
         <name>.text</name>
         <load_address>0xf648</load_address>
         <run_address>0xf648</run_address>
         <size>0x1b4</size>
         <input_file_ref idref="fl-f"/>
      </object_component>
      <object_component id="oc-1f9">
         <name>.text</name>
         <load_address>0xf7fc</load_address>
         <run_address>0xf7fc</run_address>
         <size>0x164</size>
         <input_file_ref idref="fl-12"/>
      </object_component>
      <object_component id="oc-25">
         <name>.text:retain</name>
         <load_address>0xf960</load_address>
         <run_address>0xf960</run_address>
         <size>0x114</size>
         <input_file_ref idref="fl-7"/>
      </object_component>
      <object_component id="oc-a8">
         <name>.text</name>
         <load_address>0xfa74</load_address>
         <run_address>0xfa74</run_address>
         <size>0xe8</size>
         <input_file_ref idref="fl-5"/>
      </object_component>
      <object_component id="oc-221">
         <name>.text:floor</name>
         <load_address>0xfb5c</load_address>
         <run_address>0xfb5c</run_address>
         <size>0xe0</size>
         <input_file_ref idref="fl-35"/>
      </object_component>
      <object_component id="oc-eb">
         <name>.text</name>
         <load_address>0xfc3c</load_address>
         <run_address>0xfc3c</run_address>
         <size>0xe0</size>
         <input_file_ref idref="fl-1d"/>
      </object_component>
      <object_component id="oc-8c">
         <name>.text</name>
         <load_address>0xfd1c</load_address>
         <run_address>0xfd1c</run_address>
         <size>0xb8</size>
         <input_file_ref idref="fl-2"/>
      </object_component>
      <object_component id="oc-50">
         <name>.text</name>
         <load_address>0xfdd4</load_address>
         <run_address>0xfdd4</run_address>
         <size>0x9c</size>
         <input_file_ref idref="fl-37"/>
      </object_component>
      <object_component id="oc-94">
         <name>.text</name>
         <load_address>0xfe70</load_address>
         <run_address>0xfe70</run_address>
         <size>0x94</size>
         <input_file_ref idref="fl-9"/>
      </object_component>
      <object_component id="oc-d5">
         <name>.text</name>
         <load_address>0xff04</load_address>
         <run_address>0xff04</run_address>
         <size>0x7a</size>
         <input_file_ref idref="fl-36"/>
      </object_component>
      <object_component id="oc-12">
         <name>.text:decompress:lzss:__TI_decompress_lzss</name>
         <load_address>0xff7e</load_address>
         <run_address>0xff7e</run_address>
         <size>0x6c</size>
         <input_file_ref idref="fl-3c"/>
      </object_component>
      <object_component id="oc-f9">
         <name>.text:__TI_auto_init_nobinit_nopinit:__TI_auto_init_nobinit_nopinit</name>
         <load_address>0xffec</load_address>
         <run_address>0xffec</run_address>
         <size>0x44</size>
         <input_file_ref idref="fl-38"/>
      </object_component>
      <object_component id="oc-241">
         <name>.text:strlen</name>
         <load_address>0x10030</load_address>
         <run_address>0x10030</run_address>
         <size>0x16</size>
         <input_file_ref idref="fl-3f"/>
      </object_component>
      <object_component id="oc-18">
         <name>.text:decompress:none:__TI_decompress_none</name>
         <load_address>0x10046</load_address>
         <run_address>0x10046</run_address>
         <size>0xe</size>
         <input_file_ref idref="fl-3b"/>
      </object_component>
      <object_component id="oc-62">
         <name>.text:decompress:ZI:__TI_zero_init</name>
         <load_address>0x10054</load_address>
         <run_address>0x10054</run_address>
         <size>0xc</size>
         <input_file_ref idref="fl-3a"/>
      </object_component>
      <object_component id="oc-14b">
         <name>.text:abort:abort</name>
         <load_address>0x10060</load_address>
         <run_address>0x10060</run_address>
         <size>0x4</size>
         <input_file_ref idref="fl-3d"/>
      </object_component>
      <object_component id="oc-33">
         <name>.text:retain</name>
         <load_address>0x10064</load_address>
         <run_address>0x10064</run_address>
         <size>0x4</size>
         <input_file_ref idref="fl-1b"/>
      </object_component>
      <object_component id="oc-73">
         <name>.text</name>
         <load_address>0x10068</load_address>
         <run_address>0x10068</run_address>
         <size>0x4</size>
         <input_file_ref idref="fl-1f"/>
      </object_component>
      <object_component id="oc-2b">
         <name>.const:s_vim_init</name>
         <load_address>0x1006c</load_address>
         <run_address>0x1006c</run_address>
         <size>0x200</size>
         <input_file_ref idref="fl-20"/>
      </object_component>
      <object_component id="oc-13b">
         <name>.const:.string:$P$T0$1</name>
         <load_address>0x1026c</load_address>
         <run_address>0x1026c</run_address>
         <size>0x26</size>
         <input_file_ref idref="fl-2"/>
      </object_component>
      <object_component id="oc-13e">
         <name>.const:.string:$P$T1$2</name>
         <load_address>0x10292</load_address>
         <run_address>0x10292</run_address>
         <size>0xf</size>
         <input_file_ref idref="fl-2"/>
      </object_component>
      <object_component id="oc-163">
         <name>.kernelBSS:init</name>
         <load_address>0x80008d0</load_address>
         <run_address>0x80008d0</run_address>
         <size>0x34</size>
         <input_file_ref idref="fl-12"/>
      </object_component>
      <object_component id="oc-23e">
         <name>.kernelBSS:uninit</name>
         <load_address>0x8000800</load_address>
         <run_address>0x8000800</run_address>
         <size>0xd0</size>
         <input_file_ref idref="fl-12"/>
      </object_component>
      <object_component id="oc-316">
         <name>.kernelHEAP</name>
         <uninitialized>true</uninitialized>
         <run_address>0x8001000</run_address>
         <size>0x2000</size>
         <input_file_ref idref="fl-c"/>
      </object_component>
      <object_component id="oc-2c6">
         <name>.bss:xStart</name>
         <uninitialized>true</uninitialized>
         <run_address>0x8003028</run_address>
         <size>0x8</size>
         <input_file_ref idref="fl-c"/>
      </object_component>
      <object_component id="oc-227">
         <name>.bss:g_sciTransfer_t</name>
         <uninitialized>true</uninitialized>
         <run_address>0x8003000</run_address>
         <size>0x28</size>
         <input_file_ref idref="fl-15"/>
      </object_component>
      <object_component id="oc-141">
         <name>.data</name>
         <load_address>0x8003048</load_address>
         <run_address>0x8003048</run_address>
         <size>0x4</size>
         <input_file_ref idref="fl-2"/>
      </object_component>
      <object_component id="oc-2c3">
         <name>.data</name>
         <load_address>0x8003030</load_address>
         <run_address>0x8003030</run_address>
         <size>0x10</size>
         <input_file_ref idref="fl-c"/>
      </object_component>
      <object_component id="oc-166">
         <name>.data</name>
         <load_address>0x8003040</load_address>
         <run_address>0x8003040</run_address>
         <size>0x8</size>
         <input_file_ref idref="fl-f"/>
      </object_component>
      <object_component id="oc-145">
         <name>.debug_info</name>
         <load_address>0x0</load_address>
         <run_address>0x0</run_address>
         <size>0x509</size>
         <input_file_ref idref="fl-2"/>
      </object_component>
      <object_component id="oc-142">
         <name>.debug_info</name>
         <load_address>0x509</load_address>
         <run_address>0x509</run_address>
         <size>0xdf</size>
         <input_file_ref idref="fl-2"/>
      </object_component>
      <object_component id="oc-13c">
         <name>.debug_info</name>
         <load_address>0x5e8</load_address>
         <run_address>0x5e8</run_address>
         <size>0xd4</size>
         <input_file_ref idref="fl-2"/>
      </object_component>
      <object_component id="oc-13f">
         <name>.debug_info</name>
         <load_address>0x6bc</load_address>
         <run_address>0x6bc</run_address>
         <size>0xd4</size>
         <input_file_ref idref="fl-2"/>
      </object_component>
      <object_component id="oc-8d">
         <name>.debug_info</name>
         <load_address>0x790</load_address>
         <run_address>0x790</run_address>
         <size>0x255</size>
         <input_file_ref idref="fl-2"/>
      </object_component>
      <object_component id="oc-212">
         <name>.debug_info</name>
         <load_address>0x9e5</load_address>
         <run_address>0x9e5</run_address>
         <size>0x30c</size>
         <input_file_ref idref="fl-2"/>
      </object_component>
      <object_component id="oc-16c">
         <name>.debug_info</name>
         <load_address>0xcf1</load_address>
         <run_address>0xcf1</run_address>
         <size>0x26b</size>
         <input_file_ref idref="fl-2"/>
      </object_component>
      <object_component id="oc-9b">
         <name>.debug_info</name>
         <load_address>0xf5c</load_address>
         <run_address>0xf5c</run_address>
         <size>0x157</size>
         <input_file_ref idref="fl-2"/>
      </object_component>
      <object_component id="oc-25b">
         <name>.debug_info</name>
         <load_address>0x10b3</load_address>
         <run_address>0x10b3</run_address>
         <size>0x37f</size>
         <input_file_ref idref="fl-2"/>
      </object_component>
      <object_component id="oc-146">
         <name>.debug_info</name>
         <load_address>0x1432</load_address>
         <run_address>0x1432</run_address>
         <size>0xe1</size>
         <input_file_ref idref="fl-2"/>
      </object_component>
      <object_component id="oc-b5">
         <name>.debug_info</name>
         <load_address>0x1513</load_address>
         <run_address>0x1513</run_address>
         <size>0x8b</size>
         <input_file_ref idref="fl-2"/>
      </object_component>
      <object_component id="oc-20c">
         <name>.debug_info</name>
         <load_address>0x159e</load_address>
         <run_address>0x159e</run_address>
         <size>0x2c</size>
         <input_file_ref idref="fl-2"/>
      </object_component>
      <object_component id="oc-271">
         <name>.debug_info</name>
         <load_address>0x15ca</load_address>
         <run_address>0x15ca</run_address>
         <size>0x297</size>
         <input_file_ref idref="fl-2"/>
      </object_component>
      <object_component id="oc-15e">
         <name>.debug_info</name>
         <load_address>0x1861</load_address>
         <run_address>0x1861</run_address>
         <size>0xbb</size>
         <input_file_ref idref="fl-2"/>
      </object_component>
      <object_component id="oc-ba">
         <name>.debug_info</name>
         <load_address>0x191c</load_address>
         <run_address>0x191c</run_address>
         <size>0x86</size>
         <input_file_ref idref="fl-2"/>
      </object_component>
      <object_component id="oc-17b">
         <name>.debug_info</name>
         <load_address>0x19a2</load_address>
         <run_address>0x19a2</run_address>
         <size>0x1f9</size>
         <input_file_ref idref="fl-2"/>
      </object_component>
      <object_component id="oc-251">
         <name>.debug_info</name>
         <load_address>0x1b9b</load_address>
         <run_address>0x1b9b</run_address>
         <size>0x243</size>
         <input_file_ref idref="fl-2"/>
      </object_component>
      <object_component id="oc-2b8">
         <name>.debug_info</name>
         <load_address>0x1dde</load_address>
         <run_address>0x1dde</run_address>
         <size>0x18e</size>
         <input_file_ref idref="fl-2"/>
      </object_component>
      <object_component id="oc-256">
         <name>.debug_info</name>
         <load_address>0x1f6c</load_address>
         <run_address>0x1f6c</run_address>
         <size>0x14c</size>
         <input_file_ref idref="fl-2"/>
      </object_component>
      <object_component id="oc-4b">
         <name>.debug_info</name>
         <load_address>0x20b8</load_address>
         <run_address>0x20b8</run_address>
         <size>0x84</size>
         <input_file_ref idref="fl-4"/>
      </object_component>
      <object_component id="oc-a9">
         <name>.debug_info</name>
         <load_address>0x213c</load_address>
         <run_address>0x213c</run_address>
         <size>0xff</size>
         <input_file_ref idref="fl-5"/>
      </object_component>
      <object_component id="oc-1a4">
         <name>.debug_info</name>
         <load_address>0x223b</load_address>
         <run_address>0x223b</run_address>
         <size>0x2be</size>
         <input_file_ref idref="fl-6"/>
      </object_component>
      <object_component id="oc-6e">
         <name>.debug_info</name>
         <load_address>0x24f9</load_address>
         <run_address>0x24f9</run_address>
         <size>0x63f</size>
         <input_file_ref idref="fl-6"/>
      </object_component>
      <object_component id="oc-dd">
         <name>.debug_info</name>
         <load_address>0x2b38</load_address>
         <run_address>0x2b38</run_address>
         <size>0x9e7</size>
         <input_file_ref idref="fl-6"/>
      </object_component>
      <object_component id="oc-f8">
         <name>.debug_info</name>
         <load_address>0x351f</load_address>
         <run_address>0x351f</run_address>
         <size>0x316</size>
         <input_file_ref idref="fl-7"/>
      </object_component>
      <object_component id="oc-86">
         <name>.debug_info</name>
         <load_address>0x3835</load_address>
         <run_address>0x3835</run_address>
         <size>0xb2b</size>
         <input_file_ref idref="fl-7"/>
      </object_component>
      <object_component id="oc-26">
         <name>.debug_info</name>
         <load_address>0x4360</load_address>
         <run_address>0x4360</run_address>
         <size>0x18b</size>
         <input_file_ref idref="fl-7"/>
      </object_component>
      <object_component id="oc-b0">
         <name>.debug_info</name>
         <load_address>0x44eb</load_address>
         <run_address>0x44eb</run_address>
         <size>0x18c</size>
         <input_file_ref idref="fl-7"/>
      </object_component>
      <object_component id="oc-171">
         <name>.debug_info</name>
         <load_address>0x4677</load_address>
         <run_address>0x4677</run_address>
         <size>0x1de</size>
         <input_file_ref idref="fl-7"/>
      </object_component>
      <object_component id="oc-f3">
         <name>.debug_info</name>
         <load_address>0x4855</load_address>
         <run_address>0x4855</run_address>
         <size>0x129</size>
         <input_file_ref idref="fl-7"/>
      </object_component>
      <object_component id="oc-18a">
         <name>.debug_info</name>
         <load_address>0x497e</load_address>
         <run_address>0x497e</run_address>
         <size>0x2d0</size>
         <input_file_ref idref="fl-7"/>
      </object_component>
      <object_component id="oc-158">
         <name>.debug_info</name>
         <load_address>0x4c4e</load_address>
         <run_address>0x4c4e</run_address>
         <size>0x49a</size>
         <input_file_ref idref="fl-9"/>
      </object_component>
      <object_component id="oc-95">
         <name>.debug_info</name>
         <load_address>0x50e8</load_address>
         <run_address>0x50e8</run_address>
         <size>0x716</size>
         <input_file_ref idref="fl-9"/>
      </object_component>
      <object_component id="oc-1a9">
         <name>.debug_info</name>
         <load_address>0x57fe</load_address>
         <run_address>0x57fe</run_address>
         <size>0x791</size>
         <input_file_ref idref="fl-9"/>
      </object_component>
      <object_component id="oc-1ae">
         <name>.debug_info</name>
         <load_address>0x5f8f</load_address>
         <run_address>0x5f8f</run_address>
         <size>0x4de</size>
         <input_file_ref idref="fl-9"/>
      </object_component>
      <object_component id="oc-1b3">
         <name>.debug_info</name>
         <load_address>0x646d</load_address>
         <run_address>0x646d</run_address>
         <size>0x3ce</size>
         <input_file_ref idref="fl-9"/>
      </object_component>
      <object_component id="oc-26c">
         <name>.debug_info</name>
         <load_address>0x683b</load_address>
         <run_address>0x683b</run_address>
         <size>0x7cd</size>
         <input_file_ref idref="fl-9"/>
      </object_component>
      <object_component id="oc-159">
         <name>.debug_info</name>
         <load_address>0x7008</load_address>
         <run_address>0x7008</run_address>
         <size>0x673</size>
         <input_file_ref idref="fl-9"/>
      </object_component>
      <object_component id="oc-19c">
         <name>.debug_info</name>
         <load_address>0x767b</load_address>
         <run_address>0x767b</run_address>
         <size>0x2c</size>
         <input_file_ref idref="fl-9"/>
      </object_component>
      <object_component id="oc-1b8">
         <name>.debug_info</name>
         <load_address>0x76a7</load_address>
         <run_address>0x76a7</run_address>
         <size>0x437</size>
         <input_file_ref idref="fl-9"/>
      </object_component>
      <object_component id="oc-1e3">
         <name>.debug_info</name>
         <load_address>0x7ade</load_address>
         <run_address>0x7ade</run_address>
         <size>0x37b</size>
         <input_file_ref idref="fl-9"/>
      </object_component>
      <object_component id="oc-1bd">
         <name>.debug_info</name>
         <load_address>0x7e59</load_address>
         <run_address>0x7e59</run_address>
         <size>0x1ca</size>
         <input_file_ref idref="fl-9"/>
      </object_component>
      <object_component id="oc-176">
         <name>.debug_info</name>
         <load_address>0x8023</load_address>
         <run_address>0x8023</run_address>
         <size>0x435</size>
         <input_file_ref idref="fl-9"/>
      </object_component>
      <object_component id="oc-1d6">
         <name>.debug_info</name>
         <load_address>0x8458</load_address>
         <run_address>0x8458</run_address>
         <size>0x551</size>
         <input_file_ref idref="fl-9"/>
      </object_component>
      <object_component id="oc-1c2">
         <name>.debug_info</name>
         <load_address>0x89a9</load_address>
         <run_address>0x89a9</run_address>
         <size>0x3d3</size>
         <input_file_ref idref="fl-9"/>
      </object_component>
      <object_component id="oc-1cc">
         <name>.debug_info</name>
         <load_address>0x8d7c</load_address>
         <run_address>0x8d7c</run_address>
         <size>0x1de</size>
         <input_file_ref idref="fl-9"/>
      </object_component>
      <object_component id="oc-1db">
         <name>.debug_info</name>
         <load_address>0x8f5a</load_address>
         <run_address>0x8f5a</run_address>
         <size>0x17a</size>
         <input_file_ref idref="fl-9"/>
      </object_component>
      <object_component id="oc-180">
         <name>.debug_info</name>
         <load_address>0x90d4</load_address>
         <run_address>0x90d4</run_address>
         <size>0x6a6</size>
         <input_file_ref idref="fl-9"/>
      </object_component>
      <object_component id="oc-185">
         <name>.debug_info</name>
         <load_address>0x977a</load_address>
         <run_address>0x977a</run_address>
         <size>0x13e</size>
         <input_file_ref idref="fl-9"/>
      </object_component>
      <object_component id="oc-2a0">
         <name>.debug_info</name>
         <load_address>0x98b8</load_address>
         <run_address>0x98b8</run_address>
         <size>0x67c</size>
         <input_file_ref idref="fl-b"/>
      </object_component>
      <object_component id="oc-206">
         <name>.debug_info</name>
         <load_address>0x9f34</load_address>
         <run_address>0x9f34</run_address>
         <size>0x147a</size>
         <input_file_ref idref="fl-b"/>
      </object_component>
      <object_component id="oc-29a">
         <name>.debug_info</name>
         <load_address>0xb3ae</load_address>
         <run_address>0xb3ae</run_address>
         <size>0x110</size>
         <input_file_ref idref="fl-b"/>
      </object_component>
      <object_component id="oc-21c">
         <name>.debug_info</name>
         <load_address>0xb4be</load_address>
         <run_address>0xb4be</run_address>
         <size>0x39</size>
         <input_file_ref idref="fl-b"/>
      </object_component>
      <object_component id="oc-2a3">
         <name>.debug_info</name>
         <load_address>0xb4f7</load_address>
         <run_address>0xb4f7</run_address>
         <size>0x46</size>
         <input_file_ref idref="fl-b"/>
      </object_component>
      <object_component id="oc-30a">
         <name>.debug_info</name>
         <load_address>0xb53d</load_address>
         <run_address>0xb53d</run_address>
         <size>0x62</size>
         <input_file_ref idref="fl-b"/>
      </object_component>
      <object_component id="oc-2ca">
         <name>.debug_info</name>
         <load_address>0xb59f</load_address>
         <run_address>0xb59f</run_address>
         <size>0x424</size>
         <input_file_ref idref="fl-c"/>
      </object_component>
      <object_component id="oc-317">
         <name>.debug_info</name>
         <load_address>0xb9c3</load_address>
         <run_address>0xb9c3</run_address>
         <size>0xdc</size>
         <input_file_ref idref="fl-c"/>
      </object_component>
      <object_component id="oc-2c7">
         <name>.debug_info</name>
         <load_address>0xba9f</load_address>
         <run_address>0xba9f</run_address>
         <size>0xdc</size>
         <input_file_ref idref="fl-c"/>
      </object_component>
      <object_component id="oc-2c4">
         <name>.debug_info</name>
         <load_address>0xbb7b</load_address>
         <run_address>0xbb7b</run_address>
         <size>0x190</size>
         <input_file_ref idref="fl-c"/>
      </object_component>
      <object_component id="oc-22d">
         <name>.debug_info</name>
         <load_address>0xbd0b</load_address>
         <run_address>0xbd0b</run_address>
         <size>0x539</size>
         <input_file_ref idref="fl-c"/>
      </object_component>
      <object_component id="oc-2be">
         <name>.debug_info</name>
         <load_address>0xc244</load_address>
         <run_address>0xc244</run_address>
         <size>0x2b3</size>
         <input_file_ref idref="fl-c"/>
      </object_component>
      <object_component id="oc-31e">
         <name>.debug_info</name>
         <load_address>0xc4f7</load_address>
         <run_address>0xc4f7</run_address>
         <size>0x62</size>
         <input_file_ref idref="fl-c"/>
      </object_component>
      <object_component id="oc-2cc">
         <name>.debug_info</name>
         <load_address>0xc559</load_address>
         <run_address>0xc559</run_address>
         <size>0x35f</size>
         <input_file_ref idref="fl-d"/>
      </object_component>
      <object_component id="oc-233">
         <name>.debug_info</name>
         <load_address>0xc8b8</load_address>
         <run_address>0xc8b8</run_address>
         <size>0x4ba</size>
         <input_file_ref idref="fl-d"/>
      </object_component>
      <object_component id="oc-211">
         <name>.debug_info</name>
         <load_address>0xcd72</load_address>
         <run_address>0xcd72</run_address>
         <size>0xe2b</size>
         <input_file_ref idref="fl-e"/>
      </object_component>
      <object_component id="oc-12a">
         <name>.debug_info</name>
         <load_address>0xdb9d</load_address>
         <run_address>0xdb9d</run_address>
         <size>0x3b16</size>
         <input_file_ref idref="fl-e"/>
      </object_component>
      <object_component id="oc-217">
         <name>.debug_info</name>
         <load_address>0x116b3</load_address>
         <run_address>0x116b3</run_address>
         <size>0x46</size>
         <input_file_ref idref="fl-e"/>
      </object_component>
      <object_component id="oc-2d4">
         <name>.debug_info</name>
         <load_address>0x116f9</load_address>
         <run_address>0x116f9</run_address>
         <size>0x477</size>
         <input_file_ref idref="fl-f"/>
      </object_component>
      <object_component id="oc-167">
         <name>.debug_info</name>
         <load_address>0x11b70</load_address>
         <run_address>0x11b70</run_address>
         <size>0x12a</size>
         <input_file_ref idref="fl-f"/>
      </object_component>
      <object_component id="oc-239">
         <name>.debug_info</name>
         <load_address>0x11c9a</load_address>
         <run_address>0x11c9a</run_address>
         <size>0x5be</size>
         <input_file_ref idref="fl-f"/>
      </object_component>
      <object_component id="oc-2ce">
         <name>.debug_info</name>
         <load_address>0x12258</load_address>
         <run_address>0x12258</run_address>
         <size>0x363</size>
         <input_file_ref idref="fl-f"/>
      </object_component>
      <object_component id="oc-a1">
         <name>.debug_info</name>
         <load_address>0x125bb</load_address>
         <run_address>0x125bb</run_address>
         <size>0x4e0</size>
         <input_file_ref idref="fl-10"/>
      </object_component>
      <object_component id="oc-299">
         <name>.debug_info</name>
         <load_address>0x12a9b</load_address>
         <run_address>0x12a9b</run_address>
         <size>0x6d6</size>
         <input_file_ref idref="fl-11"/>
      </object_component>
      <object_component id="oc-200">
         <name>.debug_info</name>
         <load_address>0x13171</load_address>
         <run_address>0x13171</run_address>
         <size>0x2400</size>
         <input_file_ref idref="fl-11"/>
      </object_component>
      <object_component id="oc-303">
         <name>.debug_info</name>
         <load_address>0x15571</load_address>
         <run_address>0x15571</run_address>
         <size>0x155</size>
         <input_file_ref idref="fl-11"/>
      </object_component>
      <object_component id="oc-248">
         <name>.debug_info</name>
         <load_address>0x156c6</load_address>
         <run_address>0x156c6</run_address>
         <size>0x84d</size>
         <input_file_ref idref="fl-12"/>
      </object_component>
      <object_component id="oc-164">
         <name>.debug_info</name>
         <load_address>0x15f13</load_address>
         <run_address>0x15f13</run_address>
         <size>0x34d</size>
         <input_file_ref idref="fl-12"/>
      </object_component>
      <object_component id="oc-23f">
         <name>.debug_info</name>
         <load_address>0x16260</load_address>
         <run_address>0x16260</run_address>
         <size>0x279</size>
         <input_file_ref idref="fl-12"/>
      </object_component>
      <object_component id="oc-136">
         <name>.debug_info</name>
         <load_address>0x164d9</load_address>
         <run_address>0x164d9</run_address>
         <size>0x4b8d</size>
         <input_file_ref idref="fl-12"/>
      </object_component>
      <object_component id="oc-1fa">
         <name>.debug_info</name>
         <load_address>0x1b066</load_address>
         <run_address>0x1b066</run_address>
         <size>0x3fb</size>
         <input_file_ref idref="fl-12"/>
      </object_component>
      <object_component id="oc-2db">
         <name>.debug_info</name>
         <load_address>0x1b461</load_address>
         <run_address>0x1b461</run_address>
         <size>0x14e</size>
         <input_file_ref idref="fl-12"/>
      </object_component>
      <object_component id="oc-1a6">
         <name>.debug_info</name>
         <load_address>0x1b5af</load_address>
         <run_address>0x1b5af</run_address>
         <size>0x280</size>
         <input_file_ref idref="fl-14"/>
      </object_component>
      <object_component id="oc-e4">
         <name>.debug_info</name>
         <load_address>0x1b82f</load_address>
         <run_address>0x1b82f</run_address>
         <size>0x1e9</size>
         <input_file_ref idref="fl-14"/>
      </object_component>
      <object_component id="oc-1c7">
         <name>.debug_info</name>
         <load_address>0x1ba18</load_address>
         <run_address>0x1ba18</run_address>
         <size>0x508</size>
         <input_file_ref idref="fl-14"/>
      </object_component>
      <object_component id="oc-27e">
         <name>.debug_info</name>
         <load_address>0x1bf20</load_address>
         <run_address>0x1bf20</run_address>
         <size>0x43c</size>
         <input_file_ref idref="fl-14"/>
      </object_component>
      <object_component id="oc-22b">
         <name>.debug_info</name>
         <load_address>0x1c35c</load_address>
         <run_address>0x1c35c</run_address>
         <size>0x2e6</size>
         <input_file_ref idref="fl-15"/>
      </object_component>
      <object_component id="oc-228">
         <name>.debug_info</name>
         <load_address>0x1c642</load_address>
         <run_address>0x1c642</run_address>
         <size>0xea</size>
         <input_file_ref idref="fl-15"/>
      </object_component>
      <object_component id="oc-130">
         <name>.debug_info</name>
         <load_address>0x1c72c</load_address>
         <run_address>0x1c72c</run_address>
         <size>0xc3a</size>
         <input_file_ref idref="fl-15"/>
      </object_component>
      <object_component id="oc-2b3">
         <name>.debug_info</name>
         <load_address>0x1d366</load_address>
         <run_address>0x1d366</run_address>
         <size>0x91</size>
         <input_file_ref idref="fl-15"/>
      </object_component>
      <object_component id="oc-69">
         <name>.debug_info</name>
         <load_address>0x1d3f7</load_address>
         <run_address>0x1d3f7</run_address>
         <size>0x7f4</size>
         <input_file_ref idref="fl-16"/>
      </object_component>
      <object_component id="oc-2f">
         <name>.debug_info</name>
         <load_address>0x1dbeb</load_address>
         <run_address>0x1dbeb</run_address>
         <size>0x107</size>
         <input_file_ref idref="fl-18"/>
      </object_component>
      <object_component id="oc-283">
         <name>.debug_info</name>
         <load_address>0x1dcf2</load_address>
         <run_address>0x1dcf2</run_address>
         <size>0x29f</size>
         <input_file_ref idref="fl-1a"/>
      </object_component>
      <object_component id="oc-2f0">
         <name>.debug_info</name>
         <load_address>0x1df91</load_address>
         <run_address>0x1df91</run_address>
         <size>0x242</size>
         <input_file_ref idref="fl-1a"/>
      </object_component>
      <object_component id="oc-1d1">
         <name>.debug_info</name>
         <load_address>0x1e1d3</load_address>
         <run_address>0x1e1d3</run_address>
         <size>0x2af</size>
         <input_file_ref idref="fl-1a"/>
      </object_component>
      <object_component id="oc-34">
         <name>.debug_info</name>
         <load_address>0x1e482</load_address>
         <run_address>0x1e482</run_address>
         <size>0x13c</size>
         <input_file_ref idref="fl-1b"/>
      </object_component>
      <object_component id="oc-ec">
         <name>.debug_info</name>
         <load_address>0x1e5be</load_address>
         <run_address>0x1e5be</run_address>
         <size>0x366</size>
         <input_file_ref idref="fl-1d"/>
      </object_component>
      <object_component id="oc-f1">
         <name>.debug_info</name>
         <load_address>0x1e924</load_address>
         <run_address>0x1e924</run_address>
         <size>0x66f</size>
         <input_file_ref idref="fl-1e"/>
      </object_component>
      <object_component id="oc-80">
         <name>.debug_info</name>
         <load_address>0x1ef93</load_address>
         <run_address>0x1ef93</run_address>
         <size>0x2e8e</size>
         <input_file_ref idref="fl-1e"/>
      </object_component>
      <object_component id="oc-20">
         <name>.debug_info</name>
         <load_address>0x21e21</load_address>
         <run_address>0x21e21</run_address>
         <size>0x5e2</size>
         <input_file_ref idref="fl-1f"/>
      </object_component>
      <object_component id="oc-74">
         <name>.debug_info</name>
         <load_address>0x22403</load_address>
         <run_address>0x22403</run_address>
         <size>0x135</size>
         <input_file_ref idref="fl-1f"/>
      </object_component>
      <object_component id="oc-a7">
         <name>.debug_info</name>
         <load_address>0x22538</load_address>
         <run_address>0x22538</run_address>
         <size>0x4a7</size>
         <input_file_ref idref="fl-20"/>
      </object_component>
      <object_component id="oc-2c">
         <name>.debug_info</name>
         <load_address>0x229df</load_address>
         <run_address>0x229df</run_address>
         <size>0xe4</size>
         <input_file_ref idref="fl-20"/>
      </object_component>
      <object_component id="oc-3b">
         <name>.debug_info</name>
         <load_address>0x22ac3</load_address>
         <run_address>0x22ac3</run_address>
         <size>0x476</size>
         <input_file_ref idref="fl-20"/>
      </object_component>
      <object_component id="oc-40">
         <name>.debug_info</name>
         <load_address>0x22f39</load_address>
         <run_address>0x22f39</run_address>
         <size>0x1ff</size>
         <input_file_ref idref="fl-20"/>
      </object_component>
      <object_component id="oc-18f">
         <name>.debug_info</name>
         <load_address>0x23138</load_address>
         <run_address>0x23138</run_address>
         <size>0x4f</size>
         <input_file_ref idref="fl-20"/>
      </object_component>
      <object_component id="oc-ea">
         <name>.debug_info</name>
         <load_address>0x23187</load_address>
         <run_address>0x23187</run_address>
         <size>0x51c</size>
         <input_file_ref idref="fl-21"/>
      </object_component>
      <object_component id="oc-7a">
         <name>.debug_info</name>
         <load_address>0x236a3</load_address>
         <run_address>0x236a3</run_address>
         <size>0x7d9</size>
         <input_file_ref idref="fl-21"/>
      </object_component>
      <object_component id="oc-2ae">
         <name>.debug_info</name>
         <load_address>0x23e7c</load_address>
         <run_address>0x23e7c</run_address>
         <size>0x290</size>
         <input_file_ref idref="fl-35"/>
      </object_component>
      <object_component id="oc-222">
         <name>.debug_info</name>
         <load_address>0x2410c</load_address>
         <run_address>0x2410c</run_address>
         <size>0x1a1</size>
         <input_file_ref idref="fl-35"/>
      </object_component>
      <object_component id="oc-30f">
         <name>.debug_info</name>
         <load_address>0x242ad</load_address>
         <run_address>0x242ad</run_address>
         <size>0x46</size>
         <input_file_ref idref="fl-35"/>
      </object_component>
      <object_component id="oc-2a9">
         <name>.debug_info</name>
         <load_address>0x242f3</load_address>
         <run_address>0x242f3</run_address>
         <size>0x39</size>
         <input_file_ref idref="fl-35"/>
      </object_component>
      <object_component id="oc-d6">
         <name>.debug_info</name>
         <load_address>0x2432c</load_address>
         <run_address>0x2432c</run_address>
         <size>0x148</size>
         <input_file_ref idref="fl-36"/>
      </object_component>
      <object_component id="oc-51">
         <name>.debug_info</name>
         <load_address>0x24474</load_address>
         <run_address>0x24474</run_address>
         <size>0x11a</size>
         <input_file_ref idref="fl-37"/>
      </object_component>
      <object_component id="oc-1eb">
         <name>.debug_info</name>
         <load_address>0x2458e</load_address>
         <run_address>0x2458e</run_address>
         <size>0x4b4</size>
         <input_file_ref idref="fl-38"/>
      </object_component>
      <object_component id="oc-fb">
         <name>.debug_info</name>
         <load_address>0x24a42</load_address>
         <run_address>0x24a42</run_address>
         <size>0x1a7</size>
         <input_file_ref idref="fl-38"/>
      </object_component>
      <object_component id="oc-286">
         <name>.debug_info</name>
         <load_address>0x24be9</load_address>
         <run_address>0x24be9</run_address>
         <size>0x39</size>
         <input_file_ref idref="fl-38"/>
      </object_component>
      <object_component id="oc-2f5">
         <name>.debug_info</name>
         <load_address>0x24c22</load_address>
         <run_address>0x24c22</run_address>
         <size>0x39</size>
         <input_file_ref idref="fl-38"/>
      </object_component>
      <object_component id="oc-28b">
         <name>.debug_info</name>
         <load_address>0x24c5b</load_address>
         <run_address>0x24c5b</run_address>
         <size>0x39</size>
         <input_file_ref idref="fl-38"/>
      </object_component>
      <object_component id="oc-290">
         <name>.debug_info</name>
         <load_address>0x24c94</load_address>
         <run_address>0x24c94</run_address>
         <size>0xcd</size>
         <input_file_ref idref="fl-38"/>
      </object_component>
      <object_component id="oc-d4">
         <name>.debug_info</name>
         <load_address>0x24d61</load_address>
         <run_address>0x24d61</run_address>
         <size>0x2d5</size>
         <input_file_ref idref="fl-3a"/>
      </object_component>
      <object_component id="oc-66">
         <name>.debug_info</name>
         <load_address>0x25036</load_address>
         <run_address>0x25036</run_address>
         <size>0x1b6</size>
         <input_file_ref idref="fl-3a"/>
      </object_component>
      <object_component id="oc-cf">
         <name>.debug_info</name>
         <load_address>0x251ec</load_address>
         <run_address>0x251ec</run_address>
         <size>0x46</size>
         <input_file_ref idref="fl-3a"/>
      </object_component>
      <object_component id="oc-5b">
         <name>.debug_info</name>
         <load_address>0x25232</load_address>
         <run_address>0x25232</run_address>
         <size>0x2a4</size>
         <input_file_ref idref="fl-3b"/>
      </object_component>
      <object_component id="oc-1c">
         <name>.debug_info</name>
         <load_address>0x254d6</load_address>
         <run_address>0x254d6</run_address>
         <size>0x1d6</size>
         <input_file_ref idref="fl-3b"/>
      </object_component>
      <object_component id="oc-56">
         <name>.debug_info</name>
         <load_address>0x256ac</load_address>
         <run_address>0x256ac</run_address>
         <size>0x46</size>
         <input_file_ref idref="fl-3b"/>
      </object_component>
      <object_component id="oc-c7">
         <name>.debug_info</name>
         <load_address>0x256f2</load_address>
         <run_address>0x256f2</run_address>
         <size>0x2c</size>
         <input_file_ref idref="fl-3b"/>
      </object_component>
      <object_component id="oc-c5">
         <name>.debug_info</name>
         <load_address>0x2571e</load_address>
         <run_address>0x2571e</run_address>
         <size>0x29f</size>
         <input_file_ref idref="fl-3c"/>
      </object_component>
      <object_component id="oc-13">
         <name>.debug_info</name>
         <load_address>0x259bd</load_address>
         <run_address>0x259bd</run_address>
         <size>0x251</size>
         <input_file_ref idref="fl-3c"/>
      </object_component>
      <object_component id="oc-46">
         <name>.debug_info</name>
         <load_address>0x25c0e</load_address>
         <run_address>0x25c0e</run_address>
         <size>0x60</size>
         <input_file_ref idref="fl-3c"/>
      </object_component>
      <object_component id="oc-195">
         <name>.debug_info</name>
         <load_address>0x25c6e</load_address>
         <run_address>0x25c6e</run_address>
         <size>0x46</size>
         <input_file_ref idref="fl-3c"/>
      </object_component>
      <object_component id="oc-c0">
         <name>.debug_info</name>
         <load_address>0x25cb4</load_address>
         <run_address>0x25cb4</run_address>
         <size>0x39</size>
         <input_file_ref idref="fl-3c"/>
      </object_component>
      <object_component id="oc-14f">
         <name>.debug_info</name>
         <load_address>0x25ced</load_address>
         <run_address>0x25ced</run_address>
         <size>0x123</size>
         <input_file_ref idref="fl-3d"/>
      </object_component>
      <object_component id="oc-2d8">
         <name>.debug_info</name>
         <load_address>0x25e10</load_address>
         <run_address>0x25e10</run_address>
         <size>0x290</size>
         <input_file_ref idref="fl-3f"/>
      </object_component>
      <object_component id="oc-244">
         <name>.debug_info</name>
         <load_address>0x260a0</load_address>
         <run_address>0x260a0</run_address>
         <size>0x246</size>
         <input_file_ref idref="fl-3f"/>
      </object_component>
      <object_component id="oc-35f">
         <name>.debug_info</name>
         <load_address>0x262e6</load_address>
         <run_address>0x262e6</run_address>
         <size>0xa6</size>
      </object_component>
      <object_component id="oc-250">
         <name>.debug_line</name>
         <load_address>0x0</load_address>
         <run_address>0x0</run_address>
         <size>0xa4</size>
         <input_file_ref idref="fl-2"/>
      </object_component>
      <object_component id="oc-24e">
         <name>.debug_line</name>
         <load_address>0xa4</load_address>
         <run_address>0xa4</run_address>
         <size>0x2d</size>
         <input_file_ref idref="fl-2"/>
      </object_component>
      <object_component id="oc-24a">
         <name>.debug_line</name>
         <load_address>0xd1</load_address>
         <run_address>0xd1</run_address>
         <size>0x2d</size>
         <input_file_ref idref="fl-2"/>
      </object_component>
      <object_component id="oc-24c">
         <name>.debug_line</name>
         <load_address>0xfe</load_address>
         <run_address>0xfe</run_address>
         <size>0x2d</size>
         <input_file_ref idref="fl-2"/>
      </object_component>
      <object_component id="oc-90">
         <name>.debug_line</name>
         <load_address>0x12b</load_address>
         <run_address>0x12b</run_address>
         <size>0x76</size>
         <input_file_ref idref="fl-2"/>
      </object_component>
      <object_component id="oc-215">
         <name>.debug_line</name>
         <load_address>0x1a1</load_address>
         <run_address>0x1a1</run_address>
         <size>0x64</size>
         <input_file_ref idref="fl-2"/>
      </object_component>
      <object_component id="oc-16f">
         <name>.debug_line</name>
         <load_address>0x205</load_address>
         <run_address>0x205</run_address>
         <size>0x7a</size>
         <input_file_ref idref="fl-2"/>
      </object_component>
      <object_component id="oc-9e">
         <name>.debug_line</name>
         <load_address>0x27f</load_address>
         <run_address>0x27f</run_address>
         <size>0x69</size>
         <input_file_ref idref="fl-2"/>
      </object_component>
      <object_component id="oc-25e">
         <name>.debug_line</name>
         <load_address>0x2e8</load_address>
         <run_address>0x2e8</run_address>
         <size>0x65</size>
         <input_file_ref idref="fl-2"/>
      </object_component>
      <object_component id="oc-149">
         <name>.debug_line</name>
         <load_address>0x34d</load_address>
         <run_address>0x34d</run_address>
         <size>0x69</size>
         <input_file_ref idref="fl-2"/>
      </object_component>
      <object_component id="oc-b8">
         <name>.debug_line</name>
         <load_address>0x3b6</load_address>
         <run_address>0x3b6</run_address>
         <size>0x20</size>
         <input_file_ref idref="fl-2"/>
      </object_component>
      <object_component id="oc-20f">
         <name>.debug_line</name>
         <load_address>0x3d6</load_address>
         <run_address>0x3d6</run_address>
         <size>0x68</size>
         <input_file_ref idref="fl-2"/>
      </object_component>
      <object_component id="oc-274">
         <name>.debug_line</name>
         <load_address>0x43e</load_address>
         <run_address>0x43e</run_address>
         <size>0x7e</size>
         <input_file_ref idref="fl-2"/>
      </object_component>
      <object_component id="oc-161">
         <name>.debug_line</name>
         <load_address>0x4bc</load_address>
         <run_address>0x4bc</run_address>
         <size>0x7b</size>
         <input_file_ref idref="fl-2"/>
      </object_component>
      <object_component id="oc-bd">
         <name>.debug_line</name>
         <load_address>0x537</load_address>
         <run_address>0x537</run_address>
         <size>0x67</size>
         <input_file_ref idref="fl-2"/>
      </object_component>
      <object_component id="oc-17e">
         <name>.debug_line</name>
         <load_address>0x59e</load_address>
         <run_address>0x59e</run_address>
         <size>0x64</size>
         <input_file_ref idref="fl-2"/>
      </object_component>
      <object_component id="oc-254">
         <name>.debug_line</name>
         <load_address>0x602</load_address>
         <run_address>0x602</run_address>
         <size>0x64</size>
         <input_file_ref idref="fl-2"/>
      </object_component>
      <object_component id="oc-2bb">
         <name>.debug_line</name>
         <load_address>0x666</load_address>
         <run_address>0x666</run_address>
         <size>0x60</size>
         <input_file_ref idref="fl-2"/>
      </object_component>
      <object_component id="oc-259">
         <name>.debug_line</name>
         <load_address>0x6c6</load_address>
         <run_address>0x6c6</run_address>
         <size>0x64</size>
         <input_file_ref idref="fl-2"/>
      </object_component>
      <object_component id="oc-4e">
         <name>.debug_line</name>
         <load_address>0x72a</load_address>
         <run_address>0x72a</run_address>
         <size>0x20</size>
         <input_file_ref idref="fl-4"/>
      </object_component>
      <object_component id="oc-ac">
         <name>.debug_line</name>
         <load_address>0x74a</load_address>
         <run_address>0x74a</run_address>
         <size>0x78</size>
         <input_file_ref idref="fl-5"/>
      </object_component>
      <object_component id="oc-27b">
         <name>.debug_line</name>
         <load_address>0x7c2</load_address>
         <run_address>0x7c2</run_address>
         <size>0x20</size>
         <input_file_ref idref="fl-6"/>
      </object_component>
      <object_component id="oc-71">
         <name>.debug_line</name>
         <load_address>0x7e2</load_address>
         <run_address>0x7e2</run_address>
         <size>0x1fb</size>
         <input_file_ref idref="fl-6"/>
      </object_component>
      <object_component id="oc-e0">
         <name>.debug_line</name>
         <load_address>0x9dd</load_address>
         <run_address>0x9dd</run_address>
         <size>0x73</size>
         <input_file_ref idref="fl-6"/>
      </object_component>
      <object_component id="oc-1e9">
         <name>.debug_line</name>
         <load_address>0xa50</load_address>
         <run_address>0xa50</run_address>
         <size>0x60</size>
         <input_file_ref idref="fl-7"/>
      </object_component>
      <object_component id="oc-89">
         <name>.debug_line</name>
         <load_address>0xab0</load_address>
         <run_address>0xab0</run_address>
         <size>0x289</size>
         <input_file_ref idref="fl-7"/>
      </object_component>
      <object_component id="oc-29">
         <name>.debug_line</name>
         <load_address>0xd39</load_address>
         <run_address>0xd39</run_address>
         <size>0x6e</size>
         <input_file_ref idref="fl-7"/>
      </object_component>
      <object_component id="oc-b3">
         <name>.debug_line</name>
         <load_address>0xda7</load_address>
         <run_address>0xda7</run_address>
         <size>0x64</size>
         <input_file_ref idref="fl-7"/>
      </object_component>
      <object_component id="oc-174">
         <name>.debug_line</name>
         <load_address>0xe0b</load_address>
         <run_address>0xe0b</run_address>
         <size>0x64</size>
         <input_file_ref idref="fl-7"/>
      </object_component>
      <object_component id="oc-f6">
         <name>.debug_line</name>
         <load_address>0xe6f</load_address>
         <run_address>0xe6f</run_address>
         <size>0x60</size>
         <input_file_ref idref="fl-7"/>
      </object_component>
      <object_component id="oc-18d">
         <name>.debug_line</name>
         <load_address>0xecf</load_address>
         <run_address>0xecf</run_address>
         <size>0x64</size>
         <input_file_ref idref="fl-7"/>
      </object_component>
      <object_component id="oc-26b">
         <name>.debug_line</name>
         <load_address>0xf33</load_address>
         <run_address>0xf33</run_address>
         <size>0x20</size>
         <input_file_ref idref="fl-9"/>
      </object_component>
      <object_component id="oc-98">
         <name>.debug_line</name>
         <load_address>0xf53</load_address>
         <run_address>0xf53</run_address>
         <size>0xd2</size>
         <input_file_ref idref="fl-9"/>
      </object_component>
      <object_component id="oc-1ac">
         <name>.debug_line</name>
         <load_address>0x1025</load_address>
         <run_address>0x1025</run_address>
         <size>0x64</size>
         <input_file_ref idref="fl-9"/>
      </object_component>
      <object_component id="oc-1b1">
         <name>.debug_line</name>
         <load_address>0x1089</load_address>
         <run_address>0x1089</run_address>
         <size>0x67</size>
         <input_file_ref idref="fl-9"/>
      </object_component>
      <object_component id="oc-1b6">
         <name>.debug_line</name>
         <load_address>0x10f0</load_address>
         <run_address>0x10f0</run_address>
         <size>0x64</size>
         <input_file_ref idref="fl-9"/>
      </object_component>
      <object_component id="oc-26f">
         <name>.debug_line</name>
         <load_address>0x1154</load_address>
         <run_address>0x1154</run_address>
         <size>0x64</size>
         <input_file_ref idref="fl-9"/>
      </object_component>
      <object_component id="oc-15c">
         <name>.debug_line</name>
         <load_address>0x11b8</load_address>
         <run_address>0x11b8</run_address>
         <size>0x64</size>
         <input_file_ref idref="fl-9"/>
      </object_component>
      <object_component id="oc-19f">
         <name>.debug_line</name>
         <load_address>0x121c</load_address>
         <run_address>0x121c</run_address>
         <size>0x76</size>
         <input_file_ref idref="fl-9"/>
      </object_component>
      <object_component id="oc-1bb">
         <name>.debug_line</name>
         <load_address>0x1292</load_address>
         <run_address>0x1292</run_address>
         <size>0x64</size>
         <input_file_ref idref="fl-9"/>
      </object_component>
      <object_component id="oc-1e6">
         <name>.debug_line</name>
         <load_address>0x12f6</load_address>
         <run_address>0x12f6</run_address>
         <size>0x69</size>
         <input_file_ref idref="fl-9"/>
      </object_component>
      <object_component id="oc-1c0">
         <name>.debug_line</name>
         <load_address>0x135f</load_address>
         <run_address>0x135f</run_address>
         <size>0x64</size>
         <input_file_ref idref="fl-9"/>
      </object_component>
      <object_component id="oc-179">
         <name>.debug_line</name>
         <load_address>0x13c3</load_address>
         <run_address>0x13c3</run_address>
         <size>0x66</size>
         <input_file_ref idref="fl-9"/>
      </object_component>
      <object_component id="oc-1d9">
         <name>.debug_line</name>
         <load_address>0x1429</load_address>
         <run_address>0x1429</run_address>
         <size>0x63</size>
         <input_file_ref idref="fl-9"/>
      </object_component>
      <object_component id="oc-1c5">
         <name>.debug_line</name>
         <load_address>0x148c</load_address>
         <run_address>0x148c</run_address>
         <size>0x64</size>
         <input_file_ref idref="fl-9"/>
      </object_component>
      <object_component id="oc-1cf">
         <name>.debug_line</name>
         <load_address>0x14f0</load_address>
         <run_address>0x14f0</run_address>
         <size>0x66</size>
         <input_file_ref idref="fl-9"/>
      </object_component>
      <object_component id="oc-1de">
         <name>.debug_line</name>
         <load_address>0x1556</load_address>
         <run_address>0x1556</run_address>
         <size>0x64</size>
         <input_file_ref idref="fl-9"/>
      </object_component>
      <object_component id="oc-183">
         <name>.debug_line</name>
         <load_address>0x15ba</load_address>
         <run_address>0x15ba</run_address>
         <size>0x67</size>
         <input_file_ref idref="fl-9"/>
      </object_component>
      <object_component id="oc-188">
         <name>.debug_line</name>
         <load_address>0x1621</load_address>
         <run_address>0x1621</run_address>
         <size>0x66</size>
         <input_file_ref idref="fl-9"/>
      </object_component>
      <object_component id="oc-309">
         <name>.debug_line</name>
         <load_address>0x1687</load_address>
         <run_address>0x1687</run_address>
         <size>0x139</size>
         <input_file_ref idref="fl-b"/>
      </object_component>
      <object_component id="oc-209">
         <name>.debug_line</name>
         <load_address>0x17c0</load_address>
         <run_address>0x17c0</run_address>
         <size>0x2ec</size>
         <input_file_ref idref="fl-b"/>
      </object_component>
      <object_component id="oc-29d">
         <name>.debug_line</name>
         <load_address>0x1aac</load_address>
         <run_address>0x1aac</run_address>
         <size>0x76</size>
         <input_file_ref idref="fl-b"/>
      </object_component>
      <object_component id="oc-21f">
         <name>.debug_line</name>
         <load_address>0x1b22</load_address>
         <run_address>0x1b22</run_address>
         <size>0x6c</size>
         <input_file_ref idref="fl-b"/>
      </object_component>
      <object_component id="oc-2a6">
         <name>.debug_line</name>
         <load_address>0x1b8e</load_address>
         <run_address>0x1b8e</run_address>
         <size>0x65</size>
         <input_file_ref idref="fl-b"/>
      </object_component>
      <object_component id="oc-30d">
         <name>.debug_line</name>
         <load_address>0x1bf3</load_address>
         <run_address>0x1bf3</run_address>
         <size>0x3f</size>
         <input_file_ref idref="fl-b"/>
      </object_component>
      <object_component id="oc-324">
         <name>.debug_line</name>
         <load_address>0x1c32</load_address>
         <run_address>0x1c32</run_address>
         <size>0xad</size>
         <input_file_ref idref="fl-c"/>
      </object_component>
      <object_component id="oc-330">
         <name>.debug_line</name>
         <load_address>0x1cdf</load_address>
         <run_address>0x1cdf</run_address>
         <size>0x37</size>
         <input_file_ref idref="fl-c"/>
      </object_component>
      <object_component id="oc-31d">
         <name>.debug_line</name>
         <load_address>0x1d16</load_address>
         <run_address>0x1d16</run_address>
         <size>0x37</size>
         <input_file_ref idref="fl-c"/>
      </object_component>
      <object_component id="oc-31b">
         <name>.debug_line</name>
         <load_address>0x1d4d</load_address>
         <run_address>0x1d4d</run_address>
         <size>0x37</size>
         <input_file_ref idref="fl-c"/>
      </object_component>
      <object_component id="oc-230">
         <name>.debug_line</name>
         <load_address>0x1d84</load_address>
         <run_address>0x1d84</run_address>
         <size>0x11b</size>
         <input_file_ref idref="fl-c"/>
      </object_component>
      <object_component id="oc-2c1">
         <name>.debug_line</name>
         <load_address>0x1e9f</load_address>
         <run_address>0x1e9f</run_address>
         <size>0xb0</size>
         <input_file_ref idref="fl-c"/>
      </object_component>
      <object_component id="oc-321">
         <name>.debug_line</name>
         <load_address>0x1f4f</load_address>
         <run_address>0x1f4f</run_address>
         <size>0x37</size>
         <input_file_ref idref="fl-c"/>
      </object_component>
      <object_component id="oc-326">
         <name>.debug_line</name>
         <load_address>0x1f86</load_address>
         <run_address>0x1f86</run_address>
         <size>0x20</size>
         <input_file_ref idref="fl-d"/>
      </object_component>
[...]
      <symbol id="sm-7aa">
         <name>_coreDisableRamEcc_</name>
         <value>0xeab0</value>
         <object_component_ref idref="oc-68"/>
      </symbol>
      <symbol id="sm-7ab">
         <name>_coreGetDataFaultAddress_</name>
         <value>0xeb1c</value>
         <object_component_ref idref="oc-68"/>
      </symbol>
      <symbol id="sm-7ac">
         <name>_coreClearInstructionFault_</name>
         <value>0xeb10</value>
         <object_component_ref idref="oc-68"/>
      </symbol>
      <symbol id="sm-7ad">
         <name>_getCPSRValue_</name>
         <value>0xea48</value>
         <object_component_ref idref="oc-68"/>
      </symbol>
      <symbol id="sm-7ae">
         <name>__TI_PINIT_Limit</name>
         <value>0xec38</value>
         <object_component_ref idref="oc-68"/>
      </symbol>
      <symbol id="sm-7af">
         <name>_coreEnableFlashEcc_</name>
         <value>0xeac0</value>
         <object_component_ref idref="oc-68"/>
      </symbol>
      <symbol id="sm-7b0">
         <name>_disable_FIQ_interrupt_</name>
         <value>0xeb74</value>
         <object_component_ref idref="oc-68"/>
      </symbol>
      <symbol id="sm-7b1">
         <name>_coreGetAuxiliaryInstructionFault_</name>
         <value>0xeb58</value>
         <object_component_ref idref="oc-68"/>
      </symbol>
      <symbol id="sm-7b2">
         <name>_coreInitStackPointer_</name>
         <value>0xe9fc</value>
         <object_component_ref idref="oc-68"/>
      </symbol>
      <symbol id="sm-7b3">
         <name>_esmCcmErrorsClear_</name>
         <value>0xeb8c</value>
         <object_component_ref idref="oc-68"/>
      </symbol>
      <symbol id="sm-7b4">
         <name>_gotoCPUIdle_</name>
         <value>0xea50</value>
         <object_component_ref idref="oc-68"/>
      </symbol>
      <symbol id="sm-7b5">
         <name>_coreEnableIrqVicOffset_</name>
         <value>0xeae4</value>
         <object_component_ref idref="oc-68"/>
      </symbol>
      <symbol id="sm-7b6">
         <name>_coreGetInstructionFault_</name>
         <value>0xeb08</value>
         <object_component_ref idref="oc-68"/>
      </symbol>
      <symbol id="sm-7b7">
         <name>_coreEnableVfp_</name>
         <value>0xea68</value>
         <object_component_ref idref="oc-68"/>
      </symbol>
      <symbol id="sm-7b8">
         <name>_coreClearAuxiliaryDataFault_</name>
         <value>0xeb4c</value>
         <object_component_ref idref="oc-68"/>
      </symbol>
      <symbol id="sm-7b9">
         <name>_coreEnableEventBusExport_</name>
         <value>0xea80</value>
         <object_component_ref idref="oc-68"/>
      </symbol>
      <symbol id="sm-7c5">
         <name>resetEntry</name>
         <value>0x0</value>
         <object_component_ref idref="oc-2e"/>
      </symbol>
      <symbol id="sm-7de">
         <name>phantomInterrupt</name>
         <value>0x10064</value>
         <object_component_ref idref="oc-33"/>
      </symbol>
      <symbol id="sm-7e8">
         <name>_pmuResetCounters_</name>
         <value>0xfcc8</value>
         <object_component_ref idref="oc-eb"/>
      </symbol>
      <symbol id="sm-7e9">
         <name>_pmuGetEventCount_</name>
         <value>0xfcfc</value>
         <object_component_ref idref="oc-eb"/>
      </symbol>
      <symbol id="sm-7ea">
         <name>_pmuResetEventCounters_</name>
         <value>0xfcb8</value>
         <object_component_ref idref="oc-eb"/>
      </symbol>
      <symbol id="sm-7eb">
         <name>_pmuStopCounters_</name>
         <value>0xfce0</value>
         <object_component_ref idref="oc-eb"/>
      </symbol>
      <symbol id="sm-7ec">
         <name>_pmuInit_</name>
         <value>0xfc3c</value>
         <object_component_ref idref="oc-eb"/>
      </symbol>
      <symbol id="sm-7ed">
         <name>_pmuGetOverflow_</name>
         <value>0xfd08</value>
         <object_component_ref idref="oc-eb"/>
      </symbol>
      <symbol id="sm-7ee">
         <name>_pmuResetCycleCounter_</name>
         <value>0xfca8</value>
         <object_component_ref idref="oc-eb"/>
      </symbol>
      <symbol id="sm-7ef">
         <name>_pmuSetCountEvent_</name>
         <value>0xfce8</value>
         <object_component_ref idref="oc-eb"/>
      </symbol>
      <symbol id="sm-7f0">
         <name>_pmuGetCycleCount_</name>
         <value>0xfcf4</value>
         <object_component_ref idref="oc-eb"/>
      </symbol>
      <symbol id="sm-7f1">
         <name>_pmuEnableCountersGlobal_</name>
         <value>0xfc88</value>
         <object_component_ref idref="oc-eb"/>
      </symbol>
      <symbol id="sm-7f2">
         <name>_pmuDisableCountersGlobal_</name>
         <value>0xfc98</value>
         <object_component_ref idref="oc-eb"/>
      </symbol>
      <symbol id="sm-7f3">
         <name>_pmuStartCounters_</name>
         <value>0xfcd8</value>
         <object_component_ref idref="oc-eb"/>
      </symbol>
      <symbol id="sm-9b3">
         <name>pbistSelfCheck</name>
         <value>0x82cc</value>
         <object_component_ref idref="oc-7f"/>
      </symbol>
      <symbol id="sm-9b4">
         <name>fmcBus1ParityCheck</name>
         <value>0xa2c4</value>
         <object_component_ref idref="oc-7f"/>
      </symbol>
      <symbol id="sm-9b5">
         <name>can1ParityCheck</name>
         <value>0x9410</value>
         <object_component_ref idref="oc-7f"/>
      </symbol>
      <symbol id="sm-9b6">
         <name>enableParity</name>
         <value>0xaad0</value>
         <object_component_ref idref="oc-7f"/>
      </symbol>
      <symbol id="sm-9b7">
         <name>dmaParityCheck</name>
         <value>0x8eac</value>
         <object_component_ref idref="oc-7f"/>
      </symbol>
      <symbol id="sm-9b8">
         <name>custom_dabort</name>
         <value>0x8df4</value>
         <object_component_ref idref="oc-7f"/>
      </symbol>
      <symbol id="sm-9b9">
         <name>memoryInit</name>
         <value>0x8174</value>
         <object_component_ref idref="oc-7f"/>
      </symbol>
      <symbol id="sm-9ba">
         <name>stcSelfCheck</name>
         <value>0x81b8</value>
         <object_component_ref idref="oc-7f"/>
      </symbol>
      <symbol id="sm-9bb">
         <name>efcGetConfigValue</name>
         <value>0xa660</value>
         <object_component_ref idref="oc-7f"/>
      </symbol>
      <symbol id="sm-9bc">
         <name>can2ParityCheck</name>
         <value>0x94e8</value>
         <object_component_ref idref="oc-7f"/>
      </symbol>
      <symbol id="sm-9bd">
         <name>het1ParityCheck</name>
         <value>0x8f58</value>
         <object_component_ref idref="oc-7f"/>
      </symbol>
      <symbol id="sm-9be">
         <name>adc1ParityCheck</name>
         <value>0x926c</value>
         <object_component_ref idref="oc-7f"/>
      </symbol>
      <symbol id="sm-9bf">
         <name>checkefcSelfTest</name>
         <value>0x87bc</value>
         <object_component_ref idref="oc-7f"/>
      </symbol>
      <symbol id="sm-9c0">
         <name>checkRAMECC</name>
         <value>0x99d0</value>
         <object_component_ref idref="oc-7f"/>
      </symbol>
      <symbol id="sm-9c1">
         <name>stcSelfCheckFail</name>
         <value>0x8df8</value>
         <object_component_ref idref="oc-7f"/>
      </symbol>
      <symbol id="sm-9c2">
         <name>ccmSelfCheck</name>
         <value>0x8030</value>
         <object_component_ref idref="oc-7f"/>
      </symbol>
      <symbol id="sm-9c3">
         <name>efcCheck</name>
         <value>0x8660</value>
         <object_component_ref idref="oc-7f"/>
      </symbol>
      <symbol id="sm-9c4">
         <name>het2ParityCheck</name>
         <value>0x90c0</value>
         <object_component_ref idref="oc-7f"/>
      </symbol>
      <symbol id="sm-9c5">
         <name>adc2ParityCheck</name>
         <value>0x9358</value>
         <object_component_ref idref="oc-7f"/>
      </symbol>
      <symbol id="sm-9c6">
         <name>cpuSelfTest</name>
         <value>0x8234</value>
         <object_component_ref idref="oc-7f"/>
      </symbol>
      <symbol id="sm-9c7">
         <name>htu1ParityCheck</name>
         <value>0x9004</value>
         <object_component_ref idref="oc-7f"/>
      </symbol>
      <symbol id="sm-9c8">
         <name>checkFlashECC</name>
         <value>0x8d18</value>
         <object_component_ref idref="oc-7f"/>
      </symbol>
      <symbol id="sm-9c9">
         <name>cpuSelfTestFail</name>
         <value>0x8dfc</value>
         <object_component_ref idref="oc-7f"/>
      </symbol>
      <symbol id="sm-9ca">
         <name>checkPLL1Slip</name>
         <value>0x9e8c</value>
         <object_component_ref idref="oc-7f"/>
      </symbol>
      <symbol id="sm-9cb">
         <name>mibspi1ParityCheck</name>
         <value>0x9684</value>
         <object_component_ref idref="oc-7f"/>
      </symbol>
      <symbol id="sm-9cc">
         <name>ccmr4GetConfigValue</name>
         <value>0xa6fc</value>
         <object_component_ref idref="oc-7f"/>
      </symbol>
      <symbol id="sm-9cd">
         <name>htu2ParityCheck</name>
         <value>0x91bc</value>
         <object_component_ref idref="oc-7f"/>
      </symbol>
      <symbol id="sm-9ce">
         <name>pbistPortTestStatus</name>
         <value>0x8608</value>
         <object_component_ref idref="oc-7f"/>
      </symbol>
      <symbol id="sm-9cf">
         <name>checkFlashEEPROMECC</name>
         <value>0x9cf4</value>
         <object_component_ref idref="oc-7f"/>
      </symbol>
      <symbol id="sm-9d0">
         <name>pbistGetConfigValue</name>
         <value>0xa470</value>
         <object_component_ref idref="oc-7f"/>
      </symbol>
      <symbol id="sm-9d1">
         <name>vimParityCheck</name>
         <value>0x8e00</value>
         <object_component_ref idref="oc-7f"/>
      </symbol>
      <symbol id="sm-9d2">
         <name>pbistIsTestCompleted</name>
         <value>0x85a8</value>
         <object_component_ref idref="oc-7f"/>
      </symbol>
      <symbol id="sm-9d3">
         <name>disableParity</name>
         <value>0xab58</value>
         <object_component_ref idref="oc-7f"/>
      </symbol>
      <symbol id="sm-9d4">
         <name>pbistRun</name>
         <value>0x84ac</value>
         <object_component_ref idref="oc-7f"/>
      </symbol>
      <symbol id="sm-9d5">
         <name>pbistFail</name>
         <value>0xa3ec</value>
         <object_component_ref idref="oc-7f"/>
      </symbol>
      <symbol id="sm-9d6">
         <name>selftestFailNotification</name>
         <value>0x8020</value>
         <object_component_ref idref="oc-7f"/>
      </symbol>
      <symbol id="sm-9d7">
         <name>errata_PBIST_4</name>
         <value>0xa76c</value>
         <object_component_ref idref="oc-7f"/>
      </symbol>
      <symbol id="sm-9d8">
         <name>mibspi3ParityCheck</name>
         <value>0x978c</value>
         <object_component_ref idref="oc-7f"/>
      </symbol>
      <symbol id="sm-9d9">
         <name>efcSelfTest</name>
         <value>0x8794</value>
         <object_component_ref idref="oc-7f"/>
      </symbol>
      <symbol id="sm-9da">
         <name>checkB1RAMECC</name>
         <value>0x8b28</value>
         <object_component_ref idref="oc-7f"/>
      </symbol>
      <symbol id="sm-9db">
         <name>pbistStop</name>
         <value>0x8578</value>
         <object_component_ref idref="oc-7f"/>
      </symbol>
      <symbol id="sm-9dc">
         <name>can3ParityCheck</name>
         <value>0x95b0</value>
         <object_component_ref idref="oc-7f"/>
      </symbol>
      <symbol id="sm-9dd">
         <name>checkRAMAddrParity</name>
         <value>0xa050</value>
         <object_component_ref idref="oc-7f"/>
      </symbol>
      <symbol id="sm-9de">
         <name>mibspi5ParityCheck</name>
         <value>0x98b0</value>
         <object_component_ref idref="oc-7f"/>
      </symbol>
      <symbol id="sm-9df">
         <name>checkB0RAMECC</name>
         <value>0x8938</value>
         <object_component_ref idref="oc-7f"/>
      </symbol>
      <symbol id="sm-9e0">
         <name>stcGetConfigValue</name>
         <value>0xa5bc</value>
         <object_component_ref idref="oc-7f"/>
      </symbol>
      <symbol id="sm-9e1">
         <name>pbistIsTestPassed</name>
         <value>0x85d4</value>
         <object_component_ref idref="oc-7f"/>
      </symbol>
      <symbol id="sm-9e2">
         <name>checkClockMonitor</name>
         <value>0x9c18</value>
         <object_component_ref idref="oc-7f"/>
      </symbol>
      <symbol id="sm-9e3">
         <name>fmcECCcheck</name>
         <value>0x8898</value>
         <object_component_ref idref="oc-7f"/>
      </symbol>
      <symbol id="sm-9e4">
         <name>fmcBus2Check</name>
         <value>0x885c</value>
         <object_component_ref idref="oc-7f"/>
      </symbol>
      <symbol id="sm-9e5">
         <name>checkRAMUERRTest</name>
         <value>0xa15c</value>
         <object_component_ref idref="oc-7f"/>
      </symbol>
      <symbol id="sm-9e6">
         <name>efcStuckZeroTest</name>
         <value>0x86e8</value>
         <object_component_ref idref="oc-7f"/>
      </symbol>
      <symbol id="sm-9e7">
         <name>checkPLL2Slip</name>
         <value>0x9f8c</value>
         <object_component_ref idref="oc-7f"/>
      </symbol>
      <symbol id="sm-a19">
         <name>_c_int00</name>
         <value>0xef08</value>
         <object_component_ref idref="oc-1f"/>
      </symbol>
      <symbol id="sm-a1a">
         <name>handlePLLLockFail</name>
         <value>0x10068</value>
         <object_component_ref idref="oc-73"/>
      </symbol>
      <symbol id="sm-aca">
         <name>vimChannelMap</name>
         <value>0xb948</value>
         <object_component_ref idref="oc-3a"/>
      </symbol>
      <symbol id="sm-acb">
         <name>vimInit</name>
         <value>0xb874</value>
         <object_component_ref idref="oc-3a"/>
      </symbol>
      <symbol id="sm-acc">
         <name>vimEnableInterrupt</name>
         <value>0xb9ec</value>
         <object_component_ref idref="oc-3a"/>
      </symbol>
      <symbol id="sm-acd">
         <name>vimDisableInterrupt</name>
         <value>0xbbb4</value>
         <object_component_ref idref="oc-3a"/>
      </symbol>
      <symbol id="sm-ace">
         <name>vimGetConfigValue</name>
         <value>0xbc60</value>
         <object_component_ref idref="oc-3a"/>
      </symbol>
      <symbol id="sm-acf">
         <name>vimParityErrorHandler</name>
         <value>0xec3c</value>
         <object_component_ref idref="oc-39"/>
      </symbol>
      <symbol id="sm-b2b">
         <name>systemGetConfigValue</name>
         <value>0xb090</value>
         <object_component_ref idref="oc-79"/>
      </symbol>
      <symbol id="sm-b2c">
         <name>trimLPO</name>
         <value>0xad5c</value>
         <object_component_ref idref="oc-79"/>
      </symbol>
      <symbol id="sm-b2d">
         <name>systemInit</name>
         <value>0xaf94</value>
         <object_component_ref idref="oc-79"/>
      </symbol>
      <symbol id="sm-b2e">
         <name>customTrimLPO</name>
         <value>0xb794</value>
         <object_component_ref idref="oc-79"/>
      </symbol>
      <symbol id="sm-b2f">
         <name>tcmflashGetConfigValue</name>
         <value>0xb4ac</value>
         <object_component_ref idref="oc-79"/>
      </symbol>
      <symbol id="sm-b30">
         <name>sramGetConfigValue</name>
         <value>0xb658</value>
         <object_component_ref idref="oc-79"/>
      </symbol>
      <symbol id="sm-b31">
         <name>periphInit</name>
         <value>0xae18</value>
         <object_component_ref idref="oc-79"/>
      </symbol>
      <symbol id="sm-b32">
         <name>setupFlash</name>
         <value>0xadd8</value>
         <object_component_ref idref="oc-79"/>
      </symbol>
      <symbol id="sm-b33">
         <name>setupPLL</name>
         <value>0xacfc</value>
         <object_component_ref idref="oc-79"/>
      </symbol>
      <symbol id="sm-b34">
         <name>mapClocks</name>
         <value>0xae6c</value>
         <object_component_ref idref="oc-79"/>
      </symbol>
      <symbol id="sm-b35">
         <name>systemPowerDown</name>
         <value>0xb060</value>
         <object_component_ref idref="oc-79"/>
      </symbol>
      <symbol id="sm-b69">
         <name>floorl</name>
         <value>0xfb5d</value>
         <object_component_ref idref="oc-221"/>
      </symbol>
      <symbol id="sm-b6a">
         <name>floor</name>
         <value>0xfb5d</value>
         <object_component_ref idref="oc-221"/>
      </symbol>
      <symbol id="sm-b79">
         <name>__aeabi_memset</name>
         <value>0xff07</value>
         <object_component_ref idref="oc-d5"/>
      </symbol>
      <symbol id="sm-b7a">
         <name>memset</name>
         <value>0xff0d</value>
         <object_component_ref idref="oc-d5"/>
      </symbol>
      <symbol id="sm-b7b">
         <name>__aeabi_memset8</name>
         <value>0xff07</value>
         <object_component_ref idref="oc-d5"/>
      </symbol>
      <symbol id="sm-b7c">
         <name>__aeabi_memset4</name>
         <value>0xff07</value>
         <object_component_ref idref="oc-d5"/>
      </symbol>
      <symbol id="sm-b7d">
         <name>__aeabi_memclr8</name>
         <value>0xff05</value>
         <object_component_ref idref="oc-d5"/>
      </symbol>
      <symbol id="sm-b7e">
         <name>__aeabi_memclr4</name>
         <value>0xff05</value>
         <object_component_ref idref="oc-d5"/>
      </symbol>
      <symbol id="sm-b7f">
         <name>__aeabi_memclr</name>
         <value>0xff05</value>
         <object_component_ref idref="oc-d5"/>
      </symbol>
      <symbol id="sm-b9a">
         <name>memcpy</name>
         <value>0xfdd5</value>
         <object_component_ref idref="oc-50"/>
      </symbol>
      <symbol id="sm-b9b">
         <name>__aeabi_memcpy</name>
         <value>0xfdd5</value>
         <object_component_ref idref="oc-50"/>
      </symbol>
      <symbol id="sm-b9c">
         <name>__aeabi_memcpy8</name>
         <value>0xfdd5</value>
         <object_component_ref idref="oc-50"/>
      </symbol>
      <symbol id="sm-b9d">
         <name>__aeabi_memcpy4</name>
         <value>0xfdd5</value>
         <object_component_ref idref="oc-50"/>
      </symbol>
      <symbol id="sm-bc5">
         <name>__TI_auto_init_nobinit_nopinit</name>
         <value>0xffed</value>
         <object_component_ref idref="oc-f9"/>
      </symbol>
      <symbol id="sm-bd8">
         <name>__TI_zero_init</name>
         <value>0x10055</value>
         <object_component_ref idref="oc-62"/>
      </symbol>
      <symbol id="sm-bef">
         <name>__TI_decompress_none</name>
         <value>0x10047</value>
         <object_component_ref idref="oc-18"/>
      </symbol>
      <symbol id="sm-c12">
         <name>__TI_decompress_lzss</name>
         <value>0xff7f</value>
         <object_component_ref idref="oc-12"/>
      </symbol>
      <symbol id="sm-c1d">
         <name>C$$EXIT</name>
         <value>0x10061</value>
         <object_component_ref idref="oc-14b"/>
      </symbol>
      <symbol id="sm-c1e">
         <name>abort</name>
         <value>0x10061</value>
         <object_component_ref idref="oc-14b"/>
      </symbol>
      <symbol id="sm-c2d">
         <name>strlen</name>
         <value>0x10031</value>
         <object_component_ref idref="oc-241"/>
      </symbol>
      <symbol id="sm-c3e">
         <name>__TI_static_base__</name>
         <value>0x0</value>
      </symbol>
      <symbol id="sm-c42">
         <name>SHT$$INIT_ARRAY$$Base</name>
         <value>0x0</value>
      </symbol>
      <symbol id="sm-c43">
         <name>SHT$$INIT_ARRAY$$Limit</name>
         <value>0x0</value>
      </symbol>
      <symbol id="sm-c44">
         <name>_system_post_cinit</name>
         <value>0x0</value>
      </symbol>
   </symbol_table>
   <title>Link successful</title>
</link_info>
