******************************************************************************
                  TI ARM Linker Unix v18.12.3                  
******************************************************************************
>> Linked Fri Aug  7 14:20:50 2020

OUTPUT FILE NAME:   <Launchpad_FreeRTOS.out>
ENTRY POINT SYMBOL: "_c_int00"  address: 0000ef08


MEMORY CONFIGURATION

         name            origin    length      used     unused   attr    fill
----------------------  --------  ---------  --------  --------  ----  --------
  VECTORS               00000000   00000020  00000020  00000000     X
  KERNEL                00000020   00008000  0000523c  00002dc4  R  X
  FLASH0                00008020   00137fe0  00008492  0012fb4e  R  X
  STACKS                08000000   00000800  00000000  00000800  RW  
  KRAM                  08000800   00000800  00000104  000006fc  RW  
  RAM                   08001000   0002f000  00002058  0002cfa8  RW  


SEGMENT ALLOCATION MAP

run origin  load origin   length   init length attrs members
----------  ----------- ---------- ----------- ----- -------
00000000    00000000    00005260   00005260    r-x
  00000000    00000000    00000020   00000020    r-x .intvecs
  00000020    00000020    000051e4   000051e4    r-x .kernelTEXT
  00005208    00005208    00000058   00000058    r-- .cinit
00008020    00008020    00008492   00008492    r-x
  00008020    00008020    000081d4   000081d4    r-x .text
  000101f4    000101f4    000002be   000002be    r-- .const
08000800    08000800    00000104   00000000    rw-
  08000800    08000800    00000104   00000000    rw- .kernelBSS
08001000    08001000    00002058   00000000    rw-
  08001000    08001000    00002000   00000000    rw- .kernelHEAP
  08003000    08003000    00000030   00000000    rw- .bss
  08003030    08003030    00000028   00000000    rw- .data


SECTION ALLOCATION MAP

 output                                  attributes/
section   page    origin      length       input sections
--------  ----  ----------  ----------   ----------------
.intvecs   0    00000000    00000020     
                  00000000    00000020     sys_intvecs.obj (.intvecs)

.kernelTEXT 
*          0    00000020    000051e4     
                  00000020    00002bdc     os_tasks.obj (.kernelTEXT)
                  00002bfc    000011dc     os_queue.obj (.kernelTEXT)
                  00003dd8    0000081c     os_event_groups.obj (.kernelTEXT)
                  000045f4    000004b0     os_portasm.obj (.kernelTEXT)
                  00004aa4    000003e0     os_port.obj (.kernelTEXT)
                  00004e84    00000380     os_heap.obj (.kernelTEXT)

.cinit     0    00005208    00000058     
                  00005208    0000000c     (.cinit..data.load) [load image, compression = lzss]
                  00005214    0000000c     (__TI_handler_table)
                  00005220    00000009     (.cinit..kernelBSS.load) [load image, compression = lzss]
                  00005229    00000007     --HOLE-- [fill = 0]
                  00005230    00000008     (.cinit..bss.load) [load image, compression = zero_init]
                  00005238    00000008     (.cinit..kernelHEAP.load) [load image, compression = zero_init]
                  00005240    00000020     (__TI_cinit_table)

.text      0    00008020    000081d4     
                  00008020    00002cdc     sys_selftest.obj (.text)
                  0000acfc    00000b78     system.obj (.text)
                  0000b874    00000a58     sys_vim.obj (.text)
                  0000c2cc    000009a0     os_mpu_wrappers.obj (.text)
                  0000cc6c    000008ac     pinmux.obj (.text)
                  0000d518    000007b8     sci.obj (.text)
                  0000dcd0    00000664     errata_SSWF021_45.obj (.text)
                  0000e334    000005bc     esm.obj (.text)
                  0000e8f0    0000034c     sys_core.obj (.text)
                  0000ec3c    000002cc     sys_vim.obj (.text:retain)
                  0000ef08    00000290     sys_startup.obj (.text:retain)
                  0000f198    00000278     os_heap.obj (.text)
                  0000f410    00000240     main.obj (.text)
                  0000f650    00000238     os_list.obj (.text)
                  0000f888    000001b4     os_port.obj (.text)
                  0000fa3c    00000164     os_tasks.obj (.text)
                  0000fba0    00000114     esm.obj (.text:retain)
                  0000fcb4    000000e8     dabort.obj (.text)
                  0000fd9c    000000e0     rtsv7R4_T_be_v3D16_eabi.lib : s_floor.c.obj (.text:floor)
                  0000fe7c    000000e0     sys_pmu.obj (.text)
                  0000ff5c    0000009c     rtsv7R4_T_be_v3D16_eabi.lib : memcpy_t2.asm.obj (.text)
                  0000fff8    00000094     notification.obj (.text)
                  0001008c    0000007a     rtsv7R4_T_be_v3D16_eabi.lib : memset_t2.asm.obj (.text)
                  00010106    0000006c                                 : copy_decompress_lzss.c.obj (.text:decompress:lzss:__TI_decompress_lzss)
                  00010172    00000002     --HOLE-- [fill = 0]
                  00010174    00000044                                 : autoinit.c.obj (.text:__TI_auto_init_nobinit_nopinit:__TI_auto_init_nobinit_nopinit)
                  000101b8    00000016                                 : strlen.c.obj (.text:strlen)
                  000101ce    0000000e                                 : copy_decompress_none.c.obj (.text:decompress:none:__TI_decompress_none)
                  000101dc    0000000c                                 : copy_zero_init.c.obj (.text:decompress:ZI:__TI_zero_init)
                  000101e8    00000004                                 : exit.c.obj (.text:abort:abort)
                  000101ec    00000004     sys_phantom.obj (.text:retain)
                  000101f0    00000004     sys_startup.obj (.text)

.const     0    000101f4    000002be     
                  000101f4    00000200     sys_vim.obj (.const:s_vim_init)
                  000103f4    00000028     main.obj (.const:.string:$P$T1$2)
                  0001041c    00000028     main.obj (.const:.string:$P$T3$4)
                  00010444    00000026     main.obj (.const:.string:$P$T0$1)
                  0001046a    00000026     main.obj (.const:.string:$P$T2$3)
                  00010490    00000013     main.obj (.const:.string:$P$T4$5)
                  000104a3    0000000f     main.obj (.const:.string:$P$T5$6)

.kernelBSS 
*          0    08000800    00000104     UNINITIALIZED
                  08000800    000000d0     os_tasks.obj (.kernelBSS:uninit)
                  080008d0    00000034     os_tasks.obj (.kernelBSS:init)

.kernelHEAP 
*          0    08001000    00002000     UNINITIALIZED
                  08001000    00002000     os_heap.obj (.kernelHEAP)

.bss       0    08003000    00000030     UNINITIALIZED
                  08003000    00000028     sci.obj (.bss:g_sciTransfer_t)
                  08003028    00000008     os_heap.obj (.bss:xStart)

.data      0    08003030    00000028     UNINITIALIZED
                  08003030    00000010     main.obj (.data)
                  08003040    00000010     os_heap.obj (.data)
                  08003050    00000008     os_port.obj (.data)

MODULE SUMMARY

       Module                       code    ro data   rw data
       ------                       ----    -------   -------
    ./
       main.obj                     576     190       16     
    +--+----------------------------+-------+---------+---------+
       Total:                       576     190       16     
                                                             
    ./source/
       os_tasks.obj                 11584   0         260    
       sys_selftest.obj             11484   0         0      
       os_heap.obj                  1528    0         8216   
       os_queue.obj                 4572    0         0      
       sys_vim.obj                  3364    512       0      
       system.obj                   2936    0         0      
       os_mpu_wrappers.obj          2464    0         0      
       pinmux.obj                   2220    0         0      
       os_event_groups.obj          2076    0         0      
       sci.obj                      1976    0         40     
       esm.obj                      1744    0         0      
       errata_SSWF021_45.obj        1636    0         0      
       os_port.obj                  1428    0         8      
       os_portasm.obj               1200    0         0      
       sys_core.obj                 844     0         0      
       sys_startup.obj              660     0         0      
       os_list.obj                  568     0         0      
       dabort.obj                   232     0         0      
       sys_pmu.obj                  224     0         0      
       notification.obj             148     0         0      
       sys_intvecs.obj              32      0         0      
       sys_phantom.obj              4       0         0      
    +--+----------------------------+-------+---------+---------+
       Total:                       52924   512       8524   
                                                             
    /Applications/ti/ccs910/ccs/tools/compiler/ti-cgt-arm_18.12.3.LTS/lib/rtsv7R4_T_be_v3D16_eabi.lib
       s_floor.c.obj                224     0         0      
       memcpy_t2.asm.obj            156     0         0      
       memset_t2.asm.obj            122     0         0      
       copy_decompress_lzss.c.obj   108     0         0      
       autoinit.c.obj               68      0         0      
       strlen.c.obj                 22      0         0      
       copy_decompress_none.c.obj   14      0         0      
       copy_zero_init.c.obj         12      0         0      
       exit.c.obj                   4       0         0      
    +--+----------------------------+-------+---------+---------+
       Total:                       730     0         0      
                                                             
       Linker Generated:            0       81        0      
    +--+----------------------------+-------+---------+---------+
       Grand Total:                 54230   783       8540   


LINKER GENERATED COPY TABLES

__TI_cinit_table @ 00005240 records: 4, size/record: 8, table size: 32
	.data: load addr=00005208, load size=0000000c bytes, run addr=08003030, run size=00000028 bytes, compression=lzss
	.kernelBSS: load addr=00005220, load size=00000009 bytes, run addr=08000800, run size=00000104 bytes, compression=lzss
	.bss: load addr=00005230, load size=00000008 bytes, run addr=08003000, run size=00000030 bytes, compression=zero_init
	.kernelHEAP: load addr=00005238, load size=00000008 bytes, run addr=08001000, run size=00002000 bytes, compression=zero_init


LINKER GENERATED HANDLER TABLE

__TI_handler_table @ 00005214 records: 3, size/record: 4, table size: 12
	index: 0, handler: __TI_decompress_lzss
	index: 1, handler: __TI_decompress_none
	index: 2, handler: __TI_zero_init


GLOBAL SYMBOLS: SORTED ALPHABETICALLY BY Name 

address   name                                  
-------   ----                                  
000101e9  C$$EXIT                               
0000f4bc  ISR_Handler                           
0000c49c  MPU_eTaskGetState                     
0000c604  MPU_pcTaskGetName                     
0000c6e4  MPU_pvTaskGetThreadLocalStoragePointer
0000c7fc  MPU_ulTaskNotifyTake                  
0000c9b8  MPU_uxQueueMessagesWaiting            
0000c9ec  MPU_uxQueueSpacesAvailable            
0000c5d8  MPU_uxTaskGetNumberOfTasks            
0000c66c  MPU_uxTaskGetStackHighWaterMark       
0000c468  MPU_uxTaskPriorityGet                 
0000cc40  MPU_vEventGroupDelete                 
0000ca20  MPU_vQueueDelete                      
0000c374  MPU_vTaskAllocateMPURegions           
0000c3d4  MPU_vTaskDelay                        
0000c400  MPU_vTaskDelayUntil                   
0000c3a8  MPU_vTaskDelete                       
0000c4d0  MPU_vTaskPrioritySet                  
0000c530  MPU_vTaskResume                       
0000c6a0  MPU_vTaskSetThreadLocalStoragePointer 
0000c874  MPU_vTaskSetTimeOutState              
0000c504  MPU_vTaskSuspend                      
0000c55c  MPU_vTaskSuspendAll                   
0000cb64  MPU_xEventGroupClearBits              
0000cadc  MPU_xEventGroupCreate                 
0000cba8  MPU_xEventGroupSetBits                
0000cbec  MPU_xEventGroupSync                   
0000cb08  MPU_xEventGroupWaitBits               
0000ca4c  MPU_xQueueGenericCreate               
0000c964  MPU_xQueueGenericReceive              
0000ca98  MPU_xQueueGenericReset                
0000c910  MPU_xQueueGenericSend                 
0000c434  MPU_xTaskAbortDelay                   
0000c8a0  MPU_xTaskCheckForTimeOut              
0000c2cc  MPU_xTaskCreate                       
0000c330  MPU_xTaskCreateRestricted             
0000c754  MPU_xTaskGenericNotify                
0000c638  MPU_xTaskGetHandle                    
0000c728  MPU_xTaskGetIdleTaskHandle            
0000c8e4  MPU_xTaskGetSchedulerState            
0000c5ac  MPU_xTaskGetTickCount                 
0000c840  MPU_xTaskNotifyStateClear             
0000c7a8  MPU_xTaskNotifyWait                   
0000c580  MPU_xTaskResumeAll                    
UNDEFED   SHT$$INIT_ARRAY$$Base                 
UNDEFED   SHT$$INIT_ARRAY$$Limit                
00005240  __TI_CINIT_Base                       
00005260  __TI_CINIT_Limit                      
00005214  __TI_Handler_Table_Base               
00005220  __TI_Handler_Table_Limit              
0000ec34  __TI_PINIT_Base                       
0000ec38  __TI_PINIT_Limit                      
00010175  __TI_auto_init_nobinit_nopinit        
00010107  __TI_decompress_lzss                  
000101cf  __TI_decompress_none                  
ffffffff  __TI_pprof_out_hndl                   
ffffffff  __TI_prof_data_size                   
ffffffff  __TI_prof_data_start                  
00000000  __TI_static_base__                    
000101dd  __TI_zero_init                        
0001008d  __aeabi_memclr                        
0001008d  __aeabi_memclr4                       
0001008d  __aeabi_memclr8                       
0000ff5d  __aeabi_memcpy                        
0000ff5d  __aeabi_memcpy4                       
0000ff5d  __aeabi_memcpy8                       
0001008f  __aeabi_memset                        
0001008f  __aeabi_memset4                       
0001008f  __aeabi_memset8                       
ffffffff  __binit__                             
ffffffff  __c_args__                            
0000ef08  _c_int00                              
0000eb4c  _coreClearAuxiliaryDataFault_         
0000eb60  _coreClearAuxiliaryInstructionFault_  
0000eb24  _coreClearDataFaultAddress_           
0000eafc  _coreClearDataFault_                  
0000eb38  _coreClearInstructionFaultAddress_    
0000eb10  _coreClearInstructionFault_           
0000ea90  _coreDisableEventBusExport_           
0000ead4  _coreDisableFlashEcc_                 
0000eab0  _coreDisableRamEcc_                   
0000ea80  _coreEnableEventBusExport_            
0000eac0  _coreEnableFlashEcc_                  
0000eae4  _coreEnableIrqVicOffset_              
0000eaa0  _coreEnableRamEcc_                    
0000ea68  _coreEnableVfp_                       
0000eb44  _coreGetAuxiliaryDataFault_           
0000eb58  _coreGetAuxiliaryInstructionFault_    
0000eb1c  _coreGetDataFaultAddress_             
0000eaf4  _coreGetDataFault_                    
0000eb30  _coreGetInstructionFaultAddress_      
0000eb08  _coreGetInstructionFault_             
0000e8f0  _coreInitRegisters_                   
0000e9fc  _coreInitStackPointer_                
0000fcb4  _dabort                               
0000eb74  _disable_FIQ_interrupt_               
0000eb7c  _disable_IRQ_interrupt_               
0000eb6c  _disable_interrupt_                   
0000eb84  _enable_interrupt_                    
0000ec14  _errata_CORTEXR4_57_                  
0000ec24  _errata_CORTEXR4_66_                  
0000dcd0  _errata_SSWF021_45_both_plls          
0000dec4  _errata_SSWF021_45_pll1               
0000e03c  _errata_SSWF021_45_pll2               
0000eb8c  _esmCcmErrorsClear_                   
0000ea48  _getCPSRValue_                        
0000ea50  _gotoCPUIdle_                         
0000fed8  _pmuDisableCountersGlobal_            
0000fec8  _pmuEnableCountersGlobal_             
0000ff34  _pmuGetCycleCount_                    
0000ff3c  _pmuGetEventCount_                    
0000ff48  _pmuGetOverflow_                      
0000fe7c  _pmuInit_                             
0000ff08  _pmuResetCounters_                    
0000fee8  _pmuResetCycleCounter_                
0000fef8  _pmuResetEventCounters_               
0000ff28  _pmuSetCountEvent_                    
0000ff18  _pmuStartCounters_                    
0000ff20  _pmuStopCounters_                     
UNDEFED   _system_post_cinit                    
000101e9  abort                                 
0000926c  adc1ParityCheck                       
00009358  adc2ParityCheck                       
ffffffff  binit                                 
00009410  can1ParityCheck                       
000094e8  can2ParityCheck                       
000095b0  can3ParityCheck                       
00008030  ccmSelfCheck                          
0000a6fc  ccmr4GetConfigValue                   
00008938  checkB0RAMECC                         
00008b28  checkB1RAMECC                         
00009c18  checkClockMonitor                     
00008d18  checkFlashECC                         
00009cf4  checkFlashEEPROMECC                   
00009e8c  checkPLL1Slip                         
00009f8c  checkPLL2Slip                         
0000a050  checkRAMAddrParity                    
000099d0  checkRAMECC                           
0000a15c  checkRAMUERRTest                      
000087bc  checkefcSelfTest                      
0800303c  counter                               
00008234  cpuSelfTest                           
00008dfc  cpuSelfTestFail                       
0000b794  customTrimLPO                         
00008df4  custom_dabort                         
0000ab58  disableParity                         
00010078  dmaGroupANotification                 
00008eac  dmaParityCheck                        
00001f18  eTaskConfirmSleepModeStatus           
00000890  eTaskGetState                         
00008660  efcCheck                              
0000a660  efcGetConfigValue                     
00008794  efcSelfTest                           
000086e8  efcStuckZeroTest                      
0000f4f8  emulatingInterrupt                    
0000aad0  enableParity                          
0000a76c  errata_PBIST_4                        
0000e4b8  esmActivateNormalOperation            
0000e58c  esmClearStatus                        
0000e5cc  esmClearStatusBuffer                  
0000e480  esmDisableError                       
0000e4f0  esmDisableInterrupt                   
0000e458  esmEnableError                        
0000e4c8  esmEnableInterrupt                    
0000e6c4  esmEnterSelfTest                      
0000e43c  esmError                              
0000e79c  esmGetConfigValue                     
0000e608  esmGetStatus                          
0000e68c  esmGetStatusBuffer                    
0000fff8  esmGroup1Notification                 
00010008  esmGroup2Notification                 
0000fba0  esmHighInterrupt                      
0000e334  esmInit                               
0000e74c  esmSelfTestStatus                     
0000e5e8  esmSetCounterPreloadValue             
0000e518  esmSetInterruptLevel                  
0000e4a8  esmTriggerErrorPinReset               
0000fd9d  floor                                 
0000fd9d  floorl                                
0000a2c4  fmcBus1ParityCheck                    
0000885c  fmcBus2Check                          
00008898  fmcECCcheck                           
00010050  gioNotification                       
000101f0  handlePLLLockFail                     
00008f58  het1ParityCheck                       
000090c0  het2ParityCheck                       
00009004  htu1ParityCheck                       
000091bc  htu2ParityCheck                       
08003034  interruptHandler                      
0000f458  interruptRoutineTask                  
0000f540  main                                  
0000ae6c  mapClocks                             
0000ff5d  memcpy                                
00008174  memoryInit                            
00010018  memoryPort0TestFailNotification       
00010034  memoryPort1TestFailNotification       
00010095  memset                                
00009684  mibspi1ParityCheck                    
0000978c  mibspi3ParityCheck                    
000098b0  mibspi5ParityCheck                    
0000cc6c  muxInit                               
0000a3ec  pbistFail                             
0000a470  pbistGetConfigValue                   
000085a8  pbistIsTestCompleted                  
000085d4  pbistIsTestPassed                     
00008608  pbistPortTestStatus                   
000084ac  pbistRun                              
000082cc  pbistSelfCheck                        
00008578  pbistStop                             
00001354  pcTaskGetName                         
0000ae18  periphInit                            
000101ec  phantomInterrupt                      
0000d108  pinmuxGetConfigValue                  
00004a7c  prvMpuDisable                         
00004a64  prvMpuEnable                          
00004a4c  prvMpuSetRegion                       
00004e84  pvPortMalloc                          
00001ff8  pvTaskGetThreadLocalStoragePointer    
080008d0  pxCurrentTCB                          
00004aa4  pxPortInitialiseStack                 
00000000  resetEntry                            
0000d9e0  sciDisableLoopback                    
0000da6c  sciDisableNotification                
0000d9ac  sciEnableLoopback                     
0000da04  sciEnableNotification                 
0000dad4  sciEnterResetState                    
0000daf4  sciExitResetState                     
0000d518  sciInit                               
0000d85c  sciIsIdleDetected                     
0000d840  sciIsRxReady                          
0000d6c0  sciIsTxReady                          
00010064  sciNotification                       
0000d8d4  sciReceive                            
0000d8a8  sciReceiveByte                        
0000d878  sciRxError                            
0000d70c  sciSend                               
0000d6dc  sciSendByte                           
0000d624  sciSetBaudrate                        
0000d604  sciSetFunctional                      
0000db14  scilinGetConfigValue                  
00008020  selftestFailNotification              
0000add8  setupFlash                            
0000acfc  setupPLL                              
0000b658  sramGetConfigValue                    
0000a5bc  stcGetConfigValue                     
000081b8  stcSelfCheck                          
00008df8  stcSelfCheckFail                      
000101b9  strlen                                
0000b090  systemGetConfigValue                  
0000af94  systemInit                            
0000b060  systemPowerDown                       
0000f410  task1                                 
08003030  task1Handler                          
08003038  task3Handler                          
0000b4ac  tcmflashGetConfigValue                
0000ad5c  trimLPO                               
08003050  ulCriticalNesting                     
00004974  ulPortCountLeadingZeros               
08003054  ulTaskHasFPUContext                   
00002390  ulTaskNotifyTake                      
0000f7fc  uxListRemove                          
00003910  uxQueueMessagesWaiting                
00003994  uxQueueMessagesWaitingFromISR         
00003948  uxQueueSpacesAvailable                
00001348  uxTaskGetNumberOfTasks                
0000223c  uxTaskGetStackHighWaterMark           
00000994  uxTaskPriorityGet                     
000009d8  uxTaskPriorityGetFromISR              
00002354  uxTaskResetEventItemValue             
0000456c  vEventGroupClearBitsCallback          
000044cc  vEventGroupDelete                     
00004550  vEventGroupSetBitsCallback            
0000f650  vListInitialise                       
0000f6a8  vListInitialiseItem                   
0000f738  vListInsert                           
0000f6c4  vListInsertEnd                        
00004e50  vPortEndScheduler                     
000050dc  vPortFree                             
000051ec  vPortInitialiseBlocks                 
00004968  vPortInitialiseFPSCR                  
00004868  vPortPreemptiveTick                   
0000497c  vPortSWI                              
000045f8  vPortStartFirstTask                   
00004bb8  vPortStoreTaskMPUSettings             
00004774  vPortYeildWithinAPI                   
00004688  vPortYieldProcessor                   
000039c4  vQueueDelete                          
00002064  vTaskAllocateMPURegions               
0000080c  vTaskDelay                            
000006a0  vTaskDelayUntil                       
00000538  vTaskDelete                           
00001084  vTaskEndScheduler                     
00001f08  vTaskMissedYield                      
00002954  vTaskNotifyGiveFromISR                
00001ad0  vTaskPlaceOnEventList                 
00001b14  vTaskPlaceOnUnorderedEventList        
00000a20  vTaskPrioritySet                      
00000e20  vTaskResume                           
00001f94  vTaskSetThreadLocalStoragePointer     
00001d90  vTaskSetTimeOutState                  
00000fec  vTaskStartScheduler                   
0000166c  vTaskStepTick                         
00000c18  vTaskSuspend                          
000010a0  vTaskSuspendAll                       
000019f0  vTaskSwitchContext                    
0000b948  vimChannelMap                         
0000bbb4  vimDisableInterrupt                   
0000b9ec  vimEnableInterrupt                    
0000bc60  vimGetConfigValue                     
0000b874  vimInit                               
00008e00  vimParityCheck                        
0000ec3c  vimParityErrorHandler                 
00004268  xEventGroupClearBits                  
00003dd8  xEventGroupCreate                     
000042ec  xEventGroupGetBitsFromISR             
0000431c  xEventGroupSetBits                    
00003e14  xEventGroupSync                       
00004014  xEventGroupWaitBits                   
000051d4  xPortGetFreeHeapSize                  
000051e0  xPortGetMinimumEverFreeHeapSize       
00004e2c  xPortStartScheduler                   
00002d24  xQueueGenericCreate                   
000033fc  xQueueGenericReceive                  
00002bfc  xQueueGenericReset                    
00002e40  xQueueGenericSend                     
00003100  xQueueGenericSendFromISR              
00003290  xQueueGiveFromISR                     
00003cfc  xQueueIsQueueEmptyFromISR             
00003d88  xQueueIsQueueFullFromISR              
0000381c  xQueuePeekFromISR                     
000036d4  xQueueReceiveFromISR                  
000016c8  xTaskAbortDelay                       
00001dd0  xTaskCheckForTimeOut                  
000000fc  xTaskCreate                           
00000020  xTaskCreateRestricted                 
00002580  xTaskGenericNotify                    
00002754  xTaskGenericNotifyFromISR             
0000152c  xTaskGetHandle                        
00001634  xTaskGetIdleTaskHandle                
00002304  xTaskGetSchedulerState                
00001308  xTaskGetTickCount                     
00001324  xTaskGetTickCountFromISR              
000017c8  xTaskIncrementTick                    
0000fb24  xTaskNotifyStateClear                 
00002468  xTaskNotifyWait                       
00001b98  xTaskRemoveFromEventList              
00001c88  xTaskRemoveFromUnorderedEventList     
00001158  xTaskResumeAll                        
00000f04  xTaskResumeFromISR                    


GLOBAL SYMBOLS: SORTED BY Symbol Address 

address   name                                  
-------   ----                                  
00000000  __TI_static_base__                    
00000000  resetEntry                            
00000020  xTaskCreateRestricted                 
000000fc  xTaskCreate                           
00000538  vTaskDelete                           
000006a0  vTaskDelayUntil                       
0000080c  vTaskDelay                            
00000890  eTaskGetState                         
00000994  uxTaskPriorityGet                     
000009d8  uxTaskPriorityGetFromISR              
00000a20  vTaskPrioritySet                      
00000c18  vTaskSuspend                          
00000e20  vTaskResume                           
00000f04  xTaskResumeFromISR                    
00000fec  vTaskStartScheduler                   
00001084  vTaskEndScheduler                     
000010a0  vTaskSuspendAll                       
00001158  xTaskResumeAll                        
00001308  xTaskGetTickCount                     
00001324  xTaskGetTickCountFromISR              
00001348  uxTaskGetNumberOfTasks                
00001354  pcTaskGetName                         
0000152c  xTaskGetHandle                        
00001634  xTaskGetIdleTaskHandle                
0000166c  vTaskStepTick                         
000016c8  xTaskAbortDelay                       
000017c8  xTaskIncrementTick                    
000019f0  vTaskSwitchContext                    
00001ad0  vTaskPlaceOnEventList                 
00001b14  vTaskPlaceOnUnorderedEventList        
00001b98  xTaskRemoveFromEventList              
00001c88  xTaskRemoveFromUnorderedEventList     
00001d90  vTaskSetTimeOutState                  
00001dd0  xTaskCheckForTimeOut                  
00001f08  vTaskMissedYield                      
00001f18  eTaskConfirmSleepModeStatus           
00001f94  vTaskSetThreadLocalStoragePointer     
00001ff8  pvTaskGetThreadLocalStoragePointer    
00002064  vTaskAllocateMPURegions               
0000223c  uxTaskGetStackHighWaterMark           
00002304  xTaskGetSchedulerState                
00002354  uxTaskResetEventItemValue             
00002390  ulTaskNotifyTake                      
00002468  xTaskNotifyWait                       
00002580  xTaskGenericNotify                    
00002754  xTaskGenericNotifyFromISR             
00002954  vTaskNotifyGiveFromISR                
00002bfc  xQueueGenericReset                    
00002d24  xQueueGenericCreate                   
00002e40  xQueueGenericSend                     
00003100  xQueueGenericSendFromISR              
00003290  xQueueGiveFromISR                     
000033fc  xQueueGenericReceive                  
000036d4  xQueueReceiveFromISR                  
0000381c  xQueuePeekFromISR                     
00003910  uxQueueMessagesWaiting                
00003948  uxQueueSpacesAvailable                
00003994  uxQueueMessagesWaitingFromISR         
000039c4  vQueueDelete                          
00003cfc  xQueueIsQueueEmptyFromISR             
00003d88  xQueueIsQueueFullFromISR              
00003dd8  xEventGroupCreate                     
00003e14  xEventGroupSync                       
00004014  xEventGroupWaitBits                   
00004268  xEventGroupClearBits                  
000042ec  xEventGroupGetBitsFromISR             
0000431c  xEventGroupSetBits                    
000044cc  vEventGroupDelete                     
00004550  vEventGroupSetBitsCallback            
0000456c  vEventGroupClearBitsCallback          
000045f8  vPortStartFirstTask                   
00004688  vPortYieldProcessor                   
00004774  vPortYeildWithinAPI                   
00004868  vPortPreemptiveTick                   
00004968  vPortInitialiseFPSCR                  
00004974  ulPortCountLeadingZeros               
0000497c  vPortSWI                              
00004a4c  prvMpuSetRegion                       
00004a64  prvMpuEnable                          
00004a7c  prvMpuDisable                         
00004aa4  pxPortInitialiseStack                 
00004bb8  vPortStoreTaskMPUSettings             
00004e2c  xPortStartScheduler                   
00004e50  vPortEndScheduler                     
00004e84  pvPortMalloc                          
000050dc  vPortFree                             
000051d4  xPortGetFreeHeapSize                  
000051e0  xPortGetMinimumEverFreeHeapSize       
000051ec  vPortInitialiseBlocks                 
00005214  __TI_Handler_Table_Base               
00005220  __TI_Handler_Table_Limit              
00005240  __TI_CINIT_Base                       
00005260  __TI_CINIT_Limit                      
00008020  selftestFailNotification              
00008030  ccmSelfCheck                          
00008174  memoryInit                            
000081b8  stcSelfCheck                          
00008234  cpuSelfTest                           
000082cc  pbistSelfCheck                        
000084ac  pbistRun                              
00008578  pbistStop                             
000085a8  pbistIsTestCompleted                  
000085d4  pbistIsTestPassed                     
00008608  pbistPortTestStatus                   
00008660  efcCheck                              
000086e8  efcStuckZeroTest                      
00008794  efcSelfTest                           
000087bc  checkefcSelfTest                      
0000885c  fmcBus2Check                          
00008898  fmcECCcheck                           
00008938  checkB0RAMECC                         
00008b28  checkB1RAMECC                         
00008d18  checkFlashECC                         
00008df4  custom_dabort                         
00008df8  stcSelfCheckFail                      
00008dfc  cpuSelfTestFail                       
00008e00  vimParityCheck                        
00008eac  dmaParityCheck                        
00008f58  het1ParityCheck                       
00009004  htu1ParityCheck                       
000090c0  het2ParityCheck                       
000091bc  htu2ParityCheck                       
0000926c  adc1ParityCheck                       
00009358  adc2ParityCheck                       
00009410  can1ParityCheck                       
000094e8  can2ParityCheck                       
000095b0  can3ParityCheck                       
00009684  mibspi1ParityCheck                    
0000978c  mibspi3ParityCheck                    
000098b0  mibspi5ParityCheck                    
000099d0  checkRAMECC                           
00009c18  checkClockMonitor                     
00009cf4  checkFlashEEPROMECC                   
00009e8c  checkPLL1Slip                         
00009f8c  checkPLL2Slip                         
0000a050  checkRAMAddrParity                    
0000a15c  checkRAMUERRTest                      
0000a2c4  fmcBus1ParityCheck                    
0000a3ec  pbistFail                             
0000a470  pbistGetConfigValue                   
0000a5bc  stcGetConfigValue                     
0000a660  efcGetConfigValue                     
0000a6fc  ccmr4GetConfigValue                   
0000a76c  errata_PBIST_4                        
0000aad0  enableParity                          
0000ab58  disableParity                         
0000acfc  setupPLL                              
0000ad5c  trimLPO                               
0000add8  setupFlash                            
0000ae18  periphInit                            
0000ae6c  mapClocks                             
0000af94  systemInit                            
0000b060  systemPowerDown                       
0000b090  systemGetConfigValue                  
0000b4ac  tcmflashGetConfigValue                
0000b658  sramGetConfigValue                    
0000b794  customTrimLPO                         
0000b874  vimInit                               
0000b948  vimChannelMap                         
0000b9ec  vimEnableInterrupt                    
0000bbb4  vimDisableInterrupt                   
0000bc60  vimGetConfigValue                     
0000c2cc  MPU_xTaskCreate                       
0000c330  MPU_xTaskCreateRestricted             
0000c374  MPU_vTaskAllocateMPURegions           
0000c3a8  MPU_vTaskDelete                       
0000c3d4  MPU_vTaskDelay                        
0000c400  MPU_vTaskDelayUntil                   
0000c434  MPU_xTaskAbortDelay                   
0000c468  MPU_uxTaskPriorityGet                 
0000c49c  MPU_eTaskGetState                     
0000c4d0  MPU_vTaskPrioritySet                  
0000c504  MPU_vTaskSuspend                      
0000c530  MPU_vTaskResume                       
0000c55c  MPU_vTaskSuspendAll                   
0000c580  MPU_xTaskResumeAll                    
0000c5ac  MPU_xTaskGetTickCount                 
0000c5d8  MPU_uxTaskGetNumberOfTasks            
0000c604  MPU_pcTaskGetName                     
0000c638  MPU_xTaskGetHandle                    
0000c66c  MPU_uxTaskGetStackHighWaterMark       
0000c6a0  MPU_vTaskSetThreadLocalStoragePointer 
0000c6e4  MPU_pvTaskGetThreadLocalStoragePointer
0000c728  MPU_xTaskGetIdleTaskHandle            
0000c754  MPU_xTaskGenericNotify                
0000c7a8  MPU_xTaskNotifyWait                   
0000c7fc  MPU_ulTaskNotifyTake                  
0000c840  MPU_xTaskNotifyStateClear             
0000c874  MPU_vTaskSetTimeOutState              
0000c8a0  MPU_xTaskCheckForTimeOut              
0000c8e4  MPU_xTaskGetSchedulerState            
0000c910  MPU_xQueueGenericSend                 
0000c964  MPU_xQueueGenericReceive              
0000c9b8  MPU_uxQueueMessagesWaiting            
0000c9ec  MPU_uxQueueSpacesAvailable            
0000ca20  MPU_vQueueDelete                      
0000ca4c  MPU_xQueueGenericCreate               
0000ca98  MPU_xQueueGenericReset                
0000cadc  MPU_xEventGroupCreate                 
0000cb08  MPU_xEventGroupWaitBits               
0000cb64  MPU_xEventGroupClearBits              
0000cba8  MPU_xEventGroupSetBits                
0000cbec  MPU_xEventGroupSync                   
0000cc40  MPU_vEventGroupDelete                 
0000cc6c  muxInit                               
0000d108  pinmuxGetConfigValue                  
0000d518  sciInit                               
0000d604  sciSetFunctional                      
0000d624  sciSetBaudrate                        
0000d6c0  sciIsTxReady                          
0000d6dc  sciSendByte                           
0000d70c  sciSend                               
0000d840  sciIsRxReady                          
0000d85c  sciIsIdleDetected                     
0000d878  sciRxError                            
0000d8a8  sciReceiveByte                        
0000d8d4  sciReceive                            
0000d9ac  sciEnableLoopback                     
0000d9e0  sciDisableLoopback                    
0000da04  sciEnableNotification                 
0000da6c  sciDisableNotification                
0000dad4  sciEnterResetState                    
0000daf4  sciExitResetState                     
0000db14  scilinGetConfigValue                  
0000dcd0  _errata_SSWF021_45_both_plls          
0000dec4  _errata_SSWF021_45_pll1               
0000e03c  _errata_SSWF021_45_pll2               
0000e334  esmInit                               
0000e43c  esmError                              
0000e458  esmEnableError                        
0000e480  esmDisableError                       
0000e4a8  esmTriggerErrorPinReset               
0000e4b8  esmActivateNormalOperation            
0000e4c8  esmEnableInterrupt                    
0000e4f0  esmDisableInterrupt                   
0000e518  esmSetInterruptLevel                  
0000e58c  esmClearStatus                        
0000e5cc  esmClearStatusBuffer                  
0000e5e8  esmSetCounterPreloadValue             
0000e608  esmGetStatus                          
0000e68c  esmGetStatusBuffer                    
0000e6c4  esmEnterSelfTest                      
0000e74c  esmSelfTestStatus                     
0000e79c  esmGetConfigValue                     
0000e8f0  _coreInitRegisters_                   
0000e9fc  _coreInitStackPointer_                
0000ea48  _getCPSRValue_                        
0000ea50  _gotoCPUIdle_                         
0000ea68  _coreEnableVfp_                       
0000ea80  _coreEnableEventBusExport_            
0000ea90  _coreDisableEventBusExport_           
0000eaa0  _coreEnableRamEcc_                    
0000eab0  _coreDisableRamEcc_                   
0000eac0  _coreEnableFlashEcc_                  
0000ead4  _coreDisableFlashEcc_                 
0000eae4  _coreEnableIrqVicOffset_              
0000eaf4  _coreGetDataFault_                    
0000eafc  _coreClearDataFault_                  
0000eb08  _coreGetInstructionFault_             
0000eb10  _coreClearInstructionFault_           
0000eb1c  _coreGetDataFaultAddress_             
0000eb24  _coreClearDataFaultAddress_           
0000eb30  _coreGetInstructionFaultAddress_      
0000eb38  _coreClearInstructionFaultAddress_    
0000eb44  _coreGetAuxiliaryDataFault_           
0000eb4c  _coreClearAuxiliaryDataFault_         
0000eb58  _coreGetAuxiliaryInstructionFault_    
0000eb60  _coreClearAuxiliaryInstructionFault_  
0000eb6c  _disable_interrupt_                   
0000eb74  _disable_FIQ_interrupt_               
0000eb7c  _disable_IRQ_interrupt_               
0000eb84  _enable_interrupt_                    
0000eb8c  _esmCcmErrorsClear_                   
0000ec14  _errata_CORTEXR4_57_                  
0000ec24  _errata_CORTEXR4_66_                  
0000ec34  __TI_PINIT_Base                       
0000ec38  __TI_PINIT_Limit                      
0000ec3c  vimParityErrorHandler                 
0000ef08  _c_int00                              
0000f410  task1                                 
0000f458  interruptRoutineTask                  
0000f4bc  ISR_Handler                           
0000f4f8  emulatingInterrupt                    
0000f540  main                                  
0000f650  vListInitialise                       
0000f6a8  vListInitialiseItem                   
0000f6c4  vListInsertEnd                        
0000f738  vListInsert                           
0000f7fc  uxListRemove                          
0000fb24  xTaskNotifyStateClear                 
0000fba0  esmHighInterrupt                      
0000fcb4  _dabort                               
0000fd9d  floor                                 
0000fd9d  floorl                                
0000fe7c  _pmuInit_                             
0000fec8  _pmuEnableCountersGlobal_             
0000fed8  _pmuDisableCountersGlobal_            
0000fee8  _pmuResetCycleCounter_                
0000fef8  _pmuResetEventCounters_               
0000ff08  _pmuResetCounters_                    
0000ff18  _pmuStartCounters_                    
0000ff20  _pmuStopCounters_                     
0000ff28  _pmuSetCountEvent_                    
0000ff34  _pmuGetCycleCount_                    
0000ff3c  _pmuGetEventCount_                    
0000ff48  _pmuGetOverflow_                      
0000ff5d  __aeabi_memcpy                        
0000ff5d  __aeabi_memcpy4                       
0000ff5d  __aeabi_memcpy8                       
0000ff5d  memcpy                                
0000fff8  esmGroup1Notification                 
00010008  esmGroup2Notification                 
00010018  memoryPort0TestFailNotification       
00010034  memoryPort1TestFailNotification       
00010050  gioNotification                       
00010064  sciNotification                       
00010078  dmaGroupANotification                 
0001008d  __aeabi_memclr                        
0001008d  __aeabi_memclr4                       
0001008d  __aeabi_memclr8                       
0001008f  __aeabi_memset                        
0001008f  __aeabi_memset4                       
0001008f  __aeabi_memset8                       
00010095  memset                                
00010107  __TI_decompress_lzss                  
00010175  __TI_auto_init_nobinit_nopinit        
000101b9  strlen                                
000101cf  __TI_decompress_none                  
000101dd  __TI_zero_init                        
000101e9  C$$EXIT                               
000101e9  abort                                 
000101ec  phantomInterrupt                      
000101f0  handlePLLLockFail                     
080008d0  pxCurrentTCB                          
08003030  task1Handler                          
08003034  interruptHandler                      
08003038  task3Handler                          
0800303c  counter                               
08003050  ulCriticalNesting                     
08003054  ulTaskHasFPUContext                   
ffffffff  __TI_pprof_out_hndl                   
ffffffff  __TI_prof_data_size                   
ffffffff  __TI_prof_data_start                  
ffffffff  __binit__                             
ffffffff  __c_args__                            
ffffffff  binit                                 
UNDEFED   SHT$$INIT_ARRAY$$Base                 
UNDEFED   SHT$$INIT_ARRAY$$Limit                
UNDEFED   _system_post_cinit                    

[349 symbols]
