******************************************************************************
                  TI ARM Linker Unix v18.12.3                  
******************************************************************************
>> Linked Wed Aug  5 20:08:08 2020

OUTPUT FILE NAME:   <Launchpad_FreeRTOS.out>
ENTRY POINT SYMBOL: "_c_int00"  address: 0000fc0c


MEMORY CONFIGURATION

         name            origin    length      used     unused   attr    fill
----------------------  --------  ---------  --------  --------  ----  --------
  VECTORS               00000000   00000020  00000020  00000000     X
  KERNEL                00000020   00008000  0000523c  00002dc4  R  X
  FLASH0                00008020   00137fe0  00009c04  0012e3dc  R  X
  STACKS                08000000   00000800  00000000  00000800  RW  
  KRAM                  08000800   00000800  00000104  000006fc  RW  
  RAM                   08001000   0002f000  00002054  0002cfac  RW  


SEGMENT ALLOCATION MAP

run origin  load origin   length   init length attrs members
----------  ----------- ---------- ----------- ----- -------
00000000    00000000    00005260   00005260    r-x
  00000000    00000000    00000020   00000020    r-x .intvecs
  00000020    00000020    000051e4   000051e4    r-x .kernelTEXT
  00005208    00005208    00000058   00000058    r-- .cinit
00008020    00008020    00009c04   00009c04    r-x
  00008020    00008020    000098f4   000098f4    r-x .text
  00011914    00011914    00000310   00000310    r-- .const
08000800    08000800    00000104   00000000    rw-
  08000800    08000800    00000104   00000000    rw- .kernelBSS
08001000    08001000    00002054   00000000    rw-
  08001000    08001000    00002000   00000000    rw- .kernelHEAP
  08003000    08003000    00000030   00000000    rw- .bss
  08003030    08003030    00000024   00000000    rw- .data


SECTION ALLOCATION MAP

 output                                  attributes/
section   page    origin      length       input sections
--------  ----  ----------  ----------   ----------------
.intvecs   0    00000000    00000020     
                  00000000    00000020     sys_intvecs.obj (.intvecs)

.kernelTEXT 
*          0    00000020    000051e4     
                  00000020    00002bdc     os_tasks.obj (.kernelTEXT)
                  00002bfc    000011dc     os_queue.obj (.kernelTEXT)
                  00003dd8    0000081c     os_event_groups.obj (.kernelTEXT)
                  000045f4    000004b0     os_portasm.obj (.kernelTEXT)
                  00004aa4    000003e0     os_port.obj (.kernelTEXT)
                  00004e84    00000380     os_heap.obj (.kernelTEXT)

.cinit     0    00005208    00000058     
                  00005208    0000000c     (.cinit..data.load) [load image, compression = lzss]
                  00005214    0000000c     (__TI_handler_table)
                  00005220    00000009     (.cinit..kernelBSS.load) [load image, compression = lzss]
                  00005229    00000007     --HOLE-- [fill = 0]
                  00005230    00000008     (.cinit..bss.load) [load image, compression = zero_init]
                  00005238    00000008     (.cinit..kernelHEAP.load) [load image, compression = zero_init]
                  00005240    00000020     (__TI_cinit_table)

.text      0    00008020    000098f4     
                  00008020    00002cdc     sys_selftest.obj (.text)
                  0000acfc    00000b78     system.obj (.text)
                  0000b874    00000a58     sys_vim.obj (.text)
                  0000c2cc    00000a4a     rtsv7R4_T_be_v3D16_eabi.lib : _printfi.c.obj (.text:__TI_printfi)
                  0000cd16    00000002     --HOLE-- [fill = 0]
                  0000cd18    000009a0     os_mpu_wrappers.obj (.text)
                  0000d6b8    000008ac     pinmux.obj (.text)
                  0000df64    000007b8     sci.obj (.text)
                  0000e71c    00000664     errata_SSWF021_45.obj (.text)
                  0000ed80    000005bc     esm.obj (.text)
                  0000f33c    0000034c     sys_core.obj (.text)
                  0000f688    000002cc     sys_vim.obj (.text:retain)
                  0000f954    000002b8     rtsv7R4_T_be_v3D16_eabi.lib : ull_div32.asm.obj (.text)
                  0000fc0c    00000290     sys_startup.obj (.text:retain)
                  0000fe9c    00000278     os_heap.obj (.text)
                  00010114    00000248     rtsv7R4_T_be_v3D16_eabi.lib : _printfi.c.obj (.text:_pconv_a)
                  0001035c    00000238     os_list.obj (.text)
                  00010594    000001b4     os_port.obj (.text)
                  00010748    000001a0     rtsv7R4_T_be_v3D16_eabi.lib : _printfi.c.obj (.text:_pconv_g)
                  000108e8    00000190     main.obj (.text)
                  00010a78    00000164     os_tasks.obj (.text)
                  00010bdc    00000114     esm.obj (.text:retain)
                  00010cf0    00000104     rtsv7R4_T_be_v3D16_eabi.lib : _printfi.c.obj (.text:_pconv_e)
                  00010df4    000000fc                                 : _printfi.c.obj (.text:fcvt)
                  00010ef0    000000f0                                 : s_scalbn.c.obj (.text:scalbn)
                  00010fe0    000000e8     dabort.obj (.text)
                  000110c8    000000e0     rtsv7R4_T_be_v3D16_eabi.lib : s_floor.c.obj (.text:floor)
                  000111a8    000000e0     sys_pmu.obj (.text)
                  00011288    000000ad     rtsv7R4_T_be_v3D16_eabi.lib : _printfi.c.obj (.text:_ltostr)
                  00011335    00000001     --HOLE-- [fill = 0]
                  00011336    0000009c                                 : memcpy_t2.asm.obj (.text)
                  000113d2    00000002     --HOLE-- [fill = 0]
                  000113d4    00000094     notification.obj (.text)
                  00011468    0000007a     rtsv7R4_T_be_v3D16_eabi.lib : _printfi.c.obj (.text:_mcpy)
                  000114e2    0000007a                                 : memset_t2.asm.obj (.text)
                  0001155c    00000074                                 : s_frexp.c.obj (.text:frexp)
                  000115d0    0000006c                                 : copy_decompress_lzss.c.obj (.text:decompress:lzss:__TI_decompress_lzss)
                  0001163c    00000054                                 : _printfi.c.obj (.text:_ecpy)
                  00011690    00000054                                 : ltoa.c.obj (.text:ltoa)
                  000116e4    00000050                                 : _printfi.c.obj (.text:_pconv_f)
                  00011734    00000050                                 : atoi.c.obj (.text:atoi)
                  00011784    00000044                                 : autoinit.c.obj (.text:__TI_auto_init_nobinit_nopinit:__TI_auto_init_nobinit_nopinit)
                  000117c8    00000040                                 : _printfi.c.obj (.text:_fcpy)
                  00011808    00000040                                 : sprintf.c.obj (.text:sprintf)
                  00011848    0000001e                                 : s_copysign.c.obj (.text:copysign)
                  00011866    0000001c                                 : memccpy.c.obj (.text:memccpy)
                  00011882    0000001a                                 : sprintf.c.obj (.text:_outs)
                  0001189c    00000016                                 : strchr.c.obj (.text:strchr)
                  000118b2    00000016                                 : strlen.c.obj (.text:strlen)
                  000118c8    00000012                                 : wcslen.c.obj (.text:wcslen)
                  000118da    0000000e                                 : copy_decompress_none.c.obj (.text:decompress:none:__TI_decompress_none)
                  000118e8    0000000c                                 : copy_zero_init.c.obj (.text:decompress:ZI:__TI_zero_init)
                  000118f4    0000000a                                 : sprintf.c.obj (.text:_outc)
                  000118fe    00000002     --HOLE-- [fill = 0]
                  00011900    00000008                                 : errno.c.obj (.text:__aeabi_errno_addr)
                  00011908    00000004                                 : exit.c.obj (.text:abort:abort)
                  0001190c    00000004     sys_phantom.obj (.text:retain)
                  00011910    00000004     sys_startup.obj (.text)

.const     0    00011914    00000310     
                  00011914    00000200     sys_vim.obj (.const:s_vim_init)
                  00011b14    00000101     rtsv7R4_T_be_v3D16_eabi.lib : ctype.c.obj (.const:.string:_ctypes_)
                  00011c15    0000000f     main.obj (.const:.string:$P$T0$1)

.kernelBSS 
*          0    08000800    00000104     UNINITIALIZED
                  08000800    000000d0     os_tasks.obj (.kernelBSS:uninit)
                  080008d0    00000034     os_tasks.obj (.kernelBSS:init)

.kernelHEAP 
*          0    08001000    00002000     UNINITIALIZED
                  08001000    00002000     os_heap.obj (.kernelHEAP)

.bss       0    08003000    00000030     UNINITIALIZED
                  08003000    00000028     sci.obj (.bss:g_sciTransfer_t)
                  08003028    00000008     os_heap.obj (.bss:xStart)

.data      0    08003030    00000024     UNINITIALIZED
                  08003030    00000010     os_heap.obj (.data)
                  08003040    00000008     main.obj (.data)
                  08003048    00000008     os_port.obj (.data)
                  08003050    00000004     rtsv7R4_T_be_v3D16_eabi.lib : errno.c.obj (.data)

MODULE SUMMARY

       Module                       code    ro data   rw data
       ------                       ----    -------   -------
    ./
       main.obj                     400     15        8      
    +--+----------------------------+-------+---------+---------+
       Total:                       400     15        8      
                                                             
    ./source/
       os_tasks.obj                 11584   0         260    
       sys_selftest.obj             11484   0         0      
       os_heap.obj                  1528    0         8216   
       os_queue.obj                 4572    0         0      
       sys_vim.obj                  3364    512       0      
       system.obj                   2936    0         0      
       os_mpu_wrappers.obj          2464    0         0      
       pinmux.obj                   2220    0         0      
       os_event_groups.obj          2076    0         0      
       sci.obj                      1976    0         40     
       esm.obj                      1744    0         0      
       errata_SSWF021_45.obj        1636    0         0      
       os_port.obj                  1428    0         8      
       os_portasm.obj               1200    0         0      
       sys_core.obj                 844     0         0      
       sys_startup.obj              660     0         0      
       os_list.obj                  568     0         0      
       dabort.obj                   232     0         0      
       sys_pmu.obj                  224     0         0      
       notification.obj             148     0         0      
       sys_intvecs.obj              32      0         0      
       sys_phantom.obj              4       0         0      
    +--+----------------------------+-------+---------+---------+
       Total:                       52924   512       8524   
                                                             
    /Applications/ti/ccs910/ccs/tools/compiler/ti-cgt-arm_18.12.3.LTS/lib/rtsv7R4_T_be_v3D16_eabi.lib
       _printfi.c.obj               4669    0         0      
       ull_div32.asm.obj            696     0         0      
       ctype.c.obj                  0       257       0      
       s_scalbn.c.obj               240     0         0      
       s_floor.c.obj                224     0         0      
       memcpy_t2.asm.obj            156     0         0      
       memset_t2.asm.obj            122     0         0      
       s_frexp.c.obj                116     0         0      
       copy_decompress_lzss.c.obj   108     0         0      
       sprintf.c.obj                100     0         0      
       ltoa.c.obj                   84      0         0      
       atoi.c.obj                   80      0         0      
       autoinit.c.obj               68      0         0      
       s_copysign.c.obj             30      0         0      
       memccpy.c.obj                28      0         0      
       strchr.c.obj                 22      0         0      
       strlen.c.obj                 22      0         0      
       wcslen.c.obj                 18      0         0      
       copy_decompress_none.c.obj   14      0         0      
       copy_zero_init.c.obj         12      0         0      
       errno.c.obj                  8       0         4      
       exit.c.obj                   4       0         0      
    +--+----------------------------+-------+---------+---------+
       Total:                       6821    257       4      
                                                             
       Linker Generated:            0       81        0      
    +--+----------------------------+-------+---------+---------+
       Grand Total:                 60145   865       8536   


LINKER GENERATED COPY TABLES

__TI_cinit_table @ 00005240 records: 4, size/record: 8, table size: 32
	.data: load addr=00005208, load size=0000000c bytes, run addr=08003030, run size=00000024 bytes, compression=lzss
	.kernelBSS: load addr=00005220, load size=00000009 bytes, run addr=08000800, run size=00000104 bytes, compression=lzss
	.bss: load addr=00005230, load size=00000008 bytes, run addr=08003000, run size=00000030 bytes, compression=zero_init
	.kernelHEAP: load addr=00005238, load size=00000008 bytes, run addr=08001000, run size=00002000 bytes, compression=zero_init


LINKER GENERATED HANDLER TABLE

__TI_handler_table @ 00005214 records: 3, size/record: 4, table size: 12
	index: 0, handler: __TI_decompress_lzss
	index: 1, handler: __TI_decompress_none
	index: 2, handler: __TI_zero_init


GLOBAL SYMBOLS: SORTED ALPHABETICALLY BY Name 

address   name                                  
-------   ----                                  
00011909  C$$EXIT                               
0000cee8  MPU_eTaskGetState                     
0000d050  MPU_pcTaskGetName                     
0000d130  MPU_pvTaskGetThreadLocalStoragePointer
0000d248  MPU_ulTaskNotifyTake                  
0000d404  MPU_uxQueueMessagesWaiting            
0000d438  MPU_uxQueueSpacesAvailable            
0000d024  MPU_uxTaskGetNumberOfTasks            
0000d0b8  MPU_uxTaskGetStackHighWaterMark       
0000ceb4  MPU_uxTaskPriorityGet                 
0000d68c  MPU_vEventGroupDelete                 
0000d46c  MPU_vQueueDelete                      
0000cdc0  MPU_vTaskAllocateMPURegions           
0000ce20  MPU_vTaskDelay                        
0000ce4c  MPU_vTaskDelayUntil                   
0000cdf4  MPU_vTaskDelete                       
0000cf1c  MPU_vTaskPrioritySet                  
0000cf7c  MPU_vTaskResume                       
0000d0ec  MPU_vTaskSetThreadLocalStoragePointer 
0000d2c0  MPU_vTaskSetTimeOutState              
0000cf50  MPU_vTaskSuspend                      
0000cfa8  MPU_vTaskSuspendAll                   
0000d5b0  MPU_xEventGroupClearBits              
0000d528  MPU_xEventGroupCreate                 
0000d5f4  MPU_xEventGroupSetBits                
0000d638  MPU_xEventGroupSync                   
0000d554  MPU_xEventGroupWaitBits               
0000d498  MPU_xQueueGenericCreate               
0000d3b0  MPU_xQueueGenericReceive              
0000d4e4  MPU_xQueueGenericReset                
0000d35c  MPU_xQueueGenericSend                 
0000ce80  MPU_xTaskAbortDelay                   
0000d2ec  MPU_xTaskCheckForTimeOut              
0000cd18  MPU_xTaskCreate                       
0000cd7c  MPU_xTaskCreateRestricted             
0000d1a0  MPU_xTaskGenericNotify                
0000d084  MPU_xTaskGetHandle                    
0000d174  MPU_xTaskGetIdleTaskHandle            
0000d330  MPU_xTaskGetSchedulerState            
0000cff8  MPU_xTaskGetTickCount                 
0000d28c  MPU_xTaskNotifyStateClear             
0000d1f4  MPU_xTaskNotifyWait                   
0000cfcc  MPU_xTaskResumeAll                    
UNDEFED   SHT$$INIT_ARRAY$$Base                 
UNDEFED   SHT$$INIT_ARRAY$$Limit                
00005240  __TI_CINIT_Base                       
00005260  __TI_CINIT_Limit                      
00005214  __TI_Handler_Table_Base               
00005220  __TI_Handler_Table_Limit              
0000f680  __TI_PINIT_Base                       
0000f684  __TI_PINIT_Limit                      
00011785  __TI_auto_init_nobinit_nopinit        
000115d1  __TI_decompress_lzss                  
000118db  __TI_decompress_none                  
ffffffff  __TI_pprof_out_hndl                   
0000c2cd  __TI_printfi                          
ffffffff  __TI_prof_data_size                   
ffffffff  __TI_prof_data_start                  
00000000  __TI_static_base__                    
000118e9  __TI_zero_init                        
00011901  __aeabi_errno_addr                    
000114e3  __aeabi_memclr                        
000114e3  __aeabi_memclr4                       
000114e3  __aeabi_memclr8                       
00011337  __aeabi_memcpy                        
00011337  __aeabi_memcpy4                       
00011337  __aeabi_memcpy8                       
000114e5  __aeabi_memset                        
000114e5  __aeabi_memset4                       
000114e5  __aeabi_memset8                       
0000f954  __aeabi_uldivmod                      
ffffffff  __binit__                             
ffffffff  __c_args__                            
0000fc0c  _c_int00                              
0000f598  _coreClearAuxiliaryDataFault_         
0000f5ac  _coreClearAuxiliaryInstructionFault_  
0000f570  _coreClearDataFaultAddress_           
0000f548  _coreClearDataFault_                  
0000f584  _coreClearInstructionFaultAddress_    
0000f55c  _coreClearInstructionFault_           
0000f4dc  _coreDisableEventBusExport_           
0000f520  _coreDisableFlashEcc_                 
0000f4fc  _coreDisableRamEcc_                   
0000f4cc  _coreEnableEventBusExport_            
0000f50c  _coreEnableFlashEcc_                  
0000f530  _coreEnableIrqVicOffset_              
0000f4ec  _coreEnableRamEcc_                    
0000f4b4  _coreEnableVfp_                       
0000f590  _coreGetAuxiliaryDataFault_           
0000f5a4  _coreGetAuxiliaryInstructionFault_    
0000f568  _coreGetDataFaultAddress_             
0000f540  _coreGetDataFault_                    
0000f57c  _coreGetInstructionFaultAddress_      
0000f554  _coreGetInstructionFault_             
0000f33c  _coreInitRegisters_                   
0000f448  _coreInitStackPointer_                
00011b14  _ctypes_                              
00010fe0  _dabort                               
0000f5c0  _disable_FIQ_interrupt_               
0000f5c8  _disable_IRQ_interrupt_               
0000f5b8  _disable_interrupt_                   
0000f5d0  _enable_interrupt_                    
0000f660  _errata_CORTEXR4_57_                  
0000f670  _errata_CORTEXR4_66_                  
0000e71c  _errata_SSWF021_45_both_plls          
0000e910  _errata_SSWF021_45_pll1               
0000ea88  _errata_SSWF021_45_pll2               
0000f5d8  _esmCcmErrorsClear_                   
0000f494  _getCPSRValue_                        
0000f49c  _gotoCPUIdle_                         
00011204  _pmuDisableCountersGlobal_            
000111f4  _pmuEnableCountersGlobal_             
00011260  _pmuGetCycleCount_                    
00011268  _pmuGetEventCount_                    
00011274  _pmuGetOverflow_                      
000111a8  _pmuInit_                             
00011234  _pmuResetCounters_                    
00011214  _pmuResetCycleCounter_                
00011224  _pmuResetEventCounters_               
00011254  _pmuSetCountEvent_                    
00011244  _pmuStartCounters_                    
0001124c  _pmuStopCounters_                     
UNDEFED   _system_post_cinit                    
00011909  abort                                 
0000926c  adc1ParityCheck                       
00009358  adc2ParityCheck                       
00011735  atoi                                  
ffffffff  binit                                 
00009410  can1ParityCheck                       
000094e8  can2ParityCheck                       
000095b0  can3ParityCheck                       
00008030  ccmSelfCheck                          
0000a6fc  ccmr4GetConfigValue                   
00008938  checkB0RAMECC                         
00008b28  checkB1RAMECC                         
00009c18  checkClockMonitor                     
00008d18  checkFlashECC                         
00009cf4  checkFlashEEPROMECC                   
00009e8c  checkPLL1Slip                         
00009f8c  checkPLL2Slip                         
0000a050  checkRAMAddrParity                    
000099d0  checkRAMECC                           
0000a15c  checkRAMUERRTest                      
000087bc  checkefcSelfTest                      
00011849  copysign                              
00011849  copysignl                             
00008234  cpuSelfTest                           
00008dfc  cpuSelfTestFail                       
0000b794  customTrimLPO                         
00008df4  custom_dabort                         
0000ab58  disableParity                         
00011454  dmaGroupANotification                 
00008eac  dmaParityCheck                        
00001f18  eTaskConfirmSleepModeStatus           
00000890  eTaskGetState                         
00008660  efcCheck                              
0000a660  efcGetConfigValue                     
00008794  efcSelfTest                           
000086e8  efcStuckZeroTest                      
0000aad0  enableParity                          
0000a76c  errata_PBIST_4                        
08003050  errno                                 
0000ef04  esmActivateNormalOperation            
0000efd8  esmClearStatus                        
0000f018  esmClearStatusBuffer                  
0000eecc  esmDisableError                       
0000ef3c  esmDisableInterrupt                   
0000eea4  esmEnableError                        
0000ef14  esmEnableInterrupt                    
0000f110  esmEnterSelfTest                      
0000ee88  esmError                              
0000f1e8  esmGetConfigValue                     
0000f054  esmGetStatus                          
0000f0d8  esmGetStatusBuffer                    
000113d4  esmGroup1Notification                 
000113e4  esmGroup2Notification                 
00010bdc  esmHighInterrupt                      
0000ed80  esmInit                               
0000f198  esmSelfTestStatus                     
0000f034  esmSetCounterPreloadValue             
0000ef64  esmSetInterruptLevel                  
0000eef4  esmTriggerErrorPinReset               
000110c9  floor                                 
000110c9  floorl                                
0000a2c4  fmcBus1ParityCheck                    
0000885c  fmcBus2Check                          
00008898  fmcECCcheck                           
0001155d  frexp                                 
0001155d  frexpl                                
0001142c  gioNotification                       
00011910  handlePLLLockFail                     
00008f58  het1ParityCheck                       
000090c0  het2ParityCheck                       
00009004  htu1ParityCheck                       
000091bc  htu2ParityCheck                       
00010ef1  ldexp                                 
00010ef1  ldexpl                                
00011691  ltoa                                  
000109b4  main                                  
0000ae6c  mapClocks                             
00011867  memccpy                               
00011337  memcpy                                
00008174  memoryInit                            
000113f4  memoryPort0TestFailNotification       
00011410  memoryPort1TestFailNotification       
000114eb  memset                                
00009684  mibspi1ParityCheck                    
0000978c  mibspi3ParityCheck                    
000098b0  mibspi5ParityCheck                    
0000d6b8  muxInit                               
0000a3ec  pbistFail                             
0000a470  pbistGetConfigValue                   
000085a8  pbistIsTestCompleted                  
000085d4  pbistIsTestPassed                     
00008608  pbistPortTestStatus                   
000084ac  pbistRun                              
000082cc  pbistSelfCheck                        
00008578  pbistStop                             
00001354  pcTaskGetName                         
0000ae18  periphInit                            
0001190c  phantomInterrupt                      
0000db54  pinmuxGetConfigValue                  
00004a7c  prvMpuDisable                         
00004a64  prvMpuEnable                          
00004a4c  prvMpuSetRegion                       
00004e84  pvPortMalloc                          
00001ff8  pvTaskGetThreadLocalStoragePointer    
080008d0  pxCurrentTCB                          
00004aa4  pxPortInitialiseStack                 
00000000  resetEntry                            
00010ef1  scalbn                                
00010ef1  scalbnl                               
0000e42c  sciDisableLoopback                    
0000e4b8  sciDisableNotification                
0000e3f8  sciEnableLoopback                     
0000e450  sciEnableNotification                 
0000e520  sciEnterResetState                    
0000e540  sciExitResetState                     
0000df64  sciInit                               
0000e2a8  sciIsIdleDetected                     
0000e28c  sciIsRxReady                          
0000e10c  sciIsTxReady                          
00011440  sciNotification                       
0000e320  sciReceive                            
0000e2f4  sciReceiveByte                        
0000e2c4  sciRxError                            
0000e158  sciSend                               
0000e128  sciSendByte                           
0000e070  sciSetBaudrate                        
0000e050  sciSetFunctional                      
0000e560  scilinGetConfigValue                  
00008020  selftestFailNotification              
0000add8  setupFlash                            
0000acfc  setupPLL                              
00011809  sprintf                               
0000b658  sramGetConfigValue                    
0000a5bc  stcGetConfigValue                     
000081b8  stcSelfCheck                          
00008df8  stcSelfCheckFail                      
0001189d  strchr                                
000118b3  strlen                                
0000b090  systemGetConfigValue                  
0000af94  systemInit                            
0000b060  systemPowerDown                       
000108e8  task1                                 
08003040  task1Handler                          
00010968  task2                                 
08003044  task2Handler                          
0000b4ac  tcmflashGetConfigValue                
0000ad5c  trimLPO                               
08003048  ulCriticalNesting                     
00004974  ulPortCountLeadingZeros               
0800304c  ulTaskHasFPUContext                   
00002390  ulTaskNotifyTake                      
00010508  uxListRemove                          
00003910  uxQueueMessagesWaiting                
00003994  uxQueueMessagesWaitingFromISR         
00003948  uxQueueSpacesAvailable                
00001348  uxTaskGetNumberOfTasks                
0000223c  uxTaskGetStackHighWaterMark           
00000994  uxTaskPriorityGet                     
000009d8  uxTaskPriorityGetFromISR              
00002354  uxTaskResetEventItemValue             
0000456c  vEventGroupClearBitsCallback          
000044cc  vEventGroupDelete                     
00004550  vEventGroupSetBitsCallback            
0001035c  vListInitialise                       
000103b4  vListInitialiseItem                   
00010444  vListInsert                           
000103d0  vListInsertEnd                        
00004e50  vPortEndScheduler                     
000050dc  vPortFree                             
000051ec  vPortInitialiseBlocks                 
00004968  vPortInitialiseFPSCR                  
00004868  vPortPreemptiveTick                   
0000497c  vPortSWI                              
000045f8  vPortStartFirstTask                   
00004bb8  vPortStoreTaskMPUSettings             
00004774  vPortYeildWithinAPI                   
00004688  vPortYieldProcessor                   
000039c4  vQueueDelete                          
00002064  vTaskAllocateMPURegions               
0000080c  vTaskDelay                            
000006a0  vTaskDelayUntil                       
00000538  vTaskDelete                           
00001084  vTaskEndScheduler                     
00001f08  vTaskMissedYield                      
00002954  vTaskNotifyGiveFromISR                
00001ad0  vTaskPlaceOnEventList                 
00001b14  vTaskPlaceOnUnorderedEventList        
00000a20  vTaskPrioritySet                      
00000e20  vTaskResume                           
00001f94  vTaskSetThreadLocalStoragePointer     
00001d90  vTaskSetTimeOutState                  
00000fec  vTaskStartScheduler                   
0000166c  vTaskStepTick                         
00000c18  vTaskSuspend                          
000010a0  vTaskSuspendAll                       
000019f0  vTaskSwitchContext                    
0000b948  vimChannelMap                         
0000bbb4  vimDisableInterrupt                   
0000b9ec  vimEnableInterrupt                    
0000bc60  vimGetConfigValue                     
0000b874  vimInit                               
00008e00  vimParityCheck                        
0000f688  vimParityErrorHandler                 
000118c9  wcslen                                
00004268  xEventGroupClearBits                  
00003dd8  xEventGroupCreate                     
000042ec  xEventGroupGetBitsFromISR             
0000431c  xEventGroupSetBits                    
00003e14  xEventGroupSync                       
00004014  xEventGroupWaitBits                   
000051d4  xPortGetFreeHeapSize                  
000051e0  xPortGetMinimumEverFreeHeapSize       
00004e2c  xPortStartScheduler                   
00002d24  xQueueGenericCreate                   
000033fc  xQueueGenericReceive                  
00002bfc  xQueueGenericReset                    
00002e40  xQueueGenericSend                     
00003100  xQueueGenericSendFromISR              
00003290  xQueueGiveFromISR                     
00003cfc  xQueueIsQueueEmptyFromISR             
00003d88  xQueueIsQueueFullFromISR              
0000381c  xQueuePeekFromISR                     
000036d4  xQueueReceiveFromISR                  
000016c8  xTaskAbortDelay                       
00001dd0  xTaskCheckForTimeOut                  
000000fc  xTaskCreate                           
00000020  xTaskCreateRestricted                 
00002580  xTaskGenericNotify                    
00002754  xTaskGenericNotifyFromISR             
0000152c  xTaskGetHandle                        
00001634  xTaskGetIdleTaskHandle                
00002304  xTaskGetSchedulerState                
00001308  xTaskGetTickCount                     
00001324  xTaskGetTickCountFromISR              
000017c8  xTaskIncrementTick                    
00010b60  xTaskNotifyStateClear                 
00002468  xTaskNotifyWait                       
00001b98  xTaskRemoveFromEventList              
00001c88  xTaskRemoveFromUnorderedEventList     
00001158  xTaskResumeAll                        
00000f04  xTaskResumeFromISR                    


GLOBAL SYMBOLS: SORTED BY Symbol Address 

address   name                                  
-------   ----                                  
00000000  __TI_static_base__                    
00000000  resetEntry                            
00000020  xTaskCreateRestricted                 
000000fc  xTaskCreate                           
00000538  vTaskDelete                           
000006a0  vTaskDelayUntil                       
0000080c  vTaskDelay                            
00000890  eTaskGetState                         
00000994  uxTaskPriorityGet                     
000009d8  uxTaskPriorityGetFromISR              
00000a20  vTaskPrioritySet                      
00000c18  vTaskSuspend                          
00000e20  vTaskResume                           
00000f04  xTaskResumeFromISR                    
00000fec  vTaskStartScheduler                   
00001084  vTaskEndScheduler                     
000010a0  vTaskSuspendAll                       
00001158  xTaskResumeAll                        
00001308  xTaskGetTickCount                     
00001324  xTaskGetTickCountFromISR              
00001348  uxTaskGetNumberOfTasks                
00001354  pcTaskGetName                         
0000152c  xTaskGetHandle                        
00001634  xTaskGetIdleTaskHandle                
0000166c  vTaskStepTick                         
000016c8  xTaskAbortDelay                       
000017c8  xTaskIncrementTick                    
000019f0  vTaskSwitchContext                    
00001ad0  vTaskPlaceOnEventList                 
00001b14  vTaskPlaceOnUnorderedEventList        
00001b98  xTaskRemoveFromEventList              
00001c88  xTaskRemoveFromUnorderedEventList     
00001d90  vTaskSetTimeOutState                  
00001dd0  xTaskCheckForTimeOut                  
00001f08  vTaskMissedYield                      
00001f18  eTaskConfirmSleepModeStatus           
00001f94  vTaskSetThreadLocalStoragePointer     
00001ff8  pvTaskGetThreadLocalStoragePointer    
00002064  vTaskAllocateMPURegions               
0000223c  uxTaskGetStackHighWaterMark           
00002304  xTaskGetSchedulerState                
00002354  uxTaskResetEventItemValue             
00002390  ulTaskNotifyTake                      
00002468  xTaskNotifyWait                       
00002580  xTaskGenericNotify                    
00002754  xTaskGenericNotifyFromISR             
00002954  vTaskNotifyGiveFromISR                
00002bfc  xQueueGenericReset                    
00002d24  xQueueGenericCreate                   
00002e40  xQueueGenericSend                     
00003100  xQueueGenericSendFromISR              
00003290  xQueueGiveFromISR                     
000033fc  xQueueGenericReceive                  
000036d4  xQueueReceiveFromISR                  
0000381c  xQueuePeekFromISR                     
00003910  uxQueueMessagesWaiting                
00003948  uxQueueSpacesAvailable                
00003994  uxQueueMessagesWaitingFromISR         
000039c4  vQueueDelete                          
00003cfc  xQueueIsQueueEmptyFromISR             
00003d88  xQueueIsQueueFullFromISR              
00003dd8  xEventGroupCreate                     
00003e14  xEventGroupSync                       
00004014  xEventGroupWaitBits                   
00004268  xEventGroupClearBits                  
000042ec  xEventGroupGetBitsFromISR             
0000431c  xEventGroupSetBits                    
000044cc  vEventGroupDelete                     
00004550  vEventGroupSetBitsCallback            
0000456c  vEventGroupClearBitsCallback          
000045f8  vPortStartFirstTask                   
00004688  vPortYieldProcessor                   
00004774  vPortYeildWithinAPI                   
00004868  vPortPreemptiveTick                   
00004968  vPortInitialiseFPSCR                  
00004974  ulPortCountLeadingZeros               
0000497c  vPortSWI                              
00004a4c  prvMpuSetRegion                       
00004a64  prvMpuEnable                          
00004a7c  prvMpuDisable                         
00004aa4  pxPortInitialiseStack                 
00004bb8  vPortStoreTaskMPUSettings             
00004e2c  xPortStartScheduler                   
00004e50  vPortEndScheduler                     
00004e84  pvPortMalloc                          
000050dc  vPortFree                             
000051d4  xPortGetFreeHeapSize                  
000051e0  xPortGetMinimumEverFreeHeapSize       
000051ec  vPortInitialiseBlocks                 
00005214  __TI_Handler_Table_Base               
00005220  __TI_Handler_Table_Limit              
00005240  __TI_CINIT_Base                       
00005260  __TI_CINIT_Limit                      
00008020  selftestFailNotification              
00008030  ccmSelfCheck                          
00008174  memoryInit                            
000081b8  stcSelfCheck                          
00008234  cpuSelfTest                           
000082cc  pbistSelfCheck                        
000084ac  pbistRun                              
00008578  pbistStop                             
000085a8  pbistIsTestCompleted                  
000085d4  pbistIsTestPassed                     
00008608  pbistPortTestStatus                   
00008660  efcCheck                              
000086e8  efcStuckZeroTest                      
00008794  efcSelfTest                           
000087bc  checkefcSelfTest                      
0000885c  fmcBus2Check                          
00008898  fmcECCcheck                           
00008938  checkB0RAMECC                         
00008b28  checkB1RAMECC                         
00008d18  checkFlashECC                         
00008df4  custom_dabort                         
00008df8  stcSelfCheckFail                      
00008dfc  cpuSelfTestFail                       
00008e00  vimParityCheck                        
00008eac  dmaParityCheck                        
00008f58  het1ParityCheck                       
00009004  htu1ParityCheck                       
000090c0  het2ParityCheck                       
000091bc  htu2ParityCheck                       
0000926c  adc1ParityCheck                       
00009358  adc2ParityCheck                       
00009410  can1ParityCheck                       
000094e8  can2ParityCheck                       
000095b0  can3ParityCheck                       
00009684  mibspi1ParityCheck                    
0000978c  mibspi3ParityCheck                    
000098b0  mibspi5ParityCheck                    
000099d0  checkRAMECC                           
00009c18  checkClockMonitor                     
00009cf4  checkFlashEEPROMECC                   
00009e8c  checkPLL1Slip                         
00009f8c  checkPLL2Slip                         
0000a050  checkRAMAddrParity                    
0000a15c  checkRAMUERRTest                      
0000a2c4  fmcBus1ParityCheck                    
0000a3ec  pbistFail                             
0000a470  pbistGetConfigValue                   
0000a5bc  stcGetConfigValue                     
0000a660  efcGetConfigValue                     
0000a6fc  ccmr4GetConfigValue                   
0000a76c  errata_PBIST_4                        
0000aad0  enableParity                          
0000ab58  disableParity                         
0000acfc  setupPLL                              
0000ad5c  trimLPO                               
0000add8  setupFlash                            
0000ae18  periphInit                            
0000ae6c  mapClocks                             
0000af94  systemInit                            
0000b060  systemPowerDown                       
0000b090  systemGetConfigValue                  
0000b4ac  tcmflashGetConfigValue                
0000b658  sramGetConfigValue                    
0000b794  customTrimLPO                         
0000b874  vimInit                               
0000b948  vimChannelMap                         
0000b9ec  vimEnableInterrupt                    
0000bbb4  vimDisableInterrupt                   
0000bc60  vimGetConfigValue                     
0000c2cd  __TI_printfi                          
0000cd18  MPU_xTaskCreate                       
0000cd7c  MPU_xTaskCreateRestricted             
0000cdc0  MPU_vTaskAllocateMPURegions           
0000cdf4  MPU_vTaskDelete                       
0000ce20  MPU_vTaskDelay                        
0000ce4c  MPU_vTaskDelayUntil                   
0000ce80  MPU_xTaskAbortDelay                   
0000ceb4  MPU_uxTaskPriorityGet                 
0000cee8  MPU_eTaskGetState                     
0000cf1c  MPU_vTaskPrioritySet                  
0000cf50  MPU_vTaskSuspend                      
0000cf7c  MPU_vTaskResume                       
0000cfa8  MPU_vTaskSuspendAll                   
0000cfcc  MPU_xTaskResumeAll                    
0000cff8  MPU_xTaskGetTickCount                 
0000d024  MPU_uxTaskGetNumberOfTasks            
0000d050  MPU_pcTaskGetName                     
0000d084  MPU_xTaskGetHandle                    
0000d0b8  MPU_uxTaskGetStackHighWaterMark       
0000d0ec  MPU_vTaskSetThreadLocalStoragePointer 
0000d130  MPU_pvTaskGetThreadLocalStoragePointer
0000d174  MPU_xTaskGetIdleTaskHandle            
0000d1a0  MPU_xTaskGenericNotify                
0000d1f4  MPU_xTaskNotifyWait                   
0000d248  MPU_ulTaskNotifyTake                  
0000d28c  MPU_xTaskNotifyStateClear             
0000d2c0  MPU_vTaskSetTimeOutState              
0000d2ec  MPU_xTaskCheckForTimeOut              
0000d330  MPU_xTaskGetSchedulerState            
0000d35c  MPU_xQueueGenericSend                 
0000d3b0  MPU_xQueueGenericReceive              
0000d404  MPU_uxQueueMessagesWaiting            
0000d438  MPU_uxQueueSpacesAvailable            
0000d46c  MPU_vQueueDelete                      
0000d498  MPU_xQueueGenericCreate               
0000d4e4  MPU_xQueueGenericReset                
0000d528  MPU_xEventGroupCreate                 
0000d554  MPU_xEventGroupWaitBits               
0000d5b0  MPU_xEventGroupClearBits              
0000d5f4  MPU_xEventGroupSetBits                
0000d638  MPU_xEventGroupSync                   
0000d68c  MPU_vEventGroupDelete                 
0000d6b8  muxInit                               
0000db54  pinmuxGetConfigValue                  
0000df64  sciInit                               
0000e050  sciSetFunctional                      
0000e070  sciSetBaudrate                        
0000e10c  sciIsTxReady                          
0000e128  sciSendByte                           
0000e158  sciSend                               
0000e28c  sciIsRxReady                          
0000e2a8  sciIsIdleDetected                     
0000e2c4  sciRxError                            
0000e2f4  sciReceiveByte                        
0000e320  sciReceive                            
0000e3f8  sciEnableLoopback                     
0000e42c  sciDisableLoopback                    
0000e450  sciEnableNotification                 
0000e4b8  sciDisableNotification                
0000e520  sciEnterResetState                    
0000e540  sciExitResetState                     
0000e560  scilinGetConfigValue                  
0000e71c  _errata_SSWF021_45_both_plls          
0000e910  _errata_SSWF021_45_pll1               
0000ea88  _errata_SSWF021_45_pll2               
0000ed80  esmInit                               
0000ee88  esmError                              
0000eea4  esmEnableError                        
0000eecc  esmDisableError                       
0000eef4  esmTriggerErrorPinReset               
0000ef04  esmActivateNormalOperation            
0000ef14  esmEnableInterrupt                    
0000ef3c  esmDisableInterrupt                   
0000ef64  esmSetInterruptLevel                  
0000efd8  esmClearStatus                        
0000f018  esmClearStatusBuffer                  
0000f034  esmSetCounterPreloadValue             
0000f054  esmGetStatus                          
0000f0d8  esmGetStatusBuffer                    
0000f110  esmEnterSelfTest                      
0000f198  esmSelfTestStatus                     
0000f1e8  esmGetConfigValue                     
0000f33c  _coreInitRegisters_                   
0000f448  _coreInitStackPointer_                
0000f494  _getCPSRValue_                        
0000f49c  _gotoCPUIdle_                         
0000f4b4  _coreEnableVfp_                       
0000f4cc  _coreEnableEventBusExport_            
0000f4dc  _coreDisableEventBusExport_           
0000f4ec  _coreEnableRamEcc_                    
0000f4fc  _coreDisableRamEcc_                   
0000f50c  _coreEnableFlashEcc_                  
0000f520  _coreDisableFlashEcc_                 
0000f530  _coreEnableIrqVicOffset_              
0000f540  _coreGetDataFault_                    
0000f548  _coreClearDataFault_                  
0000f554  _coreGetInstructionFault_             
0000f55c  _coreClearInstructionFault_           
0000f568  _coreGetDataFaultAddress_             
0000f570  _coreClearDataFaultAddress_           
0000f57c  _coreGetInstructionFaultAddress_      
0000f584  _coreClearInstructionFaultAddress_    
0000f590  _coreGetAuxiliaryDataFault_           
0000f598  _coreClearAuxiliaryDataFault_         
0000f5a4  _coreGetAuxiliaryInstructionFault_    
0000f5ac  _coreClearAuxiliaryInstructionFault_  
0000f5b8  _disable_interrupt_                   
0000f5c0  _disable_FIQ_interrupt_               
0000f5c8  _disable_IRQ_interrupt_               
0000f5d0  _enable_interrupt_                    
0000f5d8  _esmCcmErrorsClear_                   
0000f660  _errata_CORTEXR4_57_                  
0000f670  _errata_CORTEXR4_66_                  
0000f680  __TI_PINIT_Base                       
0000f684  __TI_PINIT_Limit                      
0000f688  vimParityErrorHandler                 
0000f954  __aeabi_uldivmod                      
0000fc0c  _c_int00                              
0001035c  vListInitialise                       
000103b4  vListInitialiseItem                   
000103d0  vListInsertEnd                        
00010444  vListInsert                           
00010508  uxListRemove                          
000108e8  task1                                 
00010968  task2                                 
000109b4  main                                  
00010b60  xTaskNotifyStateClear                 
00010bdc  esmHighInterrupt                      
00010ef1  ldexp                                 
00010ef1  ldexpl                                
00010ef1  scalbn                                
00010ef1  scalbnl                               
00010fe0  _dabort                               
000110c9  floor                                 
000110c9  floorl                                
000111a8  _pmuInit_                             
000111f4  _pmuEnableCountersGlobal_             
00011204  _pmuDisableCountersGlobal_            
00011214  _pmuResetCycleCounter_                
00011224  _pmuResetEventCounters_               
00011234  _pmuResetCounters_                    
00011244  _pmuStartCounters_                    
0001124c  _pmuStopCounters_                     
00011254  _pmuSetCountEvent_                    
00011260  _pmuGetCycleCount_                    
00011268  _pmuGetEventCount_                    
00011274  _pmuGetOverflow_                      
00011337  __aeabi_memcpy                        
00011337  __aeabi_memcpy4                       
00011337  __aeabi_memcpy8                       
00011337  memcpy                                
000113d4  esmGroup1Notification                 
000113e4  esmGroup2Notification                 
000113f4  memoryPort0TestFailNotification       
00011410  memoryPort1TestFailNotification       
0001142c  gioNotification                       
00011440  sciNotification                       
00011454  dmaGroupANotification                 
000114e3  __aeabi_memclr                        
000114e3  __aeabi_memclr4                       
000114e3  __aeabi_memclr8                       
000114e5  __aeabi_memset                        
000114e5  __aeabi_memset4                       
000114e5  __aeabi_memset8                       
000114eb  memset                                
0001155d  frexp                                 
0001155d  frexpl                                
000115d1  __TI_decompress_lzss                  
00011691  ltoa                                  
00011735  atoi                                  
00011785  __TI_auto_init_nobinit_nopinit        
00011809  sprintf                               
00011849  copysign                              
00011849  copysignl                             
00011867  memccpy                               
0001189d  strchr                                
000118b3  strlen                                
000118c9  wcslen                                
000118db  __TI_decompress_none                  
000118e9  __TI_zero_init                        
00011901  __aeabi_errno_addr                    
00011909  C$$EXIT                               
00011909  abort                                 
0001190c  phantomInterrupt                      
00011910  handlePLLLockFail                     
00011b14  _ctypes_                              
080008d0  pxCurrentTCB                          
08003040  task1Handler                          
08003044  task2Handler                          
08003048  ulCriticalNesting                     
0800304c  ulTaskHasFPUContext                   
08003050  errno                                 
ffffffff  __TI_pprof_out_hndl                   
ffffffff  __TI_prof_data_size                   
ffffffff  __TI_prof_data_start                  
ffffffff  __binit__                             
ffffffff  __c_args__                            
ffffffff  binit                                 
UNDEFED   SHT$$INIT_ARRAY$$Base                 
UNDEFED   SHT$$INIT_ARRAY$$Limit                
UNDEFED   _system_post_cinit                    

[364 symbols]
